Archive member included to satisfy reference by file (symbol)

librtos.a(port.c.obj)         CMakeFiles/main.elf.dir/src/stm32f2xx_it.c.obj (xPortSysTickHandler)
librtos.a(heap_4.c.obj)       CMakeFiles/main.elf.dir/src/TCPEchoServer.c.obj (pvPortMalloc)
librtos.a(queue.c.obj)        CMakeFiles/main.elf.dir/src/rtos_portable.c.obj (xQueueGenericCreate)
librtos.a(tasks.c.obj)        librtos.a(port.c.obj) (pxCurrentTCB)
librtos.a(timers.c.obj)       librtos.a(tasks.c.obj) (xTimerCreateTimerTask)
librtos.a(FreeRTOS_DNS.c.obj)
                              CMakeFiles/main.elf.dir/components/FreeRTOS/FreeRTOS-Plus/Source/Application-Protocols/network_transport/sockets_wrapper/freertos_plus_tcp/sockets_wrapper.c.obj (FreeRTOS_gethostbyname)
librtos.a(FreeRTOS_IP.c.obj)  librtos.a(FreeRTOS_DNS.c.obj) (usPacketIdentifier)
librtos.a(FreeRTOS_Sockets.c.obj)
                              librtos.a(FreeRTOS_IP.c.obj) (vNetworkSocketsInit)
librtos.a(FreeRTOS_Stream_Buffer.c.obj)
                              librtos.a(FreeRTOS_Sockets.c.obj) (uxStreamBufferGetSpace)
librtos.a(FreeRTOS_TCP_IP.c.obj)
                              librtos.a(FreeRTOS_IP.c.obj) (vSocketCloseNextTime)
librtos.a(FreeRTOS_TCP_WIN.c.obj)
                              librtos.a(FreeRTOS_Sockets.c.obj) (xTCPWindowLoggingLevel)
librtos.a(FreeRTOS_UDP_IP.c.obj)
                              librtos.a(FreeRTOS_DNS.c.obj) (xDefaultPartUDPPacketHeader)
librtos.a(BufferAllocation_1.c.obj)
                              librtos.a(FreeRTOS_DNS.c.obj) (xBufferAllocFixedSize)
librtos.a(NetworkInterface.c.obj)
                              librtos.a(FreeRTOS_IP.c.obj) (xNetworkInterfaceInitialise)
librtos.a(event_groups.c.obj)
                              librtos.a(FreeRTOS_Sockets.c.obj) (xEventGroupCreate)
librtos.a(list.c.obj)         librtos.a(queue.c.obj) (vListInitialise)
librtos.a(FreeRTOS_ARP.c.obj)
                              librtos.a(FreeRTOS_IP.c.obj) (eARPProcessPacket)
librtos.a(phyHandling.c.obj)  librtos.a(NetworkInterface.c.obj) (vPhyInitialise)
libhal.a(stm32fxx_hal_eth.c.obj)
                              CMakeFiles/main.elf.dir/home/kjuszcza/magisterka/board_config/src/board_config.c.obj (HAL_ETH_Init)
libhal.a(stm32f2xx_hal.c.obj)
                              CMakeFiles/main.elf.dir/home/kjuszcza/magisterka/board_config/src/board_config.c.obj (HAL_Init)
libhal.a(stm32f2xx_hal_cortex.c.obj)
                              libhal.a(stm32f2xx_hal.c.obj) (HAL_NVIC_SetPriorityGrouping)
libhal.a(stm32f2xx_hal_dma.c.obj)
                              CMakeFiles/main.elf.dir/home/kjuszcza/magisterka/board_config/src/hal_msp.c.obj (HAL_DMA_Init)
libhal.a(stm32f2xx_hal_gpio.c.obj)
                              CMakeFiles/main.elf.dir/home/kjuszcza/magisterka/board_config/src/board_config.c.obj (HAL_GPIO_Init)
libhal.a(stm32f2xx_hal_rcc.c.obj)
                              CMakeFiles/main.elf.dir/home/kjuszcza/magisterka/board_config/src/board_config.c.obj (HAL_RCC_OscConfig)
libhal.a(stm32f2xx_hal_tim.c.obj)
                              CMakeFiles/main.elf.dir/home/kjuszcza/magisterka/board_config/src/board_config.c.obj (HAL_TIM_Base_Init)
libhal.a(stm32f2xx_hal_tim_ex.c.obj)
                              libhal.a(stm32f2xx_hal_tim.c.obj) (HAL_TIMEx_HallSensor_MspInit)
libhal.a(stm32f2xx_hal_uart.c.obj)
                              CMakeFiles/main.elf.dir/home/kjuszcza/magisterka/board_config/src/board_config.c.obj (HAL_UART_Init)
/home/kjuszcza/zephyr-sdk-0.13.2/arm-zephyr-eabi/bin/../lib/gcc/arm-zephyr-eabi/10.3.0/thumb/v7-m/nofp/libgcc.a(_arm_truncdfsf2.o)
                              CMakeFiles/main.elf.dir/home/kjuszcza/magisterka/board_config/src/board_config.c.obj (__aeabi_d2f)
/home/kjuszcza/zephyr-sdk-0.13.2/arm-zephyr-eabi/bin/../lib/gcc/arm-zephyr-eabi/10.3.0/thumb/v7-m/nofp/libgcc.a(_arm_cmpsf2.o)
                              CMakeFiles/main.elf.dir/home/kjuszcza/magisterka/board_config/src/board_config.c.obj (__aeabi_fcmpeq)
/home/kjuszcza/zephyr-sdk-0.13.2/arm-zephyr-eabi/bin/../lib/gcc/arm-zephyr-eabi/10.3.0/thumb/v7-m/nofp/libgcc.a(_aeabi_uldivmod.o)
                              CMakeFiles/main.elf.dir/home/kjuszcza/magisterka/board_config/src/board_config.c.obj (__aeabi_uldivmod)
/home/kjuszcza/zephyr-sdk-0.13.2/arm-zephyr-eabi/bin/../lib/gcc/arm-zephyr-eabi/10.3.0/thumb/v7-m/nofp/libgcc.a(_udivmoddi4.o)
                              /home/kjuszcza/zephyr-sdk-0.13.2/arm-zephyr-eabi/bin/../lib/gcc/arm-zephyr-eabi/10.3.0/thumb/v7-m/nofp/libgcc.a(_aeabi_uldivmod.o) (__udivmoddi4)
/home/kjuszcza/zephyr-sdk-0.13.2/arm-zephyr-eabi/bin/../lib/gcc/arm-zephyr-eabi/10.3.0/thumb/v7-m/nofp/libgcc.a(_dvmd_tls.o)
                              /home/kjuszcza/zephyr-sdk-0.13.2/arm-zephyr-eabi/bin/../lib/gcc/arm-zephyr-eabi/10.3.0/thumb/v7-m/nofp/libgcc.a(_aeabi_uldivmod.o) (__aeabi_ldiv0)
[...]
Memory Configuration

Name             Origin             Length             Attributes
FLASH            0x0000000008000000 0x0000000000100000 xr
RAM              0x0000000020000000 0x0000000000020000 xrw
*default*        0x0000000000000000 0xffffffffffffffff

Linker script and memory map

LOAD /home/kjuszcza/zephyr-sdk-0.13.2/arm-zephyr-eabi/bin/../lib/gcc/arm-zephyr-eabi/10.3.0/thumb/v7-m/nofp/crti.o
LOAD /home/kjuszcza/zephyr-sdk-0.13.2/arm-zephyr-eabi/bin/../lib/gcc/arm-zephyr-eabi/10.3.0/thumb/v7-m/nofp/crtbegin.o
LOAD /home/kjuszcza/zephyr-sdk-0.13.2/arm-zephyr-eabi/bin/../lib/gcc/arm-zephyr-eabi/10.3.0/../../../../arm-zephyr-eabi/lib/thumb/v7-m/nofp/crt0.o
LOAD CMakeFiles/main.elf.dir/home/kjuszcza/magisterka/board_config/src/board_config.c.obj
LOAD CMakeFiles/main.elf.dir/home/kjuszcza/magisterka/board_config/src/hal_it.c.obj
LOAD CMakeFiles/main.elf.dir/home/kjuszcza/magisterka/board_config/src/hal_msp.c.obj
LOAD CMakeFiles/main.elf.dir/home/kjuszcza/magisterka/jitter/src/scenario.c.obj
LOAD CMakeFiles/main.elf.dir/home/kjuszcza/magisterka/rhealstone/src/deadlock_breaking_time.c.obj
LOAD CMakeFiles/main.elf.dir/home/kjuszcza/magisterka/rhealstone/src/interrupt_latency.c.obj
LOAD CMakeFiles/main.elf.dir/home/kjuszcza/magisterka/rhealstone/src/intertask_msg_latency.c.obj
LOAD CMakeFiles/main.elf.dir/home/kjuszcza/magisterka/rhealstone/src/semaphore_shuffle.c.obj
LOAD CMakeFiles/main.elf.dir/home/kjuszcza/magisterka/rhealstone/src/task_preemption.c.obj
LOAD CMakeFiles/main.elf.dir/home/kjuszcza/magisterka/rhealstone/src/task_switch.c.obj
LOAD CMakeFiles/main.elf.dir/components/FreeRTOS/FreeRTOS-Plus/Source/Application-Protocols/coreMQTT/source/core_mqtt.c.obj
LOAD CMakeFiles/main.elf.dir/components/FreeRTOS/FreeRTOS-Plus/Source/Application-Protocols/coreMQTT/source/core_mqtt_serializer.c.obj
LOAD CMakeFiles/main.elf.dir/components/FreeRTOS/FreeRTOS-Plus/Source/Application-Protocols/coreMQTT/source/core_mqtt_state.c.obj
LOAD CMakeFiles/main.elf.dir/components/FreeRTOS/FreeRTOS-Plus/Source/Application-Protocols/network_transport/sockets_wrapper/freertos_plus_tcp/sockets_wrapper.c.obj
LOAD CMakeFiles/main.elf.dir/components/FreeRTOS/FreeRTOS-Plus/Source/Application-Protocols/network_transport/using_plaintext/using_plaintext.c.obj
LOAD CMakeFiles/main.elf.dir/components/FreeRTOS/FreeRTOS-Plus/Source/Utilities/backoff_algorithm/source/backoff_algorithm.c.obj
LOAD CMakeFiles/main.elf.dir/src/TCPEchoServer.c.obj
LOAD CMakeFiles/main.elf.dir/src/TCPExample.c.obj
LOAD CMakeFiles/main.elf.dir/src/ip_stack.c.obj
LOAD CMakeFiles/main.elf.dir/src/libc_hooks.c.obj
LOAD CMakeFiles/main.elf.dir/src/main.c.obj
LOAD CMakeFiles/main.elf.dir/src/mqtt_portable.c.obj
LOAD CMakeFiles/main.elf.dir/src/rtos_portable.c.obj
LOAD CMakeFiles/main.elf.dir/src/stm32f2xx_it.c.obj
LOAD CMakeFiles/main.elf.dir/components/CMSIS/Device/ST/STM32F2xx/Source/Templates/gcc/startup_stm32f207xx.s.obj
LOAD CMakeFiles/main.elf.dir/components/CMSIS/Device/ST/STM32F2xx/Source/Templates/system_stm32f2xx.c.obj
LOAD librtos.a
LOAD libhal.a
START GROUP
LOAD /home/kjuszcza/zephyr-sdk-0.13.2/arm-zephyr-eabi/bin/../lib/gcc/arm-zephyr-eabi/10.3.0/thumb/v7-m/nofp/libgcc.a
LOAD /home/kjuszcza/zephyr-sdk-0.13.2/arm-zephyr-eabi/bin/../lib/gcc/arm-zephyr-eabi/10.3.0/../../../../arm-zephyr-eabi/lib/thumb/v7-m/nofp/libc.a
END GROUP
LOAD /home/kjuszcza/zephyr-sdk-0.13.2/arm-zephyr-eabi/bin/../lib/gcc/arm-zephyr-eabi/10.3.0/thumb/v7-m/nofp/crtend.o
LOAD /home/kjuszcza/zephyr-sdk-0.13.2/arm-zephyr-eabi/bin/../lib/gcc/arm-zephyr-eabi/10.3.0/thumb/v7-m/nofp/crtn.o
                0x0000000020020000                _estack = 0x20020000
                0x0000000000000200                _Min_Heap_Size = 0x200
                0x0000000000000400                _Min_Stack_Size = 0x400

.isr_vector     0x0000000008000000      0x184
                0x0000000008000000                . = ALIGN (0x4)
 *(.isr_vector)
 .isr_vector    0x0000000008000000      0x184 CMakeFiles/main.elf.dir/components/CMSIS/Device/ST/STM32F2xx/Source/Templates/gcc/startup_stm32f207xx.s.obj
                0x0000000008000000                g_pfnVectors
                0x0000000008000184                . = ALIGN (0x4)

.text           0x0000000008000190    0x1f4a8
                0x0000000008000190                . = ALIGN (0x4)
 *(.text)
 .text          0x0000000008000190       0x40 /home/kjuszcza/zephyr-sdk-0.13.2/arm-zephyr-eabi/bin/../lib/gcc/arm-zephyr-eabi/10.3.0/thumb/v7-m/nofp/crtbegin.o
 .text          0x00000000080001d0       0xa0 /home/kjuszcza/zephyr-sdk-0.13.2/arm-zephyr-eabi/bin/../lib/gcc/arm-zephyr-eabi/10.3.0/thumb/v7-m/nofp/libgcc.a(_arm_truncdfsf2.o)
                0x00000000080001d0                __aeabi_d2f
                0x00000000080001d0                __truncdfsf2
 .text          0x0000000008000270       0xec /home/kjuszcza/zephyr-sdk-0.13.2/arm-zephyr-eabi/bin/../lib/gcc/arm-zephyr-eabi/10.3.0/thumb/v7-m/nofp/libgcc.a(_arm_cmpsf2.o)
                0x0000000008000270                __gtsf2
                0x0000000008000270                __gesf2
                0x0000000008000278                __lesf2
                0x0000000008000278                __ltsf2
                0x0000000008000280                __nesf2
                0x0000000008000280                __eqsf2
                0x0000000008000280                __cmpsf2
                0x00000000080002e0                __aeabi_cfrcmple
                0x00000000080002e8                __aeabi_cfcmple
                0x00000000080002e8                __aeabi_cfcmpeq
                0x00000000080002f8                __aeabi_fcmpeq
                0x000000000800030c                __aeabi_fcmplt
                0x0000000008000320                __aeabi_fcmple
                0x0000000008000334                __aeabi_fcmpge
                0x0000000008000348                __aeabi_fcmpgt
 .text          0x000000000800035c       0x30 /home/kjuszcza/zephyr-sdk-0.13.2/arm-zephyr-eabi/bin/../lib/gcc/arm-zephyr-eabi/10.3.0/thumb/v7-m/nofp/libgcc.a(_aeabi_uldivmod.o)
                0x000000000800035c                __aeabi_uldivmod
 .text          0x000000000800038c      0x2a6 /home/kjuszcza/zephyr-sdk-0.13.2/arm-zephyr-eabi/bin/../lib/gcc/arm-zephyr-eabi/10.3.0/thumb/v7-m/nofp/libgcc.a(_udivmoddi4.o)
                0x000000000800038c                __udivmoddi4
 *fill*         0x0000000008000632        0x2 
 .text          0x0000000008000634        0x4 /home/kjuszcza/zephyr-sdk-0.13.2/arm-zephyr-eabi/bin/../lib/gcc/arm-zephyr-eabi/10.3.0/thumb/v7-m/nofp/libgcc.a(_dvmd_tls.o)
                0x0000000008000634                __aeabi_ldiv0
                0x0000000008000634                __aeabi_idiv0
 .text          0x0000000008000638       0xec /home/kjuszcza/zephyr-sdk-0.13.2/arm-zephyr-eabi/bin/../lib/gcc/arm-zephyr-eabi/10.3.0/../../../../arm-zephyr-eabi/lib/thumb/v7-m/nofp/libc.a(lib_a-memcpy.o)
                0x0000000008000638                memcpy
 .text          0x0000000008000724      0x1bc /home/kjuszcza/zephyr-sdk-0.13.2/arm-zephyr-eabi/bin/../lib/gcc/arm-zephyr-eabi/10.3.0/../../../../arm-zephyr-eabi/lib/thumb/v7-m/nofp/libc.a(lib_a-strcmp.o)
                0x0000000008000724                strcmp
 .text          0x00000000080008e0      0x378 /home/kjuszcza/zephyr-sdk-0.13.2/arm-zephyr-eabi/bin/../lib/gcc/arm-zephyr-eabi/10.3.0/thumb/v7-m/nofp/libgcc.a(_arm_addsubdf3.o)
                0x00000000080008e0                __aeabi_drsub
                0x00000000080008e8                __aeabi_dsub
                0x00000000080008e8                __subdf3
                0x00000000080008ec                __adddf3
                0x00000000080008ec                __aeabi_dadd
                0x0000000008000b64                __aeabi_ui2d
                0x0000000008000b64                __floatunsidf
                0x0000000008000b84                __floatsidf
                0x0000000008000b84                __aeabi_i2d
                0x0000000008000ba8                __extendsfdf2
                0x0000000008000ba8                __aeabi_f2d
                0x0000000008000bec                __aeabi_ul2d
                0x0000000008000bec                __floatundidf
                0x0000000008000bfc                __floatdidf
                0x0000000008000bfc                __aeabi_l2d
 .text          0x0000000008000c58      0x424 /home/kjuszcza/zephyr-sdk-0.13.2/arm-zephyr-eabi/bin/../lib/gcc/arm-zephyr-eabi/10.3.0/thumb/v7-m/nofp/libgcc.a(_arm_muldivdf3.o)
                0x0000000008000c58                __aeabi_dmul
                0x0000000008000c58                __muldf3
                0x0000000008000eac                __aeabi_ddiv
                0x0000000008000eac                __divdf3
 .text          0x000000000800107c      0x110 /home/kjuszcza/zephyr-sdk-0.13.2/arm-zephyr-eabi/bin/../lib/gcc/arm-zephyr-eabi/10.3.0/thumb/v7-m/nofp/libgcc.a(_arm_cmpdf2.o)
                0x000000000800107c                __gtdf2
                0x000000000800107c                __gedf2
                0x0000000008001084                __ltdf2
                0x0000000008001084                __ledf2
                0x000000000800108c                __cmpdf2
                0x000000000800108c                __eqdf2
                0x000000000800108c                __nedf2
                0x0000000008001108                __aeabi_cdrcmple
                0x0000000008001118                __aeabi_cdcmple
                0x0000000008001118                __aeabi_cdcmpeq
                0x0000000008001128                __aeabi_dcmpeq
                0x000000000800113c                __aeabi_dcmplt
                0x0000000008001150                __aeabi_dcmple
                0x0000000008001164                __aeabi_dcmpge
                0x0000000008001178                __aeabi_dcmpgt
 .text          0x000000000800118c       0x2c /home/kjuszcza/zephyr-sdk-0.13.2/arm-zephyr-eabi/bin/../lib/gcc/arm-zephyr-eabi/10.3.0/thumb/v7-m/nofp/libgcc.a(_arm_unorddf2.o)
                0x000000000800118c                __aeabi_dcmpun
                0x000000000800118c                __unorddf2
 .text          0x00000000080011b8       0x50 /home/kjuszcza/zephyr-sdk-0.13.2/arm-zephyr-eabi/bin/../lib/gcc/arm-zephyr-eabi/10.3.0/thumb/v7-m/nofp/libgcc.a(_arm_fixdfsi.o)
                0x00000000080011b8                __fixdfsi
                0x00000000080011b8                __aeabi_d2iz
 *(.text*)
 .text.npf_min  0x0000000008001208       0x16 CMakeFiles/main.elf.dir/home/kjuszcza/magisterka/board_config/src/board_config.c.obj
 .text.npf_max  0x000000000800121e       0x16 CMakeFiles/main.elf.dir/home/kjuszcza/magisterka/board_config/src/board_config.c.obj
 .text.npf_parse_format_spec
                0x0000000008001234      0x3f0 CMakeFiles/main.elf.dir/home/kjuszcza/magisterka/board_config/src/board_config.c.obj
 .text.npf_itoa_rev
                0x0000000008001624       0x74 CMakeFiles/main.elf.dir/home/kjuszcza/magisterka/board_config/src/board_config.c.obj
 .text.npf_utoa_rev
                0x0000000008001698       0x66 CMakeFiles/main.elf.dir/home/kjuszcza/magisterka/board_config/src/board_config.c.obj
 .text.npf_fsplit_abs
                0x00000000080016fe      0x2bc CMakeFiles/main.elf.dir/home/kjuszcza/magisterka/board_config/src/board_config.c.obj
 *fill*         0x00000000080019ba        0x2 
 .text.npf_ftoa_rev
                0x00000000080019bc      0x1b4 CMakeFiles/main.elf.dir/home/kjuszcza/magisterka/board_config/src/board_config.c.obj
 .text.npf_bufputc
                0x0000000008001b70       0x32 CMakeFiles/main.elf.dir/home/kjuszcza/magisterka/board_config/src/board_config.c.obj
 .text.npf_bufputc_nop
                0x0000000008001ba2        0xc CMakeFiles/main.elf.dir/home/kjuszcza/magisterka/board_config/src/board_config.c.obj
 .text.npf_putc_cnt
                0x0000000008001bae       0x2c CMakeFiles/main.elf.dir/home/kjuszcza/magisterka/board_config/src/board_config.c.obj
 *fill*         0x0000000008001bda        0x2 
 .text.npf_vpprintf
                0x0000000008001bdc      0x6ac CMakeFiles/main.elf.dir/home/kjuszcza/magisterka/board_config/src/board_config.c.obj
                0x0000000008001bdc                npf_vpprintf
 .text.npf_vsnprintf
                0x0000000008002288       0x50 CMakeFiles/main.elf.dir/home/kjuszcza/magisterka/board_config/src/board_config.c.obj
                0x0000000008002288                npf_vsnprintf
 .text.board_config
                0x00000000080022d8       0x1e CMakeFiles/main.elf.dir/home/kjuszcza/magisterka/board_config/src/board_config.c.obj
                0x00000000080022d8                board_config
 .text.print    0x00000000080022f6       0x1e CMakeFiles/main.elf.dir/home/kjuszcza/magisterka/board_config/src/board_config.c.obj
                0x00000000080022f6                print
 .text.uart_transmit
                0x0000000008002314       0x4c CMakeFiles/main.elf.dir/home/kjuszcza/magisterka/board_config/src/board_config.c.obj
                0x0000000008002314                uart_transmit
 .text.getTimeTick
                0x0000000008002360        0xc CMakeFiles/main.elf.dir/home/kjuszcza/magisterka/board_config/src/board_config.c.obj
                0x0000000008002360                getTimeTick
 .text.clock_config
                0x000000000800236c       0x72 CMakeFiles/main.elf.dir/home/kjuszcza/magisterka/board_config/src/board_config.c.obj
                0x000000000800236c                clock_config
 *fill*         0x00000000080023de        0x2 
 .text.gpio_config
                0x00000000080023e0       0xbc CMakeFiles/main.elf.dir/home/kjuszcza/magisterka/board_config/src/board_config.c.obj
                0x00000000080023e0                gpio_config
 .text.uart_config
                0x000000000800249c       0x48 CMakeFiles/main.elf.dir/home/kjuszcza/magisterka/board_config/src/board_config.c.obj
                0x000000000800249c                uart_config
 .text.dma_config
                0x00000000080024e4       0x4c CMakeFiles/main.elf.dir/home/kjuszcza/magisterka/board_config/src/board_config.c.obj
                0x00000000080024e4                dma_config
 .text.tim_config
                0x0000000008002530        0xe CMakeFiles/main.elf.dir/home/kjuszcza/magisterka/board_config/src/board_config.c.obj
                0x0000000008002530                tim_config
 *fill*         0x000000000800253e        0x2 
 .text.tim_5_config
                0x0000000008002540       0x78 CMakeFiles/main.elf.dir/home/kjuszcza/magisterka/board_config/src/board_config.c.obj
 .text.tim_2_config
                0x00000000080025b8       0x74 CMakeFiles/main.elf.dir/home/kjuszcza/magisterka/board_config/src/board_config.c.obj
 .text.HAL_TIM_PeriodElapsedCallback
                0x000000000800262c       0x18 CMakeFiles/main.elf.dir/home/kjuszcza/magisterka/board_config/src/board_config.c.obj
                0x000000000800262c                HAL_TIM_PeriodElapsedCallback
 .text.HAL_GPIO_EXTI_Callback
                0x0000000008002644       0x1c CMakeFiles/main.elf.dir/home/kjuszcza/magisterka/board_config/src/board_config.c.obj
                0x0000000008002644                HAL_GPIO_EXTI_Callback
 .text.DMA1_Stream1_IRQHandler
                0x0000000008002660       0x10 CMakeFiles/main.elf.dir/home/kjuszcza/magisterka/board_config/src/hal_it.c.obj
                0x0000000008002660                DMA1_Stream1_IRQHandler
 .text.DMA1_Stream3_IRQHandler
                0x0000000008002670       0x10 CMakeFiles/main.elf.dir/home/kjuszcza/magisterka/board_config/src/hal_it.c.obj
                0x0000000008002670                DMA1_Stream3_IRQHandler
 .text.USART3_IRQHandler
                0x0000000008002680       0x10 CMakeFiles/main.elf.dir/home/kjuszcza/magisterka/board_config/src/hal_it.c.obj
                0x0000000008002680                USART3_IRQHandler
 .text.EXTI15_10_IRQHandler
                0x0000000008002690        0xe CMakeFiles/main.elf.dir/home/kjuszcza/magisterka/board_config/src/hal_it.c.obj
                0x0000000008002690                EXTI15_10_IRQHandler
 *fill*         0x000000000800269e        0x2 
 .text.HAL_MspInit
                0x00000000080026a0       0x44 CMakeFiles/main.elf.dir/home/kjuszcza/magisterka/board_config/src/hal_msp.c.obj
                0x00000000080026a0                HAL_MspInit
 .text.HAL_UART_MspInit
                0x00000000080026e4      0x150 CMakeFiles/main.elf.dir/home/kjuszcza/magisterka/board_config/src/hal_msp.c.obj
                0x00000000080026e4                HAL_UART_MspInit
 .text.HAL_ETH_MspInit
                0x0000000008002834      0x190 CMakeFiles/main.elf.dir/home/kjuszcza/magisterka/board_config/src/hal_msp.c.obj
                0x0000000008002834                HAL_ETH_MspInit
 .text.HAL_TIM_Base_MspInit
                0x00000000080029c4       0x60 CMakeFiles/main.elf.dir/home/kjuszcza/magisterka/board_config/src/hal_msp.c.obj
                0x00000000080029c4                HAL_TIM_Base_MspInit
 .text.sendPacket
                0x0000000008002a24      0x1e0 CMakeFiles/main.elf.dir/components/FreeRTOS/FreeRTOS-Plus/Source/Application-Protocols/coreMQTT/source/core_mqtt.c.obj
 .text.calculateElapsedTime
                0x0000000008002c04       0x12 CMakeFiles/main.elf.dir/components/FreeRTOS/FreeRTOS-Plus/Source/Application-Protocols/coreMQTT/source/core_mqtt.c.obj
 *fill*         0x0000000008002c16        0x2 
 .text.getAckFromPacketType
                0x0000000008002c18       0x74 CMakeFiles/main.elf.dir/components/FreeRTOS/FreeRTOS-Plus/Source/Application-Protocols/coreMQTT/source/core_mqtt.c.obj
 .text.recvExact
                0x0000000008002c8c      0x1e0 CMakeFiles/main.elf.dir/components/FreeRTOS/FreeRTOS-Plus/Source/Application-Protocols/coreMQTT/source/core_mqtt.c.obj
 .text.discardPacket
                0x0000000008002e6c      0x170 CMakeFiles/main.elf.dir/components/FreeRTOS/FreeRTOS-Plus/Source/Application-Protocols/coreMQTT/source/core_mqtt.c.obj
 .text.receivePacket
                0x0000000008002fdc      0x118 CMakeFiles/main.elf.dir/components/FreeRTOS/FreeRTOS-Plus/Source/Application-Protocols/coreMQTT/source/core_mqtt.c.obj
 .text.getAckTypeToSend
                0x00000000080030f4       0x5c CMakeFiles/main.elf.dir/components/FreeRTOS/FreeRTOS-Plus/Source/Application-Protocols/coreMQTT/source/core_mqtt.c.obj
 .text.sendPublishAcks
                0x0000000008003150      0x140 CMakeFiles/main.elf.dir/components/FreeRTOS/FreeRTOS-Plus/Source/Application-Protocols/coreMQTT/source/core_mqtt.c.obj
 .text.handleKeepAlive
                0x0000000008003290       0xc4 CMakeFiles/main.elf.dir/components/FreeRTOS/FreeRTOS-Plus/Source/Application-Protocols/coreMQTT/source/core_mqtt.c.obj
 .text.handleIncomingPublish
                0x0000000008003354      0x228 CMakeFiles/main.elf.dir/components/FreeRTOS/FreeRTOS-Plus/Source/Application-Protocols/coreMQTT/source/core_mqtt.c.obj
 .text.handlePublishAcks
                0x000000000800357c      0x1a4 CMakeFiles/main.elf.dir/components/FreeRTOS/FreeRTOS-Plus/Source/Application-Protocols/coreMQTT/source/core_mqtt.c.obj
 .text.handleIncomingAck
                0x0000000008003720      0x1f4 CMakeFiles/main.elf.dir/components/FreeRTOS/FreeRTOS-Plus/Source/Application-Protocols/coreMQTT/source/core_mqtt.c.obj
 .text.receiveSingleIteration
                0x0000000008003914      0x144 CMakeFiles/main.elf.dir/components/FreeRTOS/FreeRTOS-Plus/Source/Application-Protocols/coreMQTT/source/core_mqtt.c.obj
 .text.validateSubscribeUnsubscribeParams
                0x0000000008003a58       0xc0 CMakeFiles/main.elf.dir/components/FreeRTOS/FreeRTOS-Plus/Source/Application-Protocols/coreMQTT/source/core_mqtt.c.obj
 .text.sendPublish
                0x0000000008003b18      0x1ac CMakeFiles/main.elf.dir/components/FreeRTOS/FreeRTOS-Plus/Source/Application-Protocols/coreMQTT/source/core_mqtt.c.obj
 .text.receiveConnack
                0x0000000008003cc4      0x240 CMakeFiles/main.elf.dir/components/FreeRTOS/FreeRTOS-Plus/Source/Application-Protocols/coreMQTT/source/core_mqtt.c.obj
 .text.handleSessionResumption
                0x0000000008003f04       0xc4 CMakeFiles/main.elf.dir/components/FreeRTOS/FreeRTOS-Plus/Source/Application-Protocols/coreMQTT/source/core_mqtt.c.obj
 .text.serializePublish
                0x0000000008003fc8      0x10c CMakeFiles/main.elf.dir/components/FreeRTOS/FreeRTOS-Plus/Source/Application-Protocols/coreMQTT/source/core_mqtt.c.obj
 .text.validatePublishParams
                0x00000000080040d4       0xe0 CMakeFiles/main.elf.dir/components/FreeRTOS/FreeRTOS-Plus/Source/Application-Protocols/coreMQTT/source/core_mqtt.c.obj
 .text.MQTT_Init
                0x00000000080041b4      0x160 CMakeFiles/main.elf.dir/components/FreeRTOS/FreeRTOS-Plus/Source/Application-Protocols/coreMQTT/source/core_mqtt.c.obj
                0x00000000080041b4                MQTT_Init
 .text.MQTT_Connect
                0x0000000008004314      0x1fc CMakeFiles/main.elf.dir/components/FreeRTOS/FreeRTOS-Plus/Source/Application-Protocols/coreMQTT/source/core_mqtt.c.obj
                0x0000000008004314                MQTT_Connect
 .text.MQTT_Subscribe
                0x0000000008004510      0x118 CMakeFiles/main.elf.dir/components/FreeRTOS/FreeRTOS-Plus/Source/Application-Protocols/coreMQTT/source/core_mqtt.c.obj
                0x0000000008004510                MQTT_Subscribe
 .text.MQTT_Publish
                0x0000000008004628      0x150 CMakeFiles/main.elf.dir/components/FreeRTOS/FreeRTOS-Plus/Source/Application-Protocols/coreMQTT/source/core_mqtt.c.obj
                0x0000000008004628                MQTT_Publish
 .text.MQTT_Ping
                0x0000000008004778      0x150 CMakeFiles/main.elf.dir/components/FreeRTOS/FreeRTOS-Plus/Source/Application-Protocols/coreMQTT/source/core_mqtt.c.obj
                0x0000000008004778                MQTT_Ping
 .text.MQTT_ProcessLoop
                0x00000000080048c8      0x138 CMakeFiles/main.elf.dir/components/FreeRTOS/FreeRTOS-Plus/Source/Application-Protocols/coreMQTT/source/core_mqtt.c.obj
                0x00000000080048c8                MQTT_ProcessLoop
 .text.MQTT_GetPacketId
                0x0000000008004a00       0x4c CMakeFiles/main.elf.dir/components/FreeRTOS/FreeRTOS-Plus/Source/Application-Protocols/coreMQTT/source/core_mqtt.c.obj
                0x0000000008004a00                MQTT_GetPacketId
 .text.MQTT_GetSubAckStatusCodes
                0x0000000008004a4c      0x15c CMakeFiles/main.elf.dir/components/FreeRTOS/FreeRTOS-Plus/Source/Application-Protocols/coreMQTT/source/core_mqtt.c.obj
                0x0000000008004a4c                MQTT_GetSubAckStatusCodes
 .text.MQTT_Status_strerror
                0x0000000008004ba8       0xc8 CMakeFiles/main.elf.dir/components/FreeRTOS/FreeRTOS-Plus/Source/Application-Protocols/coreMQTT/source/core_mqtt.c.obj
                0x0000000008004ba8                MQTT_Status_strerror
 .text.remainingLengthEncodedSize
                0x0000000008004c70       0x70 CMakeFiles/main.elf.dir/components/FreeRTOS/FreeRTOS-Plus/Source/Application-Protocols/coreMQTT/source/core_mqtt_serializer.c.obj
 .text.encodeRemainingLength
                0x0000000008004ce0       0x78 CMakeFiles/main.elf.dir/components/FreeRTOS/FreeRTOS-Plus/Source/Application-Protocols/coreMQTT/source/core_mqtt_serializer.c.obj
 .text.encodeString
                0x0000000008004d58       0x88 CMakeFiles/main.elf.dir/components/FreeRTOS/FreeRTOS-Plus/Source/Application-Protocols/coreMQTT/source/core_mqtt_serializer.c.obj
 .text.calculatePublishPacketSize
                0x0000000008004de0      0x17c CMakeFiles/main.elf.dir/components/FreeRTOS/FreeRTOS-Plus/Source/Application-Protocols/coreMQTT/source/core_mqtt_serializer.c.obj
 .text.serializePublishCommon
                0x0000000008004f5c      0x284 CMakeFiles/main.elf.dir/components/FreeRTOS/FreeRTOS-Plus/Source/Application-Protocols/coreMQTT/source/core_mqtt_serializer.c.obj
 .text.getRemainingLength
                0x00000000080051e0       0xac CMakeFiles/main.elf.dir/components/FreeRTOS/FreeRTOS-Plus/Source/Application-Protocols/coreMQTT/source/core_mqtt_serializer.c.obj
 .text.incomingPacketValid
                0x000000000800528c       0xb8 CMakeFiles/main.elf.dir/components/FreeRTOS/FreeRTOS-Plus/Source/Application-Protocols/coreMQTT/source/core_mqtt_serializer.c.obj
 .text.checkPublishRemainingLength
                0x0000000008005344       0x9c CMakeFiles/main.elf.dir/components/FreeRTOS/FreeRTOS-Plus/Source/Application-Protocols/coreMQTT/source/core_mqtt_serializer.c.obj
 .text.processPublishFlags
                0x00000000080053e0      0x154 CMakeFiles/main.elf.dir/components/FreeRTOS/FreeRTOS-Plus/Source/Application-Protocols/coreMQTT/source/core_mqtt_serializer.c.obj
 .text.logConnackResponse
                0x0000000008005534       0xb4 CMakeFiles/main.elf.dir/components/FreeRTOS/FreeRTOS-Plus/Source/Application-Protocols/coreMQTT/source/core_mqtt_serializer.c.obj
 .text.deserializeConnack
                0x00000000080055e8      0x1bc CMakeFiles/main.elf.dir/components/FreeRTOS/FreeRTOS-Plus/Source/Application-Protocols/coreMQTT/source/core_mqtt_serializer.c.obj
 .text.calculateSubscriptionPacketSize
                0x00000000080057a4      0x1d0 CMakeFiles/main.elf.dir/components/FreeRTOS/FreeRTOS-Plus/Source/Application-Protocols/coreMQTT/source/core_mqtt_serializer.c.obj
 .text.readSubackStatus
                0x0000000008005974      0x118 CMakeFiles/main.elf.dir/components/FreeRTOS/FreeRTOS-Plus/Source/Application-Protocols/coreMQTT/source/core_mqtt_serializer.c.obj
 .text.deserializeSuback
                0x0000000008005a8c      0x108 CMakeFiles/main.elf.dir/components/FreeRTOS/FreeRTOS-Plus/Source/Application-Protocols/coreMQTT/source/core_mqtt_serializer.c.obj
 .text.validateSubscriptionSerializeParams
                0x0000000008005b94      0x13c CMakeFiles/main.elf.dir/components/FreeRTOS/FreeRTOS-Plus/Source/Application-Protocols/coreMQTT/source/core_mqtt_serializer.c.obj
 .text.deserializePublish
                0x0000000008005cd0      0x230 CMakeFiles/main.elf.dir/components/FreeRTOS/FreeRTOS-Plus/Source/Application-Protocols/coreMQTT/source/core_mqtt_serializer.c.obj
 .text.deserializeSimpleAck
                0x0000000008005f00      0x104 CMakeFiles/main.elf.dir/components/FreeRTOS/FreeRTOS-Plus/Source/Application-Protocols/coreMQTT/source/core_mqtt_serializer.c.obj
 .text.deserializePingresp
                0x0000000008006004       0x78 CMakeFiles/main.elf.dir/components/FreeRTOS/FreeRTOS-Plus/Source/Application-Protocols/coreMQTT/source/core_mqtt_serializer.c.obj
 .text.serializeConnectPacket
                0x000000000800607c      0x230 CMakeFiles/main.elf.dir/components/FreeRTOS/FreeRTOS-Plus/Source/Application-Protocols/coreMQTT/source/core_mqtt_serializer.c.obj
 .text.MQTT_GetConnectPacketSize
                0x00000000080062ac      0x188 CMakeFiles/main.elf.dir/components/FreeRTOS/FreeRTOS-Plus/Source/Application-Protocols/coreMQTT/source/core_mqtt_serializer.c.obj
                0x00000000080062ac                MQTT_GetConnectPacketSize
 .text.MQTT_SerializeConnect
                0x0000000008006434      0x120 CMakeFiles/main.elf.dir/components/FreeRTOS/FreeRTOS-Plus/Source/Application-Protocols/coreMQTT/source/core_mqtt_serializer.c.obj
                0x0000000008006434                MQTT_SerializeConnect
 .text.MQTT_GetSubscribePacketSize
                0x0000000008006554       0xb0 CMakeFiles/main.elf.dir/components/FreeRTOS/FreeRTOS-Plus/Source/Application-Protocols/coreMQTT/source/core_mqtt_serializer.c.obj
                0x0000000008006554                MQTT_GetSubscribePacketSize
 .text.MQTT_SerializeSubscribe
                0x0000000008006604      0x118 CMakeFiles/main.elf.dir/components/FreeRTOS/FreeRTOS-Plus/Source/Application-Protocols/coreMQTT/source/core_mqtt_serializer.c.obj
                0x0000000008006604                MQTT_SerializeSubscribe
 .text.MQTT_GetPublishPacketSize
                0x000000000800671c       0xe8 CMakeFiles/main.elf.dir/components/FreeRTOS/FreeRTOS-Plus/Source/Application-Protocols/coreMQTT/source/core_mqtt_serializer.c.obj
                0x000000000800671c                MQTT_GetPublishPacketSize
 .text.MQTT_SerializePublishHeader
                0x0000000008006804      0x1d0 CMakeFiles/main.elf.dir/components/FreeRTOS/FreeRTOS-Plus/Source/Application-Protocols/coreMQTT/source/core_mqtt_serializer.c.obj
                0x0000000008006804                MQTT_SerializePublishHeader
 .text.MQTT_SerializeAck
                0x00000000080069d4      0x168 CMakeFiles/main.elf.dir/components/FreeRTOS/FreeRTOS-Plus/Source/Application-Protocols/coreMQTT/source/core_mqtt_serializer.c.obj
                0x00000000080069d4                MQTT_SerializeAck
 .text.MQTT_GetPingreqPacketSize
                0x0000000008006b3c       0x5c CMakeFiles/main.elf.dir/components/FreeRTOS/FreeRTOS-Plus/Source/Application-Protocols/coreMQTT/source/core_mqtt_serializer.c.obj
                0x0000000008006b3c                MQTT_GetPingreqPacketSize
 .text.MQTT_SerializePingreq
                0x0000000008006b98       0xd8 CMakeFiles/main.elf.dir/components/FreeRTOS/FreeRTOS-Plus/Source/Application-Protocols/coreMQTT/source/core_mqtt_serializer.c.obj
                0x0000000008006b98                MQTT_SerializePingreq
 .text.MQTT_DeserializePublish
                0x0000000008006c70       0xe0 CMakeFiles/main.elf.dir/components/FreeRTOS/FreeRTOS-Plus/Source/Application-Protocols/coreMQTT/source/core_mqtt_serializer.c.obj
                0x0000000008006c70                MQTT_DeserializePublish
 .text.MQTT_DeserializeAck
                0x0000000008006d50      0x1ac CMakeFiles/main.elf.dir/components/FreeRTOS/FreeRTOS-Plus/Source/Application-Protocols/coreMQTT/source/core_mqtt_serializer.c.obj
                0x0000000008006d50                MQTT_DeserializeAck
 .text.MQTT_GetIncomingPacketTypeAndLength
                0x0000000008006efc      0x12c CMakeFiles/main.elf.dir/components/FreeRTOS/FreeRTOS-Plus/Source/Application-Protocols/coreMQTT/source/core_mqtt_serializer.c.obj
                0x0000000008006efc                MQTT_GetIncomingPacketTypeAndLength
 .text.validateTransitionPublish
                0x0000000008007028       0xf4 CMakeFiles/main.elf.dir/components/FreeRTOS/FreeRTOS-Plus/Source/Application-Protocols/coreMQTT/source/core_mqtt_state.c.obj
 .text.validateTransitionAck
                0x000000000800711c      0x114 CMakeFiles/main.elf.dir/components/FreeRTOS/FreeRTOS-Plus/Source/Application-Protocols/coreMQTT/source/core_mqtt_state.c.obj
 .text.isPublishOutgoing
                0x0000000008007230       0x62 CMakeFiles/main.elf.dir/components/FreeRTOS/FreeRTOS-Plus/Source/Application-Protocols/coreMQTT/source/core_mqtt_state.c.obj
 *fill*         0x0000000008007292        0x2 
 .text.findInRecord
                0x0000000008007294       0x8c CMakeFiles/main.elf.dir/components/FreeRTOS/FreeRTOS-Plus/Source/Application-Protocols/coreMQTT/source/core_mqtt_state.c.obj
 .text.compactRecords
                0x0000000008007320       0xb8 CMakeFiles/main.elf.dir/components/FreeRTOS/FreeRTOS-Plus/Source/Application-Protocols/coreMQTT/source/core_mqtt_state.c.obj
 .text.addRecord
                0x00000000080073d8      0x158 CMakeFiles/main.elf.dir/components/FreeRTOS/FreeRTOS-Plus/Source/Application-Protocols/coreMQTT/source/core_mqtt_state.c.obj
 .text.updateRecord
                0x0000000008007530       0x64 CMakeFiles/main.elf.dir/components/FreeRTOS/FreeRTOS-Plus/Source/Application-Protocols/coreMQTT/source/core_mqtt_state.c.obj
 .text.stateSelect
                0x0000000008007594      0x174 CMakeFiles/main.elf.dir/components/FreeRTOS/FreeRTOS-Plus/Source/Application-Protocols/coreMQTT/source/core_mqtt_state.c.obj
 .text.MQTT_CalculateStateAck
                0x0000000008007708       0xb0 CMakeFiles/main.elf.dir/components/FreeRTOS/FreeRTOS-Plus/Source/Application-Protocols/coreMQTT/source/core_mqtt_state.c.obj
                0x0000000008007708                MQTT_CalculateStateAck
 .text.updateStateAck
                0x00000000080077b8      0x128 CMakeFiles/main.elf.dir/components/FreeRTOS/FreeRTOS-Plus/Source/Application-Protocols/coreMQTT/source/core_mqtt_state.c.obj
 .text.updateStatePublish
                0x00000000080078e0      0x13c CMakeFiles/main.elf.dir/components/FreeRTOS/FreeRTOS-Plus/Source/Application-Protocols/coreMQTT/source/core_mqtt_state.c.obj
 .text.MQTT_ReserveState
                0x0000000008007a1c       0x64 CMakeFiles/main.elf.dir/components/FreeRTOS/FreeRTOS-Plus/Source/Application-Protocols/coreMQTT/source/core_mqtt_state.c.obj
                0x0000000008007a1c                MQTT_ReserveState
 .text.MQTT_CalculateStatePublish
                0x0000000008007a80       0x68 CMakeFiles/main.elf.dir/components/FreeRTOS/FreeRTOS-Plus/Source/Application-Protocols/coreMQTT/source/core_mqtt_state.c.obj
                0x0000000008007a80                MQTT_CalculateStatePublish
 .text.MQTT_UpdateStatePublish
                0x0000000008007ae8      0x148 CMakeFiles/main.elf.dir/components/FreeRTOS/FreeRTOS-Plus/Source/Application-Protocols/coreMQTT/source/core_mqtt_state.c.obj
                0x0000000008007ae8                MQTT_UpdateStatePublish
 .text.MQTT_UpdateStateAck
                0x0000000008007c30      0x1a8 CMakeFiles/main.elf.dir/components/FreeRTOS/FreeRTOS-Plus/Source/Application-Protocols/coreMQTT/source/core_mqtt_state.c.obj
                0x0000000008007c30                MQTT_UpdateStateAck
 .text.MQTT_PubrelToResend
                0x0000000008007dd8       0xa4 CMakeFiles/main.elf.dir/components/FreeRTOS/FreeRTOS-Plus/Source/Application-Protocols/coreMQTT/source/core_mqtt_state.c.obj
                0x0000000008007dd8                MQTT_PubrelToResend
 .text.MQTT_State_strerror
                0x0000000008007e7c       0xc8 CMakeFiles/main.elf.dir/components/FreeRTOS/FreeRTOS-Plus/Source/Application-Protocols/coreMQTT/source/core_mqtt_state.c.obj
                0x0000000008007e7c                MQTT_State_strerror
 .text.Sockets_Connect
                0x0000000008007f44      0x1c4 CMakeFiles/main.elf.dir/components/FreeRTOS/FreeRTOS-Plus/Source/Application-Protocols/network_transport/sockets_wrapper/freertos_plus_tcp/sockets_wrapper.c.obj
                0x0000000008007f44                Sockets_Connect
 .text.Plaintext_FreeRTOS_Connect
                0x0000000008008108       0xbc CMakeFiles/main.elf.dir/components/FreeRTOS/FreeRTOS-Plus/Source/Application-Protocols/network_transport/using_plaintext/using_plaintext.c.obj
                0x0000000008008108                Plaintext_FreeRTOS_Connect
 .text.Plaintext_FreeRTOS_recv
                0x00000000080081c4       0xe4 CMakeFiles/main.elf.dir/components/FreeRTOS/FreeRTOS-Plus/Source/Application-Protocols/network_transport/using_plaintext/using_plaintext.c.obj
                0x00000000080081c4                Plaintext_FreeRTOS_recv
 .text.Plaintext_FreeRTOS_send
                0x00000000080082a8       0xd8 CMakeFiles/main.elf.dir/components/FreeRTOS/FreeRTOS-Plus/Source/Application-Protocols/network_transport/using_plaintext/using_plaintext.c.obj
                0x00000000080082a8                Plaintext_FreeRTOS_send
 .text.BackoffAlgorithm_GetNextBackoff
                0x0000000008008380       0xb8 CMakeFiles/main.elf.dir/components/FreeRTOS/FreeRTOS-Plus/Source/Utilities/backoff_algorithm/source/backoff_algorithm.c.obj
                0x0000000008008380                BackoffAlgorithm_GetNextBackoff
 .text.BackoffAlgorithm_InitializeParams
                0x0000000008008438       0x58 CMakeFiles/main.elf.dir/components/FreeRTOS/FreeRTOS-Plus/Source/Utilities/backoff_algorithm/source/backoff_algorithm.c.obj
                0x0000000008008438                BackoffAlgorithm_InitializeParams
 .text.initIpStack
                0x0000000008008490       0x40 CMakeFiles/main.elf.dir/src/ip_stack.c.obj
                0x0000000008008490                initIpStack
 .text.vApplicationIPNetworkEventHook
                0x00000000080084d0       0x38 CMakeFiles/main.elf.dir/src/ip_stack.c.obj
                0x00000000080084d0                vApplicationIPNetworkEventHook
 .text.uxRand   0x0000000008008508       0x34 CMakeFiles/main.elf.dir/src/ip_stack.c.obj
                0x0000000008008508                uxRand
 .text.prvSRand
                0x000000000800853c       0x14 CMakeFiles/main.elf.dir/src/ip_stack.c.obj
 .text.prvMiscInitialisation
                0x0000000008008550       0x18 CMakeFiles/main.elf.dir/src/ip_stack.c.obj
 .text.pcApplicationHostnameHook
                0x0000000008008568        0xc CMakeFiles/main.elf.dir/src/ip_stack.c.obj
                0x0000000008008568                pcApplicationHostnameHook
 .text.xApplicationDNSQueryHook
                0x0000000008008574       0x48 CMakeFiles/main.elf.dir/src/ip_stack.c.obj
                0x0000000008008574                xApplicationDNSQueryHook
 .text.ulApplicationGetNextSequenceNumber
                0x00000000080085bc       0x24 CMakeFiles/main.elf.dir/src/ip_stack.c.obj
                0x00000000080085bc                ulApplicationGetNextSequenceNumber
 .text.xApplicationGetRandomNumber
                0x00000000080085e0       0x1a CMakeFiles/main.elf.dir/src/ip_stack.c.obj
                0x00000000080085e0                xApplicationGetRandomNumber
 .text._exit    0x00000000080085fa        0x6 CMakeFiles/main.elf.dir/src/libc_hooks.c.obj
                0x00000000080085fa                _exit
 .text._sbrk_r  0x0000000008008600        0xe CMakeFiles/main.elf.dir/src/libc_hooks.c.obj
                0x0000000008008600                _sbrk_r
 .text._kill_r  0x000000000800860e       0x10 CMakeFiles/main.elf.dir/src/libc_hooks.c.obj
                0x000000000800860e                _kill_r
 .text._getpid_r
                0x000000000800861e        0xc CMakeFiles/main.elf.dir/src/libc_hooks.c.obj
                0x000000000800861e                _getpid_r
 .text._write_r
                0x000000000800862a       0x12 CMakeFiles/main.elf.dir/src/libc_hooks.c.obj
                0x000000000800862a                _write_r
 .text._close_r
                0x000000000800863c        0xe CMakeFiles/main.elf.dir/src/libc_hooks.c.obj
                0x000000000800863c                _close_r
 .text._fstat_r
                0x000000000800864a       0x10 CMakeFiles/main.elf.dir/src/libc_hooks.c.obj
                0x000000000800864a                _fstat_r
 .text._isatty_r
                0x000000000800865a        0xe CMakeFiles/main.elf.dir/src/libc_hooks.c.obj
                0x000000000800865a                _isatty_r
 .text._lseek_r
                0x0000000008008668       0x12 CMakeFiles/main.elf.dir/src/libc_hooks.c.obj
                0x0000000008008668                _lseek_r
 .text._read_r  0x000000000800867a       0x12 CMakeFiles/main.elf.dir/src/libc_hooks.c.obj
                0x000000000800867a                _read_r
 .text.main     0x000000000800868c       0x1c CMakeFiles/main.elf.dir/src/main.c.obj
                0x000000000800868c                main
 .text.vLoggingPrintf
                0x00000000080086a8       0x1e CMakeFiles/main.elf.dir/src/main.c.obj
                0x00000000080086a8                vLoggingPrintf
 *fill*         0x00000000080086c6        0x2 
 .text.initMqtt
                0x00000000080086c8       0x10 CMakeFiles/main.elf.dir/src/mqtt_portable.c.obj
                0x00000000080086c8                initMqtt
 .text.mqttApp  0x00000000080086d8       0x2c CMakeFiles/main.elf.dir/src/mqtt_portable.c.obj
 .text.prvMQTTDemoTask
                0x0000000008008704       0xec CMakeFiles/main.elf.dir/src/mqtt_portable.c.obj
 .text.prvGetTimeMs
                0x00000000080087f0       0x30 CMakeFiles/main.elf.dir/src/mqtt_portable.c.obj
 .text.prvConnectToServerWithBackoffRetries
                0x0000000008008820       0xfc CMakeFiles/main.elf.dir/src/mqtt_portable.c.obj
 .text.prvCreateMQTTConnectionWithBroker
                0x000000000800891c       0x90 CMakeFiles/main.elf.dir/src/mqtt_portable.c.obj
 .text.prvUpdateSubAckStatus
                0x00000000080089ac       0x60 CMakeFiles/main.elf.dir/src/mqtt_portable.c.obj
 .text.prvMQTTSubscribeWithBackoffRetries
                0x0000000008008a0c      0x1d4 CMakeFiles/main.elf.dir/src/mqtt_portable.c.obj
 .text.prvMQTTPublishToTopic
                0x0000000008008be0       0x60 CMakeFiles/main.elf.dir/src/mqtt_portable.c.obj
 .text.prvMQTTProcessResponse
                0x0000000008008c40      0x10c CMakeFiles/main.elf.dir/src/mqtt_portable.c.obj
 .text.prvMQTTProcessIncomingPublish
                0x0000000008008d4c       0xd0 CMakeFiles/main.elf.dir/src/mqtt_portable.c.obj
 .text.prvEventCallback
                0x0000000008008e1c       0x36 CMakeFiles/main.elf.dir/src/mqtt_portable.c.obj
 .text.NMI_Handler
                0x0000000008008e52        0x4 CMakeFiles/main.elf.dir/src/stm32f2xx_it.c.obj
                0x0000000008008e52                NMI_Handler
 .text.HardFault_Handler
                0x0000000008008e56        0x4 CMakeFiles/main.elf.dir/src/stm32f2xx_it.c.obj
                0x0000000008008e56                HardFault_Handler
 .text.MemManage_Handler
                0x0000000008008e5a        0x4 CMakeFiles/main.elf.dir/src/stm32f2xx_it.c.obj
                0x0000000008008e5a                MemManage_Handler
 .text.BusFault_Handler
                0x0000000008008e5e        0x4 CMakeFiles/main.elf.dir/src/stm32f2xx_it.c.obj
                0x0000000008008e5e                BusFault_Handler
 .text.UsageFault_Handler
                0x0000000008008e62        0x4 CMakeFiles/main.elf.dir/src/stm32f2xx_it.c.obj
                0x0000000008008e62                UsageFault_Handler
 .text.DebugMon_Handler
                0x0000000008008e66        0x4 CMakeFiles/main.elf.dir/src/stm32f2xx_it.c.obj
                0x0000000008008e66                DebugMon_Handler
 .text.SysTick_Handler
                0x0000000008008e6a        0xe CMakeFiles/main.elf.dir/src/stm32f2xx_it.c.obj
                0x0000000008008e6a                SysTick_Handler
 .text.Reset_Handler
                0x0000000008008e78       0x50 CMakeFiles/main.elf.dir/components/CMSIS/Device/ST/STM32F2xx/Source/Templates/gcc/startup_stm32f207xx.s.obj
                0x0000000008008e78                Reset_Handler
 .text.Default_Handler
                0x0000000008008ec8        0x2 CMakeFiles/main.elf.dir/components/CMSIS/Device/ST/STM32F2xx/Source/Templates/gcc/startup_stm32f207xx.s.obj
                0x0000000008008ec8                RTC_Alarm_IRQHandler
                0x0000000008008ec8                HASH_RNG_IRQHandler
                0x0000000008008ec8                EXTI2_IRQHandler
                0x0000000008008ec8                TIM8_CC_IRQHandler
                0x0000000008008ec8                TIM1_CC_IRQHandler
                0x0000000008008ec8                DMA2_Stream5_IRQHandler
                0x0000000008008ec8                DMA1_Stream5_IRQHandler
                0x0000000008008ec8                PVD_IRQHandler
                0x0000000008008ec8                SDIO_IRQHandler
                0x0000000008008ec8                TAMP_STAMP_IRQHandler
                0x0000000008008ec8                CAN2_RX1_IRQHandler
                0x0000000008008ec8                EXTI3_IRQHandler
                0x0000000008008ec8                TIM8_TRG_COM_TIM14_IRQHandler
                0x0000000008008ec8                TIM1_UP_TIM10_IRQHandler
                0x0000000008008ec8                TIM8_UP_TIM13_IRQHandler
                0x0000000008008ec8                I2C3_ER_IRQHandler
                0x0000000008008ec8                EXTI0_IRQHandler
                0x0000000008008ec8                I2C2_EV_IRQHandler
                0x0000000008008ec8                DMA1_Stream2_IRQHandler
                0x0000000008008ec8                CAN1_RX0_IRQHandler
                0x0000000008008ec8                OTG_HS_WKUP_IRQHandler
                0x0000000008008ec8                CAN2_SCE_IRQHandler
                0x0000000008008ec8                DMA2_Stream2_IRQHandler
                0x0000000008008ec8                SPI1_IRQHandler
                0x0000000008008ec8                TIM6_DAC_IRQHandler
                0x0000000008008ec8                TIM1_BRK_TIM9_IRQHandler
                0x0000000008008ec8                DCMI_IRQHandler
                0x0000000008008ec8                CAN2_RX0_IRQHandler
                0x0000000008008ec8                DMA2_Stream3_IRQHandler
                0x0000000008008ec8                USART6_IRQHandler
                0x0000000008008ec8                CAN1_RX1_IRQHandler
                0x0000000008008ec8                UART5_IRQHandler
                0x0000000008008ec8                DMA2_Stream0_IRQHandler
                0x0000000008008ec8                TIM4_IRQHandler
                0x0000000008008ec8                I2C1_EV_IRQHandler
                0x0000000008008ec8                DMA1_Stream6_IRQHandler
                0x0000000008008ec8                UART4_IRQHandler
                0x0000000008008ec8                TIM3_IRQHandler
                0x0000000008008ec8                RCC_IRQHandler
                0x0000000008008ec8                TIM8_BRK_TIM12_IRQHandler
                0x0000000008008ec8                Default_Handler
                0x0000000008008ec8                ADC_IRQHandler
                0x0000000008008ec8                DMA1_Stream7_IRQHandler
                0x0000000008008ec8                TIM7_IRQHandler
                0x0000000008008ec8                CAN2_TX_IRQHandler
                0x0000000008008ec8                TIM5_IRQHandler
                0x0000000008008ec8                DMA2_Stream7_IRQHandler
                0x0000000008008ec8                I2C3_EV_IRQHandler
                0x0000000008008ec8                EXTI9_5_IRQHandler
                0x0000000008008ec8                RTC_WKUP_IRQHandler
                0x0000000008008ec8                ETH_WKUP_IRQHandler
                0x0000000008008ec8                SPI2_IRQHandler
                0x0000000008008ec8                OTG_HS_EP1_IN_IRQHandler
                0x0000000008008ec8                DMA1_Stream0_IRQHandler
                0x0000000008008ec8                CAN1_TX_IRQHandler
                0x0000000008008ec8                EXTI4_IRQHandler
                0x0000000008008ec8                FSMC_IRQHandler
                0x0000000008008ec8                OTG_HS_EP1_OUT_IRQHandler
                0x0000000008008ec8                WWDG_IRQHandler
                0x0000000008008ec8                TIM2_IRQHandler
                0x0000000008008ec8                OTG_FS_WKUP_IRQHandler
                0x0000000008008ec8                TIM1_TRG_COM_TIM11_IRQHandler
                0x0000000008008ec8                OTG_HS_IRQHandler
                0x0000000008008ec8                EXTI1_IRQHandler
                0x0000000008008ec8                USART2_IRQHandler
                0x0000000008008ec8                I2C2_ER_IRQHandler
                0x0000000008008ec8                DMA2_Stream1_IRQHandler
                0x0000000008008ec8                CAN1_SCE_IRQHandler
                0x0000000008008ec8                FLASH_IRQHandler
                0x0000000008008ec8                DMA2_Stream4_IRQHandler
                0x0000000008008ec8                USART1_IRQHandler
                0x0000000008008ec8                OTG_FS_IRQHandler
                0x0000000008008ec8                SPI3_IRQHandler
                0x0000000008008ec8                DMA1_Stream4_IRQHandler
                0x0000000008008ec8                I2C1_ER_IRQHandler
                0x0000000008008ec8                DMA2_Stream6_IRQHandler
 .text.SystemInit
                0x0000000008008eca        0x4 CMakeFiles/main.elf.dir/components/CMSIS/Device/ST/STM32F2xx/Source/Templates/system_stm32f2xx.c.obj
                0x0000000008008eca                SystemInit
 *fill*         0x0000000008008ece        0x2 
 .text.pxPortInitialiseStack
                0x0000000008008ed0       0x50 librtos.a(port.c.obj)
                0x0000000008008ed0                pxPortInitialiseStack
 .text.prvTaskExitError
                0x0000000008008f20       0x2a librtos.a(port.c.obj)
 *fill*         0x0000000008008f4a        0x6 
 .text.SVC_Handler
                0x0000000008008f50       0x28 librtos.a(port.c.obj)
                0x0000000008008f50                SVC_Handler
 .text.prvPortStartFirstTask
                0x0000000008008f78       0x24 librtos.a(port.c.obj)
 .text.xPortStartScheduler
                0x0000000008008f9c       0xc8 librtos.a(port.c.obj)
                0x0000000008008f9c                xPortStartScheduler
 .text.vPortEnterCritical
                0x0000000008009064       0x3c librtos.a(port.c.obj)
                0x0000000008009064                vPortEnterCritical
 .text.vPortExitCritical
                0x00000000080090a0       0x2c librtos.a(port.c.obj)
                0x00000000080090a0                vPortExitCritical
 *fill*         0x00000000080090cc        0x4 
 .text.PendSV_Handler
                0x00000000080090d0       0x48 librtos.a(port.c.obj)
                0x00000000080090d0                PendSV_Handler
 .text.xPortSysTickHandler
                0x0000000008009118       0x44 librtos.a(port.c.obj)
                0x0000000008009118                xPortSysTickHandler
 .text.vPortSetupTimerInterrupt
                0x000000000800915c       0x3c librtos.a(port.c.obj)
                0x000000000800915c                vPortSetupTimerInterrupt
 .text.vPortValidateInterruptPriority
                0x0000000008009198       0x2c librtos.a(port.c.obj)
                0x0000000008009198                vPortValidateInterruptPriority
 .text.pvPortMalloc
                0x00000000080091c4      0x130 librtos.a(heap_4.c.obj)
                0x00000000080091c4                pvPortMalloc
 .text.vPortFree
                0x00000000080092f4       0x78 librtos.a(heap_4.c.obj)
                0x00000000080092f4                vPortFree
 .text.prvHeapInit
                0x000000000800936c       0xb0 librtos.a(heap_4.c.obj)
 .text.prvInsertBlockIntoFreeList
                0x000000000800941c       0xa8 librtos.a(heap_4.c.obj)
 .text.xQueueGenericReset
                0x00000000080094c4       0xe4 librtos.a(queue.c.obj)
                0x00000000080094c4                xQueueGenericReset
 .text.xQueueGenericCreate
                0x00000000080095a8       0x80 librtos.a(queue.c.obj)
                0x00000000080095a8                xQueueGenericCreate
 .text.prvInitialiseNewQueue
                0x0000000008009628       0x48 librtos.a(queue.c.obj)
 .text.xQueueCreateCountingSemaphore
                0x0000000008009670       0x3c librtos.a(queue.c.obj)
                0x0000000008009670                xQueueCreateCountingSemaphore
 .text.xQueueGenericSend
                0x00000000080096ac      0x174 librtos.a(queue.c.obj)
                0x00000000080096ac                xQueueGenericSend
 .text.xQueueReceive
                0x0000000008009820      0x158 librtos.a(queue.c.obj)
                0x0000000008009820                xQueueReceive
 .text.xQueueSemaphoreTake
                0x0000000008009978      0x198 librtos.a(queue.c.obj)
                0x0000000008009978                xQueueSemaphoreTake
 .text.uxQueueMessagesWaiting
                0x0000000008009b10       0x1e librtos.a(queue.c.obj)
                0x0000000008009b10                uxQueueMessagesWaiting
 .text.vQueueDelete
                0x0000000008009b2e       0x1e librtos.a(queue.c.obj)
                0x0000000008009b2e                vQueueDelete
 .text.prvGetDisinheritPriorityAfterTimeout
                0x0000000008009b4c       0x26 librtos.a(queue.c.obj)
 .text.prvCopyDataToQueue
                0x0000000008009b72       0xd2 librtos.a(queue.c.obj)
 .text.prvCopyDataFromQueue
                0x0000000008009c44       0x4a librtos.a(queue.c.obj)
 .text.prvUnlockQueue
                0x0000000008009c8e       0xae librtos.a(queue.c.obj)
 .text.prvIsQueueEmpty
                0x0000000008009d3c       0x2a librtos.a(queue.c.obj)
 .text.prvIsQueueFull
                0x0000000008009d66       0x2e librtos.a(queue.c.obj)
 .text.vQueueAddToRegistry
                0x0000000008009d94       0x78 librtos.a(queue.c.obj)
                0x0000000008009d94                vQueueAddToRegistry
 .text.vQueueUnregisterQueue
                0x0000000008009e0c       0x4c librtos.a(queue.c.obj)
                0x0000000008009e0c                vQueueUnregisterQueue
 .text.vQueueWaitForMessageRestricted
                0x0000000008009e58       0x66 librtos.a(queue.c.obj)
                0x0000000008009e58                vQueueWaitForMessageRestricted
 .text.xTaskCreate
                0x0000000008009ebe       0x90 librtos.a(tasks.c.obj)
                0x0000000008009ebe                xTaskCreate
 .text.prvInitialiseNewTask
                0x0000000008009f4e       0xde librtos.a(tasks.c.obj)
 .text.prvAddNewTaskToReadyList
                0x000000000800a02c      0x12c librtos.a(tasks.c.obj)
 .text.vTaskDelay
                0x000000000800a158       0x4c librtos.a(tasks.c.obj)
                0x000000000800a158                vTaskDelay
 .text.vTaskStartScheduler
                0x000000000800a1a4       0x84 librtos.a(tasks.c.obj)
                0x000000000800a1a4                vTaskStartScheduler
 .text.vTaskSuspendAll
                0x000000000800a228       0x14 librtos.a(tasks.c.obj)
                0x000000000800a228                vTaskSuspendAll
 .text.xTaskResumeAll
                0x000000000800a23c      0x1dc librtos.a(tasks.c.obj)
                0x000000000800a23c                xTaskResumeAll
 .text.xTaskGetTickCount
                0x000000000800a418       0x14 librtos.a(tasks.c.obj)
                0x000000000800a418                xTaskGetTickCount
 .text.xTaskIncrementTick
                0x000000000800a42c      0x210 librtos.a(tasks.c.obj)
                0x000000000800a42c                xTaskIncrementTick
 .text.vTaskSwitchContext
                0x000000000800a63c       0x98 librtos.a(tasks.c.obj)
                0x000000000800a63c                vTaskSwitchContext
 .text.vTaskPlaceOnEventList
                0x000000000800a6d4       0x2c librtos.a(tasks.c.obj)
                0x000000000800a6d4                vTaskPlaceOnEventList
 .text.vTaskPlaceOnUnorderedEventList
                0x000000000800a700       0x74 librtos.a(tasks.c.obj)
                0x000000000800a700                vTaskPlaceOnUnorderedEventList
 .text.vTaskPlaceOnEventListRestricted
                0x000000000800a774       0x6c librtos.a(tasks.c.obj)
                0x000000000800a774                vTaskPlaceOnEventListRestricted
 .text.xTaskRemoveFromEventList
                0x000000000800a7e0      0x188 librtos.a(tasks.c.obj)
                0x000000000800a7e0                xTaskRemoveFromEventList
 .text.vTaskRemoveFromUnorderedEventList
                0x000000000800a968      0x140 librtos.a(tasks.c.obj)
                0x000000000800a968                vTaskRemoveFromUnorderedEventList
 .text.vTaskSetTimeOutState
                0x000000000800aaa8       0x30 librtos.a(tasks.c.obj)
                0x000000000800aaa8                vTaskSetTimeOutState
 .text.vTaskInternalSetTimeOutState
                0x000000000800aad8       0x24 librtos.a(tasks.c.obj)
                0x000000000800aad8                vTaskInternalSetTimeOutState
 .text.xTaskCheckForTimeOut
                0x000000000800aafc       0x90 librtos.a(tasks.c.obj)
                0x000000000800aafc                xTaskCheckForTimeOut
 .text.vTaskMissedYield
                0x000000000800ab8c       0x10 librtos.a(tasks.c.obj)
                0x000000000800ab8c                vTaskMissedYield
 .text.prvIdleTask
                0x000000000800ab9c       0x2c librtos.a(tasks.c.obj)
 .text.prvInitialiseTaskLists
                0x000000000800abc8       0x7c librtos.a(tasks.c.obj)
 .text.prvCheckTasksWaitingTermination
                0x000000000800ac44       0x58 librtos.a(tasks.c.obj)
 .text.prvDeleteTCB
                0x000000000800ac9c       0x1e librtos.a(tasks.c.obj)
 *fill*         0x000000000800acba        0x2 
 .text.prvResetNextTaskUnblockTime
                0x000000000800acbc       0x2c librtos.a(tasks.c.obj)
 .text.xTaskGetCurrentTaskHandle
                0x000000000800ace8       0x14 librtos.a(tasks.c.obj)
                0x000000000800ace8                xTaskGetCurrentTaskHandle
 .text.xTaskGetSchedulerState
                0x000000000800acfc       0x34 librtos.a(tasks.c.obj)
                0x000000000800acfc                xTaskGetSchedulerState
 .text.xTaskPriorityInherit
                0x000000000800ad30      0x13c librtos.a(tasks.c.obj)
                0x000000000800ad30                xTaskPriorityInherit
 .text.xTaskPriorityDisinherit
                0x000000000800ae6c      0x108 librtos.a(tasks.c.obj)
                0x000000000800ae6c                xTaskPriorityDisinherit
 .text.vTaskPriorityDisinheritAfterTimeout
                0x000000000800af74      0x134 librtos.a(tasks.c.obj)
                0x000000000800af74                vTaskPriorityDisinheritAfterTimeout
 .text.uxTaskResetEventItemValue
                0x000000000800b0a8       0x28 librtos.a(tasks.c.obj)
                0x000000000800b0a8                uxTaskResetEventItemValue
 .text.pvTaskIncrementMutexHeldCount
                0x000000000800b0d0       0x20 librtos.a(tasks.c.obj)
                0x000000000800b0d0                pvTaskIncrementMutexHeldCount
 .text.ulTaskGenericNotifyTake
                0x000000000800b0f0       0xb0 librtos.a(tasks.c.obj)
                0x000000000800b0f0                ulTaskGenericNotifyTake
 .text.vTaskGenericNotifyGiveFromISR
                0x000000000800b1a0      0x1b4 librtos.a(tasks.c.obj)
                0x000000000800b1a0                vTaskGenericNotifyGiveFromISR
 .text.prvAddCurrentTaskToDelayedList
                0x000000000800b354       0xfc librtos.a(tasks.c.obj)
 .text.xTimerCreateTimerTask
                0x000000000800b450       0x48 librtos.a(timers.c.obj)
                0x000000000800b450                xTimerCreateTimerTask
 .text.prvReloadTimer
                0x000000000800b498       0x40 librtos.a(timers.c.obj)
 .text.prvProcessExpiredTimer
                0x000000000800b4d8       0x5c librtos.a(timers.c.obj)
 .text.prvTimerTask
                0x000000000800b534       0x20 librtos.a(timers.c.obj)
 .text.prvProcessTimerOrBlockTask
                0x000000000800b554       0x98 librtos.a(timers.c.obj)
 .text.prvGetNextExpireTime
                0x000000000800b5ec       0x3c librtos.a(timers.c.obj)
 .text.prvSampleTimeNow
                0x000000000800b628       0x3c librtos.a(timers.c.obj)
 .text.prvInsertTimerInActiveList
                0x000000000800b664       0x84 librtos.a(timers.c.obj)
 .text.prvProcessReceivedCommands
                0x000000000800b6e8      0x158 librtos.a(timers.c.obj)
 .text.prvSwitchTimerLists
                0x000000000800b840       0x48 librtos.a(timers.c.obj)
 .text.prvCheckForValidListAndQueue
                0x000000000800b888       0x6c librtos.a(timers.c.obj)
 .text.vCastPointerTo_DNSMessage_t
                0x000000000800b8f4        0xc librtos.a(FreeRTOS_DNS.c.obj)
 .text.vCastConstPtrTo_DNSMessage_t
                0x000000000800b900        0xc librtos.a(FreeRTOS_DNS.c.obj)
 .text.vCastPointerTo_DNSTail_t
                0x000000000800b90c        0xc librtos.a(FreeRTOS_DNS.c.obj)
 .text.vCastPointerTo_DNSAnswerRecord_t
                0x000000000800b918        0xc librtos.a(FreeRTOS_DNS.c.obj)
 .text.vCastPointerTo_LLMNRAnswer_t
                0x000000000800b924        0xc librtos.a(FreeRTOS_DNS.c.obj)
 .text.vCastPointerTo_NBNSAnswer_t
                0x000000000800b930        0xc librtos.a(FreeRTOS_DNS.c.obj)
 .text.FreeRTOS_dnslookup
                0x000000000800b93c       0x20 librtos.a(FreeRTOS_DNS.c.obj)
                0x000000000800b93c                FreeRTOS_dnslookup
 .text.FreeRTOS_gethostbyname
                0x000000000800b95c       0x16 librtos.a(FreeRTOS_DNS.c.obj)
                0x000000000800b95c                FreeRTOS_gethostbyname
 *fill*         0x000000000800b972        0x2 
 .text.prvPrepareLookup
                0x000000000800b974       0xbc librtos.a(FreeRTOS_DNS.c.obj)
 .text.prvGetHostByName
                0x000000000800ba30      0x1c4 librtos.a(FreeRTOS_DNS.c.obj)
 .text.prvCreateDNSMessage
                0x000000000800bbf4       0xd4 librtos.a(FreeRTOS_DNS.c.obj)
 .text.prvReadNameField
                0x000000000800bcc8      0x108 librtos.a(FreeRTOS_DNS.c.obj)
 .text.prvSkipNameField
                0x000000000800bdd0       0xa2 librtos.a(FreeRTOS_DNS.c.obj)
 .text.ulDNSHandlePacket
                0x000000000800be72       0x38 librtos.a(FreeRTOS_DNS.c.obj)
                0x000000000800be72                ulDNSHandlePacket
 .text.ulNBNSHandlePacket
                0x000000000800beaa       0x36 librtos.a(FreeRTOS_DNS.c.obj)
                0x000000000800beaa                ulNBNSHandlePacket
 .text.prvParseDNSReply
                0x000000000800bee0      0x59c librtos.a(FreeRTOS_DNS.c.obj)
 .text.prvTreatNBNS
                0x000000000800c47c      0x2f4 librtos.a(FreeRTOS_DNS.c.obj)
 .text.prvCreateDNSSocket
                0x000000000800c770       0x50 librtos.a(FreeRTOS_DNS.c.obj)
 .text.prvReplyDNSMessage
                0x000000000800c7c0       0xe8 librtos.a(FreeRTOS_DNS.c.obj)
 .text.prvProcessDNSCache
                0x000000000800c8a8      0x260 librtos.a(FreeRTOS_DNS.c.obj)
 .text.prvIPTask
                0x000000000800cb08      0x1d0 librtos.a(FreeRTOS_IP.c.obj)
 .text.xIsCallingFromIPTask
                0x000000000800ccd8       0x2c librtos.a(FreeRTOS_IP.c.obj)
                0x000000000800ccd8                xIsCallingFromIPTask
 .text.prvHandleEthernetPacket
                0x000000000800cd04       0x2c librtos.a(FreeRTOS_IP.c.obj)
 .text.prvCalculateSleepTime
                0x000000000800cd30       0x48 librtos.a(FreeRTOS_IP.c.obj)
 .text.prvCheckNetworkTimers
                0x000000000800cd78       0xb8 librtos.a(FreeRTOS_IP.c.obj)
 .text.prvIPTimerStart
                0x000000000800ce30       0x46 librtos.a(FreeRTOS_IP.c.obj)
 .text.prvIPTimerReload
                0x000000000800ce76       0x1e librtos.a(FreeRTOS_IP.c.obj)
 .text.prvIPTimerCheck
                0x000000000800ce94       0x76 librtos.a(FreeRTOS_IP.c.obj)
 *fill*         0x000000000800cf0a        0x2 
 .text.FreeRTOS_NetworkDown
                0x000000000800cf0c       0x34 librtos.a(FreeRTOS_IP.c.obj)
                0x000000000800cf0c                FreeRTOS_NetworkDown
 .text.pxDuplicateNetworkBufferWithDescriptor
                0x000000000800cf40       0x52 librtos.a(FreeRTOS_IP.c.obj)
                0x000000000800cf40                pxDuplicateNetworkBufferWithDescriptor
 .text.prvPacketBuffer_to_NetworkBuffer
                0x000000000800cf92       0x3e librtos.a(FreeRTOS_IP.c.obj)
 .text.pxPacketBuffer_to_NetworkBuffer
                0x000000000800cfd0       0x18 librtos.a(FreeRTOS_IP.c.obj)
                0x000000000800cfd0                pxPacketBuffer_to_NetworkBuffer
 .text.pxUDPPayloadBuffer_to_NetworkBuffer
                0x000000000800cfe8       0x18 librtos.a(FreeRTOS_IP.c.obj)
                0x000000000800cfe8                pxUDPPayloadBuffer_to_NetworkBuffer
 .text.FreeRTOS_ReleaseUDPPayloadBuffer
                0x000000000800d000       0x1c librtos.a(FreeRTOS_IP.c.obj)
                0x000000000800d000                FreeRTOS_ReleaseUDPPayloadBuffer
 .text.FreeRTOS_IPInit
                0x000000000800d01c      0x17c librtos.a(FreeRTOS_IP.c.obj)
                0x000000000800d01c                FreeRTOS_IPInit
 .text.FreeRTOS_GetAddressConfiguration
                0x000000000800d198       0x50 librtos.a(FreeRTOS_IP.c.obj)
                0x000000000800d198                FreeRTOS_GetAddressConfiguration
 .text.xSendEventToIPTask
                0x000000000800d1e8       0x2e librtos.a(FreeRTOS_IP.c.obj)
                0x000000000800d1e8                xSendEventToIPTask
 *fill*         0x000000000800d216        0x2 
 .text.xSendEventStructToIPTask
                0x000000000800d218       0xac librtos.a(FreeRTOS_IP.c.obj)
                0x000000000800d218                xSendEventStructToIPTask
 .text.prvProcessNetworkDownEvent
                0x000000000800d2c4       0x4c librtos.a(FreeRTOS_IP.c.obj)
 .text.vIPNetworkUpCalls
                0x000000000800d310       0x24 librtos.a(FreeRTOS_IP.c.obj)
                0x000000000800d310                vIPNetworkUpCalls
 .text.prvProcessEthernetPacket
                0x000000000800d334       0xf4 librtos.a(FreeRTOS_IP.c.obj)
 .text.xIsIPv4Multicast
                0x000000000800d428       0x46 librtos.a(FreeRTOS_IP.c.obj)
                0x000000000800d428                xIsIPv4Multicast
 .text.vSetMultiCastIPv4MacAddress
                0x000000000800d46e       0x60 librtos.a(FreeRTOS_IP.c.obj)
                0x000000000800d46e                vSetMultiCastIPv4MacAddress
 *fill*         0x000000000800d4ce        0x2 
 .text.prvAllowIPPacket
                0x000000000800d4d0      0x1f0 librtos.a(FreeRTOS_IP.c.obj)
 .text.prvProcessIPPacket
                0x000000000800d6c0      0x294 librtos.a(FreeRTOS_IP.c.obj)
 .text.prvProcessICMPEchoRequest
                0x000000000800d954       0x50 librtos.a(FreeRTOS_IP.c.obj)
 .text.prvProcessICMPPacket
                0x000000000800d9a4       0x54 librtos.a(FreeRTOS_IP.c.obj)
 .text.xCheckSizeFields
                0x000000000800d9f8      0x150 librtos.a(FreeRTOS_IP.c.obj)
 .text.vReturnEthernetFrame
                0x000000000800db48       0xcc librtos.a(FreeRTOS_IP.c.obj)
                0x000000000800db48                vReturnEthernetFrame
 .text.FreeRTOS_GetMACAddress
                0x000000000800dc14        0xc librtos.a(FreeRTOS_IP.c.obj)
                0x000000000800dc14                FreeRTOS_GetMACAddress
 .text.vIPSetARPResolutionTimerEnableState
                0x000000000800dc20       0x2c librtos.a(FreeRTOS_IP.c.obj)
                0x000000000800dc20                vIPSetARPResolutionTimerEnableState
 .text.xIPIsNetworkTaskReady
                0x000000000800dc4c        0xc librtos.a(FreeRTOS_IP.c.obj)
                0x000000000800dc4c                xIPIsNetworkTaskReady
 .text.FreeRTOS_max_uint32
                0x000000000800dc58       0x16 librtos.a(FreeRTOS_IP.c.obj)
                0x000000000800dc58                FreeRTOS_max_uint32
 .text.FreeRTOS_min_int32
                0x000000000800dc6e       0x16 librtos.a(FreeRTOS_IP.c.obj)
                0x000000000800dc6e                FreeRTOS_min_int32
 .text.FreeRTOS_min_uint32
                0x000000000800dc84       0x16 librtos.a(FreeRTOS_IP.c.obj)
                0x000000000800dc84                FreeRTOS_min_uint32
 .text.FreeRTOS_min_size_t
                0x000000000800dc9a       0x16 librtos.a(FreeRTOS_IP.c.obj)
                0x000000000800dc9a                FreeRTOS_min_size_t
 .text.FreeRTOS_round_up
                0x000000000800dcb0       0x20 librtos.a(FreeRTOS_IP.c.obj)
                0x000000000800dcb0                FreeRTOS_round_up
 .text.vCastPointerTo_EthernetHeader_t
                0x000000000800dcd0        0xc librtos.a(FreeRTOS_IP.c.obj)
                0x000000000800dcd0                vCastPointerTo_EthernetHeader_t
 .text.vCastConstPtrTo_EthernetHeader_t
                0x000000000800dcdc        0xc librtos.a(FreeRTOS_IP.c.obj)
                0x000000000800dcdc                vCastConstPtrTo_EthernetHeader_t
 .text.vCastConstPtrTo_IPHeader_t
                0x000000000800dce8        0xc librtos.a(FreeRTOS_IP.c.obj)
                0x000000000800dce8                vCastConstPtrTo_IPHeader_t
 .text.vCastPointerTo_ARPPacket_t
                0x000000000800dcf4        0xc librtos.a(FreeRTOS_IP.c.obj)
                0x000000000800dcf4                vCastPointerTo_ARPPacket_t
 .text.vCastPointerTo_IPPacket_t
                0x000000000800dd00        0xc librtos.a(FreeRTOS_IP.c.obj)
                0x000000000800dd00                vCastPointerTo_IPPacket_t
 .text.vCastConstPtrTo_IPPacket_t
                0x000000000800dd0c        0xc librtos.a(FreeRTOS_IP.c.obj)
                0x000000000800dd0c                vCastConstPtrTo_IPPacket_t
 .text.vCastPointerTo_ICMPPacket_t
                0x000000000800dd18        0xc librtos.a(FreeRTOS_IP.c.obj)
                0x000000000800dd18                vCastPointerTo_ICMPPacket_t
 .text.vCastPointerTo_UDPPacket_t
                0x000000000800dd24        0xc librtos.a(FreeRTOS_IP.c.obj)
                0x000000000800dd24                vCastPointerTo_UDPPacket_t
 .text.vCastConstPtrTo_UDPPacket_t
                0x000000000800dd30        0xc librtos.a(FreeRTOS_IP.c.obj)
                0x000000000800dd30                vCastConstPtrTo_UDPPacket_t
 .text.vCastPointerTo_TCPPacket_t
                0x000000000800dd3c        0xc librtos.a(FreeRTOS_IP.c.obj)
                0x000000000800dd3c                vCastPointerTo_TCPPacket_t
 .text.vCastConstPtrTo_TCPPacket_t
                0x000000000800dd48        0xc librtos.a(FreeRTOS_IP.c.obj)
                0x000000000800dd48                vCastConstPtrTo_TCPPacket_t
 .text.vCastPointerTo_ProtocolPacket_t
                0x000000000800dd54        0xc librtos.a(FreeRTOS_IP.c.obj)
                0x000000000800dd54                vCastPointerTo_ProtocolPacket_t
 .text.vCastConstPtrTo_ProtocolPacket_t
                0x000000000800dd60        0xc librtos.a(FreeRTOS_IP.c.obj)
                0x000000000800dd60                vCastConstPtrTo_ProtocolPacket_t
 .text.vCastPointerTo_ProtocolHeaders_t
                0x000000000800dd6c        0xc librtos.a(FreeRTOS_IP.c.obj)
                0x000000000800dd6c                vCastPointerTo_ProtocolHeaders_t
 .text.vCastConstPtrTo_ProtocolHeaders_t
                0x000000000800dd78        0xc librtos.a(FreeRTOS_IP.c.obj)
                0x000000000800dd78                vCastConstPtrTo_ProtocolHeaders_t
 .text.vCastPointerTo_FreeRTOS_Socket_t
                0x000000000800dd84        0xc librtos.a(FreeRTOS_IP.c.obj)
                0x000000000800dd84                vCastPointerTo_FreeRTOS_Socket_t
 .text.vCastConstPtrTo_FreeRTOS_Socket_t
                0x000000000800dd90        0xc librtos.a(FreeRTOS_IP.c.obj)
                0x000000000800dd90                vCastConstPtrTo_FreeRTOS_Socket_t
 .text.vCastPointerTo_ListItem_t
                0x000000000800dd9c        0xc librtos.a(FreeRTOS_IP.c.obj)
                0x000000000800dd9c                vCastPointerTo_ListItem_t
 .text.vCastConstPtrTo_ListItem_t
                0x000000000800dda8        0xc librtos.a(FreeRTOS_IP.c.obj)
                0x000000000800dda8                vCastConstPtrTo_ListItem_t
 .text.vCastPointerTo_SocketSelect_t
                0x000000000800ddb4        0xc librtos.a(FreeRTOS_IP.c.obj)
                0x000000000800ddb4                vCastPointerTo_SocketSelect_t
 .text.vCastPointerTo_NetworkBufferDescriptor_t
                0x000000000800ddc0        0xc librtos.a(FreeRTOS_IP.c.obj)
                0x000000000800ddc0                vCastPointerTo_NetworkBufferDescriptor_t
 .text.ulChar2u32
                0x000000000800ddcc       0x2c librtos.a(FreeRTOS_IP.c.obj)
                0x000000000800ddcc                ulChar2u32
 .text.usChar2u16
                0x000000000800ddf8       0x20 librtos.a(FreeRTOS_IP.c.obj)
                0x000000000800ddf8                usChar2u16
 .text.vCastPointerTo_StreamBuffer_t
                0x000000000800de18        0xc librtos.a(FreeRTOS_Sockets.c.obj)
 .text.prvValidSocket
                0x000000000800de24       0x50 librtos.a(FreeRTOS_Sockets.c.obj)
 .text.vNetworkSocketsInit
                0x000000000800de74       0x1c librtos.a(FreeRTOS_Sockets.c.obj)
                0x000000000800de74                vNetworkSocketsInit
 .text.prvDetermineSocketSize
                0x000000000800de90       0x64 librtos.a(FreeRTOS_Sockets.c.obj)
 .text.FreeRTOS_socket
                0x000000000800def4      0x12c librtos.a(FreeRTOS_Sockets.c.obj)
                0x000000000800def4                FreeRTOS_socket
 .text.FreeRTOS_recvfrom
                0x000000000800e020      0x156 librtos.a(FreeRTOS_Sockets.c.obj)
                0x000000000800e020                FreeRTOS_recvfrom
 .text.prvMakeSureSocketIsBound
                0x000000000800e176       0x3e librtos.a(FreeRTOS_Sockets.c.obj)
 .text.FreeRTOS_sendto
                0x000000000800e1b4      0x11c librtos.a(FreeRTOS_Sockets.c.obj)
                0x000000000800e1b4                FreeRTOS_sendto
 .text.FreeRTOS_bind
                0x000000000800e2d0       0xd0 librtos.a(FreeRTOS_Sockets.c.obj)
                0x000000000800e2d0                FreeRTOS_bind
 .text.vSocketBind
                0x000000000800e3a0      0x110 librtos.a(FreeRTOS_Sockets.c.obj)
                0x000000000800e3a0                vSocketBind
 .text.FreeRTOS_closesocket
                0x000000000800e4b0       0x58 librtos.a(FreeRTOS_Sockets.c.obj)
                0x000000000800e4b0                FreeRTOS_closesocket
 .text.vSocketClose
                0x000000000800e508       0xf4 librtos.a(FreeRTOS_Sockets.c.obj)
                0x000000000800e508                vSocketClose
 .text.prvTCPSetSocketCount
                0x000000000800e5fc      0x120 librtos.a(FreeRTOS_Sockets.c.obj)
 .text.prvSockopt_so_buffer
                0x000000000800e71c       0xb0 librtos.a(FreeRTOS_Sockets.c.obj)
 .text.FreeRTOS_setsockopt
                0x000000000800e7cc      0x368 librtos.a(FreeRTOS_Sockets.c.obj)
                0x000000000800e7cc                FreeRTOS_setsockopt
 .text.prvGetPrivatePortNumber
                0x000000000800eb34       0xcc librtos.a(FreeRTOS_Sockets.c.obj)
 .text.pxListFindListItemWithValue
                0x000000000800ec00       0x58 librtos.a(FreeRTOS_Sockets.c.obj)
 .text.pxUDPSocketLookup
                0x000000000800ec58       0x34 librtos.a(FreeRTOS_Sockets.c.obj)
                0x000000000800ec58                pxUDPSocketLookup
 .text.FreeRTOS_inet_ntoa
                0x000000000800ec8c      0x114 librtos.a(FreeRTOS_Sockets.c.obj)
                0x000000000800ec8c                FreeRTOS_inet_ntoa
 .text.FreeRTOS_inet_ntop
                0x000000000800eda0       0x30 librtos.a(FreeRTOS_Sockets.c.obj)
                0x000000000800eda0                FreeRTOS_inet_ntop
 .text.FreeRTOS_inet_ntop4
                0x000000000800edd0       0x3c librtos.a(FreeRTOS_Sockets.c.obj)
                0x000000000800edd0                FreeRTOS_inet_ntop4
 .text.FreeRTOS_inet_pton4
                0x000000000800ee0c      0x140 librtos.a(FreeRTOS_Sockets.c.obj)
                0x000000000800ee0c                FreeRTOS_inet_pton4
 .text.FreeRTOS_inet_addr
                0x000000000800ef4c       0x28 librtos.a(FreeRTOS_Sockets.c.obj)
                0x000000000800ef4c                FreeRTOS_inet_addr
 .text.vSocketWakeUpUser
                0x000000000800ef74       0x74 librtos.a(FreeRTOS_Sockets.c.obj)
                0x000000000800ef74                vSocketWakeUpUser
 .text.bMayConnect
                0x000000000800efe8       0x42 librtos.a(FreeRTOS_Sockets.c.obj)
 .text.prvTCPConnectStart
                0x000000000800f02a       0xf6 librtos.a(FreeRTOS_Sockets.c.obj)
 .text.FreeRTOS_connect
                0x000000000800f120       0xa2 librtos.a(FreeRTOS_Sockets.c.obj)
                0x000000000800f120                FreeRTOS_connect
 .text.FreeRTOS_recv
                0x000000000800f1c2      0x1c6 librtos.a(FreeRTOS_Sockets.c.obj)
                0x000000000800f1c2                FreeRTOS_recv
 .text.prvTCPSendCheck
                0x000000000800f388       0xac librtos.a(FreeRTOS_Sockets.c.obj)
 .text.FreeRTOS_send
                0x000000000800f434      0x198 librtos.a(FreeRTOS_Sockets.c.obj)
                0x000000000800f434                FreeRTOS_send
 .text.xTCPTimerCheck
                0x000000000800f5cc       0xf0 librtos.a(FreeRTOS_Sockets.c.obj)
                0x000000000800f5cc                xTCPTimerCheck
 .text.pxTCPSocketLookup
                0x000000000800f6bc       0x90 librtos.a(FreeRTOS_Sockets.c.obj)
                0x000000000800f6bc                pxTCPSocketLookup
 .text.prvTCPCreateStream
                0x000000000800f74c      0x104 librtos.a(FreeRTOS_Sockets.c.obj)
 .text.lTCPAddRxdata
                0x000000000800f850      0x100 librtos.a(FreeRTOS_Sockets.c.obj)
                0x000000000800f850                lTCPAddRxdata
 .text.FreeRTOS_tx_space
                0x000000000800f950       0x44 librtos.a(FreeRTOS_Sockets.c.obj)
                0x000000000800f950                FreeRTOS_tx_space
 .text.FreeRTOS_tx_size
                0x000000000800f994       0x42 librtos.a(FreeRTOS_Sockets.c.obj)
                0x000000000800f994                FreeRTOS_tx_size
 .text.FreeRTOS_issocketconnected
                0x000000000800f9d6       0x3e librtos.a(FreeRTOS_Sockets.c.obj)
                0x000000000800f9d6                FreeRTOS_issocketconnected
 .text.FreeRTOS_rx_size
                0x000000000800fa14       0x42 librtos.a(FreeRTOS_Sockets.c.obj)
                0x000000000800fa14                FreeRTOS_rx_size
 .text.xSocketValid
                0x000000000800fa56       0x22 librtos.a(FreeRTOS_Sockets.c.obj)
                0x000000000800fa56                xSocketValid
 .text.vTCPNetStat
                0x000000000800fa78      0x18c librtos.a(FreeRTOS_Sockets.c.obj)
                0x000000000800fa78                vTCPNetStat
 .text.vSocketSelect
                0x000000000800fc04      0x240 librtos.a(FreeRTOS_Sockets.c.obj)
                0x000000000800fc04                vSocketSelect
 .text.uxStreamBufferSpace
                0x000000000800fe44       0x34 librtos.a(FreeRTOS_Stream_Buffer.c.obj)
                0x000000000800fe44                uxStreamBufferSpace
 .text.uxStreamBufferDistance
                0x000000000800fe78       0x32 librtos.a(FreeRTOS_Stream_Buffer.c.obj)
                0x000000000800fe78                uxStreamBufferDistance
 .text.uxStreamBufferGetSpace
                0x000000000800feaa       0x26 librtos.a(FreeRTOS_Stream_Buffer.c.obj)
                0x000000000800feaa                uxStreamBufferGetSpace
 .text.uxStreamBufferFrontSpace
                0x000000000800fed0       0x26 librtos.a(FreeRTOS_Stream_Buffer.c.obj)
                0x000000000800fed0                uxStreamBufferFrontSpace
 .text.uxStreamBufferGetSize
                0x000000000800fef6       0x26 librtos.a(FreeRTOS_Stream_Buffer.c.obj)
                0x000000000800fef6                uxStreamBufferGetSize
 .text.uxStreamBufferMidSpace
                0x000000000800ff1c       0x26 librtos.a(FreeRTOS_Stream_Buffer.c.obj)
                0x000000000800ff1c                uxStreamBufferMidSpace
 .text.vStreamBufferMoveMid
                0x000000000800ff42       0x50 librtos.a(FreeRTOS_Stream_Buffer.c.obj)
                0x000000000800ff42                vStreamBufferMoveMid
 .text.xStreamBufferLessThenEqual
                0x000000000800ff92       0x2e librtos.a(FreeRTOS_Stream_Buffer.c.obj)
                0x000000000800ff92                xStreamBufferLessThenEqual
 .text.uxStreamBufferGetPtr
                0x000000000800ffc0       0x3e librtos.a(FreeRTOS_Stream_Buffer.c.obj)
                0x000000000800ffc0                uxStreamBufferGetPtr
 .text.uxStreamBufferAdd
                0x000000000800fffe       0xfe librtos.a(FreeRTOS_Stream_Buffer.c.obj)
                0x000000000800fffe                uxStreamBufferAdd
 .text.uxStreamBufferGet
                0x00000000080100fc       0xe6 librtos.a(FreeRTOS_Stream_Buffer.c.obj)
                0x00000000080100fc                uxStreamBufferGet
 .text.prvTCPSocketIsActive
                0x00000000080101e2       0x4e librtos.a(FreeRTOS_TCP_IP.c.obj)
 .text.vSocketCloseNextTime
                0x0000000008010230       0x34 librtos.a(FreeRTOS_TCP_IP.c.obj)
                0x0000000008010230                vSocketCloseNextTime
 .text.prvTCPStatusAgeCheck
                0x0000000008010264       0xb0 librtos.a(FreeRTOS_TCP_IP.c.obj)
 .text.xTCPSocketCheck
                0x0000000008010314      0x10c librtos.a(FreeRTOS_TCP_IP.c.obj)
                0x0000000008010314                xTCPSocketCheck
 .text.prvTCPMakeSurePrepared
                0x0000000008010420       0x34 librtos.a(FreeRTOS_TCP_IP.c.obj)
 .text.prvTCPSendPacket
                0x0000000008010454       0xd0 librtos.a(FreeRTOS_TCP_IP.c.obj)
 .text.prvTCPSendRepeated
                0x0000000008010524       0x5e librtos.a(FreeRTOS_TCP_IP.c.obj)
 *fill*         0x0000000008010582        0x2 
 .text.prvTCPReturnPacket
                0x0000000008010584      0x3fc librtos.a(FreeRTOS_TCP_IP.c.obj)
 .text.prvTCPCreateWindow
                0x0000000008010980       0x88 librtos.a(FreeRTOS_TCP_IP.c.obj)
 .text.prvTCPPrepareConnect
                0x0000000008010a08      0x228 librtos.a(FreeRTOS_TCP_IP.c.obj)
 .text.prvTCPFlagMeaning
                0x0000000008010c30       0xb4 librtos.a(FreeRTOS_TCP_IP.c.obj)
 .text.prvCheckOptions
                0x0000000008010ce4       0xd0 librtos.a(FreeRTOS_TCP_IP.c.obj)
 .text.prvSingleStepTCPHeaderOptions
                0x0000000008010db4      0x1f8 librtos.a(FreeRTOS_TCP_IP.c.obj)
 .text.prvReadSackOption
                0x0000000008010fac       0x84 librtos.a(FreeRTOS_TCP_IP.c.obj)
 .text.prvWinScaleFactor
                0x0000000008011030       0x60 librtos.a(FreeRTOS_TCP_IP.c.obj)
 .text.prvSetSynAckOptions
                0x0000000008011090       0xa6 librtos.a(FreeRTOS_TCP_IP.c.obj)
 .text.prvTCPTouchSocket
                0x0000000008011136       0x46 librtos.a(FreeRTOS_TCP_IP.c.obj)
 .text.vTCPStateChange
                0x000000000801117c      0x20c librtos.a(FreeRTOS_TCP_IP.c.obj)
                0x000000000801117c                vTCPStateChange
 .text.prvTCPBufferResize
                0x0000000008011388       0xcc librtos.a(FreeRTOS_TCP_IP.c.obj)
 .text.prvTCPPrepareSend
                0x0000000008011454      0x34c librtos.a(FreeRTOS_TCP_IP.c.obj)
 .text.prvTCPNextTimeout
                0x00000000080117a0      0x11c librtos.a(FreeRTOS_TCP_IP.c.obj)
 .text.prvTCPAddTxData
                0x00000000080118bc       0x52 librtos.a(FreeRTOS_TCP_IP.c.obj)
 *fill*         0x000000000801190e        0x2 
 .text.prvTCPHandleFin
                0x0000000008011910      0x1b0 librtos.a(FreeRTOS_TCP_IP.c.obj)
 .text.prvCheckRxData
                0x0000000008011ac0      0x104 librtos.a(FreeRTOS_TCP_IP.c.obj)
 .text.prvStoreRxData
                0x0000000008011bc4       0xfc librtos.a(FreeRTOS_TCP_IP.c.obj)
 .text.prvSetOptions
                0x0000000008011cc0      0x174 librtos.a(FreeRTOS_TCP_IP.c.obj)
 .text.prvHandleSynReceived
                0x0000000008011e34      0x250 librtos.a(FreeRTOS_TCP_IP.c.obj)
 .text.prvHandleEstablished
                0x0000000008012084      0x2b0 librtos.a(FreeRTOS_TCP_IP.c.obj)
 .text.prvSendData
                0x0000000008012334      0x1e0 librtos.a(FreeRTOS_TCP_IP.c.obj)
 .text.prvTCPHandleState
                0x0000000008012514      0x24c librtos.a(FreeRTOS_TCP_IP.c.obj)
 .text.prvTCPSendSpecialPacketHelper
                0x0000000008012760       0x44 librtos.a(FreeRTOS_TCP_IP.c.obj)
 .text.prvTCPSendChallengeAck
                0x00000000080127a4       0x18 librtos.a(FreeRTOS_TCP_IP.c.obj)
 .text.prvTCPSendReset
                0x00000000080127bc       0x18 librtos.a(FreeRTOS_TCP_IP.c.obj)
 .text.prvSocketSetMSS
                0x00000000080127d4       0x7c librtos.a(FreeRTOS_TCP_IP.c.obj)
 .text.xProcessReceivedTCPPacket
                0x0000000008012850      0x394 librtos.a(FreeRTOS_TCP_IP.c.obj)
                0x0000000008012850                xProcessReceivedTCPPacket
 .text.prvHandleListen
                0x0000000008012be4      0x1e0 librtos.a(FreeRTOS_TCP_IP.c.obj)
 .text.prvTCPSocketCopy
                0x0000000008012dc4      0x134 librtos.a(FreeRTOS_TCP_IP.c.obj)
 .text.FreeRTOS_GetTCPStateName
                0x0000000008012ef8       0x30 librtos.a(FreeRTOS_TCP_IP.c.obj)
                0x0000000008012ef8                FreeRTOS_GetTCPStateName
 .text.xTCPCheckNewClient
                0x0000000008012f28       0xa0 librtos.a(FreeRTOS_TCP_IP.c.obj)
                0x0000000008012f28                xTCPCheckNewClient
 .text.vCastPointerTo_TCPSegment_t
                0x0000000008012fc8        0xc librtos.a(FreeRTOS_TCP_WIN.c.obj)
 .text.xSequenceLessThanOrEqual
                0x0000000008012fd4       0x20 librtos.a(FreeRTOS_TCP_WIN.c.obj)
 .text.xSequenceLessThan
                0x0000000008012ff4       0x22 librtos.a(FreeRTOS_TCP_WIN.c.obj)
                0x0000000008012ff4                xSequenceLessThan
 .text.xSequenceGreaterThan
                0x0000000008013016       0x22 librtos.a(FreeRTOS_TCP_WIN.c.obj)
                0x0000000008013016                xSequenceGreaterThan
 .text.xSequenceGreaterThanOrEqual
                0x0000000008013038       0x20 librtos.a(FreeRTOS_TCP_WIN.c.obj)
 .text.vListInsertFifo
                0x0000000008013058       0x1e librtos.a(FreeRTOS_TCP_WIN.c.obj)
 .text.vTCPTimerSet
                0x0000000008013076       0x18 librtos.a(FreeRTOS_TCP_WIN.c.obj)
 .text.ulTimerGetAge
                0x000000000801308e       0x20 librtos.a(FreeRTOS_TCP_WIN.c.obj)
 .text.vListInsertGeneric
                0x00000000080130ae       0x44 librtos.a(FreeRTOS_TCP_WIN.c.obj)
 *fill*         0x00000000080130f2        0x2 
 .text.prvCreateSectors
                0x00000000080130f4       0xb4 librtos.a(FreeRTOS_TCP_WIN.c.obj)
 .text.xTCPWindowRxFind
                0x00000000080131a8       0x54 librtos.a(FreeRTOS_TCP_WIN.c.obj)
 .text.xTCPWindowNew
                0x00000000080131fc       0xcc librtos.a(FreeRTOS_TCP_WIN.c.obj)
 .text.xTCPWindowRxEmpty
                0x00000000080132c8       0x60 librtos.a(FreeRTOS_TCP_WIN.c.obj)
                0x00000000080132c8                xTCPWindowRxEmpty
 .text.xTCPWindowGetHead
                0x0000000008013328       0x36 librtos.a(FreeRTOS_TCP_WIN.c.obj)
 .text.xTCPWindowPeekHead
                0x000000000801335e       0x30 librtos.a(FreeRTOS_TCP_WIN.c.obj)
 *fill*         0x000000000801338e        0x2 
 .text.vTCPWindowFree
                0x0000000008013390       0x54 librtos.a(FreeRTOS_TCP_WIN.c.obj)
 .text.vTCPWindowDestroy
                0x00000000080133e4       0x5e librtos.a(FreeRTOS_TCP_WIN.c.obj)
                0x00000000080133e4                vTCPWindowDestroy
 *fill*         0x0000000008013442        0x2 
 .text.vTCPWindowCreate
                0x0000000008013444       0x88 librtos.a(FreeRTOS_TCP_WIN.c.obj)
                0x0000000008013444                vTCPWindowCreate
 .text.vTCPWindowInit
                0x00000000080134cc       0xac librtos.a(FreeRTOS_TCP_WIN.c.obj)
                0x00000000080134cc                vTCPWindowInit
 .text.xTCPWindowRxConfirm
                0x0000000008013578       0xfc librtos.a(FreeRTOS_TCP_WIN.c.obj)
 .text.prvTCPWindowRx_ExpectedRX
                0x0000000008013674       0xd4 librtos.a(FreeRTOS_TCP_WIN.c.obj)
 .text.prvTCPWindowRx_UnexpectedRX
                0x0000000008013748      0x164 librtos.a(FreeRTOS_TCP_WIN.c.obj)
 .text.lTCPWindowRxCheck
                0x00000000080138ac       0xac librtos.a(FreeRTOS_TCP_WIN.c.obj)
                0x00000000080138ac                lTCPWindowRxCheck
 .text.lTCPIncrementTxPosition
                0x0000000008013958       0x28 librtos.a(FreeRTOS_TCP_WIN.c.obj)
 .text.prvTCPWindowTxAdd_FrontSegment
                0x0000000008013980       0x98 librtos.a(FreeRTOS_TCP_WIN.c.obj)
 .text.lTCPWindowTxAdd
                0x0000000008013a18      0x124 librtos.a(FreeRTOS_TCP_WIN.c.obj)
                0x0000000008013a18                lTCPWindowTxAdd
 .text.xTCPWindowTxDone
                0x0000000008013b3c       0x1a librtos.a(FreeRTOS_TCP_WIN.c.obj)
                0x0000000008013b3c                xTCPWindowTxDone
 .text.prvTCPWindowTxHasSpace
                0x0000000008013b56       0x8a librtos.a(FreeRTOS_TCP_WIN.c.obj)
 .text.xTCPWindowTxHasData
                0x0000000008013be0       0xca librtos.a(FreeRTOS_TCP_WIN.c.obj)
                0x0000000008013be0                xTCPWindowTxHasData
 *fill*         0x0000000008013caa        0x2 
 .text.pxTCPWindowTx_GetWaitQueue
                0x0000000008013cac       0xb0 librtos.a(FreeRTOS_TCP_WIN.c.obj)
 .text.pxTCPWindowTx_GetTXQueue
                0x0000000008013d5c       0xcc librtos.a(FreeRTOS_TCP_WIN.c.obj)
 .text.ulTCPWindowTxGet
                0x0000000008013e28      0x12c librtos.a(FreeRTOS_TCP_WIN.c.obj)
                0x0000000008013e28                ulTCPWindowTxGet
 .text.prvTCPWindowTxCheckAck_CalcSRTT
                0x0000000008013f54       0x70 librtos.a(FreeRTOS_TCP_WIN.c.obj)
 .text.prvTCPWindowTxCheckAck
                0x0000000008013fc4      0x1a8 librtos.a(FreeRTOS_TCP_WIN.c.obj)
 .text.prvTCPWindowFastRetransmit
                0x000000000801416c       0xd4 librtos.a(FreeRTOS_TCP_WIN.c.obj)
 .text.ulTCPWindowTxAck
                0x0000000008014240       0x38 librtos.a(FreeRTOS_TCP_WIN.c.obj)
                0x0000000008014240                ulTCPWindowTxAck
 .text.ulTCPWindowTxSack
                0x0000000008014278       0x84 librtos.a(FreeRTOS_TCP_WIN.c.obj)
                0x0000000008014278                ulTCPWindowTxSack
 .text.vProcessGeneratedUDPPacket
                0x00000000080142fc      0x148 librtos.a(FreeRTOS_UDP_IP.c.obj)
                0x00000000080142fc                vProcessGeneratedUDPPacket
 .text.xProcessReceivedUDPPacket
                0x0000000008014444      0x130 librtos.a(FreeRTOS_UDP_IP.c.obj)
                0x0000000008014444                xProcessReceivedUDPPacket
 .text.bIsValidNetworkDescriptor
                0x0000000008014574        0xc librtos.a(BufferAllocation_1.c.obj)
 .text.prvShowWarnings
                0x0000000008014580        0x4 librtos.a(BufferAllocation_1.c.obj)
 .text.xNetworkBuffersInitialise
                0x0000000008014584       0xbc librtos.a(BufferAllocation_1.c.obj)
                0x0000000008014584                xNetworkBuffersInitialise
 .text.pxGetNetworkBufferWithDescriptor
                0x0000000008014640       0xb8 librtos.a(BufferAllocation_1.c.obj)
                0x0000000008014640                pxGetNetworkBufferWithDescriptor
 .text.vReleaseNetworkBufferAndDescriptor
                0x00000000080146f8       0x88 librtos.a(BufferAllocation_1.c.obj)
                0x00000000080146f8                vReleaseNetworkBufferAndDescriptor
 .text.uxGetMinimumFreeNetworkBuffers
                0x0000000008014780        0xc librtos.a(BufferAllocation_1.c.obj)
                0x0000000008014780                uxGetMinimumFreeNetworkBuffers
 .text.uxGetNumberOfFreeNetworkBuffers
                0x000000000801478c        0xc librtos.a(BufferAllocation_1.c.obj)
                0x000000000801478c                uxGetNumberOfFreeNetworkBuffers
 .text.HAL_ETH_RxCpltCallback
                0x0000000008014798       0x58 librtos.a(NetworkInterface.c.obj)
                0x0000000008014798                HAL_ETH_RxCpltCallback
 .text.HAL_ETH_TxCpltCallback
                0x00000000080147f0       0x58 librtos.a(NetworkInterface.c.obj)
                0x00000000080147f0                HAL_ETH_TxCpltCallback
 .text.vClearTXBuffers
                0x0000000008014848       0xa0 librtos.a(NetworkInterface.c.obj)
 .text.xNetworkInterfaceInitialise
                0x00000000080148e8      0x160 librtos.a(NetworkInterface.c.obj)
                0x00000000080148e8                xNetworkInterfaceInitialise
 .text.prvDMATxDescListInit
                0x0000000008014a48       0x7c librtos.a(NetworkInterface.c.obj)
 .text.prvDMARxDescListInit
                0x0000000008014ac4       0x80 librtos.a(NetworkInterface.c.obj)
 .text.prvMACAddressConfig
                0x0000000008014b44       0x68 librtos.a(NetworkInterface.c.obj)
 .text.xNetworkInterfaceOutput
                0x0000000008014bac       0xf4 librtos.a(NetworkInterface.c.obj)
                0x0000000008014bac                xNetworkInterfaceOutput
 .text.xMayAcceptPacket
                0x0000000008014ca0       0x2a librtos.a(NetworkInterface.c.obj)
 *fill*         0x0000000008014cca        0x2 
 .text.prvPassEthMessages
                0x0000000008014ccc       0x4c librtos.a(NetworkInterface.c.obj)
 .text.prvNetworkInterfaceInput
                0x0000000008014d18      0x134 librtos.a(NetworkInterface.c.obj)
 .text.xSTM32_PhyRead
                0x0000000008014e4c       0x58 librtos.a(NetworkInterface.c.obj)
                0x0000000008014e4c                xSTM32_PhyRead
 .text.xSTM32_PhyWrite
                0x0000000008014ea4       0x58 librtos.a(NetworkInterface.c.obj)
                0x0000000008014ea4                xSTM32_PhyWrite
 .text.vMACBProbePhy
                0x0000000008014efc       0x30 librtos.a(NetworkInterface.c.obj)
                0x0000000008014efc                vMACBProbePhy
 .text.prvEthernetUpdateConfig
                0x0000000008014f2c       0xe0 librtos.a(NetworkInterface.c.obj)
 .text.vNetworkInterfaceAllocateRAMToBuffers
                0x000000000801500c       0x5c librtos.a(NetworkInterface.c.obj)
                0x000000000801500c                vNetworkInterfaceAllocateRAMToBuffers
 .text.prvEMACHandlerTask
                0x0000000008015068       0xd0 librtos.a(NetworkInterface.c.obj)
 .text.ETH_IRQHandler
                0x0000000008015138       0x10 librtos.a(NetworkInterface.c.obj)
                0x0000000008015138                ETH_IRQHandler
 .text.xEventGroupCreate
                0x0000000008015148       0x2c librtos.a(event_groups.c.obj)
                0x0000000008015148                xEventGroupCreate
 .text.xEventGroupWaitBits
                0x0000000008015174      0x120 librtos.a(event_groups.c.obj)
                0x0000000008015174                xEventGroupWaitBits
 .text.xEventGroupClearBits
                0x0000000008015294       0x32 librtos.a(event_groups.c.obj)
                0x0000000008015294                xEventGroupClearBits
 .text.xEventGroupSetBits
                0x00000000080152c6       0xd8 librtos.a(event_groups.c.obj)
                0x00000000080152c6                xEventGroupSetBits
 .text.vEventGroupDelete
                0x000000000801539e       0x3e librtos.a(event_groups.c.obj)