Archive member included to satisfy reference by file (symbol)

librtos.a(port.c.obj)         CMakeFiles/main.elf.dir/src/stm32f2xx_it.c.obj (xPortSysTickHandler)
librtos.a(tasks.c.obj)        librtos.a(port.c.obj) (pxCurrentTCB)
librtos.a(timers.c.obj)       librtos.a(tasks.c.obj) (xTimerCreateTimerTask)
librtos.a(list.c.obj)         librtos.a(tasks.c.obj) (vListInitialise)
librtos.a(heap_4.c.obj)       librtos.a(tasks.c.obj) (pvPortMalloc)
librtos.a(queue.c.obj)        librtos.a(timers.c.obj) (xQueueGenericCreate)
libhal.a(stm32f2xx_hal.c.obj)
                              CMakeFiles/main.elf.dir/home/kjuszcza/magisterka/board_config/src/board_config.c.obj (HAL_Init)
libhal.a(stm32f2xx_hal_cortex.c.obj)
                              libhal.a(stm32f2xx_hal.c.obj) (HAL_NVIC_SetPriorityGrouping)
libhal.a(stm32f2xx_hal_dma.c.obj)
                              CMakeFiles/main.elf.dir/home/kjuszcza/magisterka/board_config/src/hal_msp.c.obj (HAL_DMA_Init)
libhal.a(stm32f2xx_hal_gpio.c.obj)
                              CMakeFiles/main.elf.dir/home/kjuszcza/magisterka/board_config/src/board_config.c.obj (HAL_GPIO_Init)
libhal.a(stm32f2xx_hal_rcc.c.obj)
                              CMakeFiles/main.elf.dir/home/kjuszcza/magisterka/board_config/src/board_config.c.obj (HAL_RCC_OscConfig)
libhal.a(stm32f2xx_hal_uart.c.obj)
                              CMakeFiles/main.elf.dir/home/kjuszcza/magisterka/board_config/src/board_config.c.obj (HAL_UART_Init)
/home/kjuszcza/zephyr-sdk-0.13.2/arm-zephyr-eabi/bin/../lib/gcc/arm-zephyr-eabi/10.3.0/thumb/v7-m/nofp/libgcc.a(_aeabi_uldivmod.o)
                              libhal.a(stm32f2xx_hal_rcc.c.obj) (__aeabi_uldivmod)
/home/kjuszcza/zephyr-sdk-0.13.2/arm-zephyr-eabi/bin/../lib/gcc/arm-zephyr-eabi/10.3.0/thumb/v7-m/nofp/libgcc.a(_udivmoddi4.o)
                              /home/kjuszcza/zephyr-sdk-0.13.2/arm-zephyr-eabi/bin/../lib/gcc/arm-zephyr-eabi/10.3.0/thumb/v7-m/nofp/libgcc.a(_aeabi_uldivmod.o) (__udivmoddi4)
/home/kjuszcza/zephyr-sdk-0.13.2/arm-zephyr-eabi/bin/../lib/gcc/arm-zephyr-eabi/10.3.0/thumb/v7-m/nofp/libgcc.a(_dvmd_tls.o)
                              /home/kjuszcza/zephyr-sdk-0.13.2/arm-zephyr-eabi/bin/../lib/gcc/arm-zephyr-eabi/10.3.0/thumb/v7-m/nofp/libgcc.a(_aeabi_uldivmod.o) (__aeabi_ldiv0)
/home/kjuszcza/zephyr-sdk-0.13.2/arm-zephyr-eabi/bin/../lib/gcc/arm-zephyr-eabi/10.3.0/../../../../arm-zephyr-eabi/lib/thumb/v7-m/nofp/libc.a(lib_a-exit.o)
                              /home/kjuszcza/zephyr-sdk-0.13.2/arm-zephyr-eabi/bin/../lib/gcc/arm-zephyr-eabi/10.3.0/../../../../arm-zephyr-eabi/lib/thumb/v7-m/nofp/crt0.o (exit)
/home/kjuszcza/zephyr-sdk-0.13.2/arm-zephyr-eabi/bin/../lib/gcc/arm-zephyr-eabi/10.3.0/../../../../arm-zephyr-eabi/lib/thumb/v7-m/nofp/libc.a(lib_a-impure.o)
                              /home/kjuszcza/zephyr-sdk-0.13.2/arm-zephyr-eabi/bin/../lib/gcc/arm-zephyr-eabi/10.3.0/../../../../arm-zephyr-eabi/lib/thumb/v7-m/nofp/libc.a(lib_a-exit.o) (_global_impure_ptr)
/home/kjuszcza/zephyr-sdk-0.13.2/arm-zephyr-eabi/bin/../lib/gcc/arm-zephyr-eabi/10.3.0/../../../../arm-zephyr-eabi/lib/thumb/v7-m/nofp/libc.a(lib_a-init.o)
                              /home/kjuszcza/zephyr-sdk-0.13.2/arm-zephyr-eabi/bin/../lib/gcc/arm-zephyr-eabi/10.3.0/../../../../arm-zephyr-eabi/lib/thumb/v7-m/nofp/crt0.o (__libc_init_array)
/home/kjuszcza/zephyr-sdk-0.13.2/arm-zephyr-eabi/bin/../lib/gcc/arm-zephyr-eabi/10.3.0/../../../../arm-zephyr-eabi/lib/thumb/v7-m/nofp/libc.a(lib_a-memcpy.o)
                              librtos.a(queue.c.obj) (memcpy)
/home/kjuszcza/zephyr-sdk-0.13.2/arm-zephyr-eabi/bin/../lib/gcc/arm-zephyr-eabi/10.3.0/../../../../arm-zephyr-eabi/lib/thumb/v7-m/nofp/libc.a(lib_a-memset.o)
                              /home/kjuszcza/zephyr-sdk-0.13.2/arm-zephyr-eabi/bin/../lib/gcc/arm-zephyr-eabi/10.3.0/../../../../arm-zephyr-eabi/lib/thumb/v7-m/nofp/crt0.o (memset)
/home/kjuszcza/zephyr-sdk-0.13.2/arm-zephyr-eabi/bin/../lib/gcc/arm-zephyr-eabi/10.3.0/../../../../arm-zephyr-eabi/lib/thumb/v7-m/nofp/libc.a(lib_a-strlen-stub.o)
                              CMakeFiles/main.elf.dir/home/kjuszcza/magisterka/board_config/src/board_config.c.obj (strlen)

Discarded input sections

 .text          0x0000000000000000        0x0 /home/kjuszcza/zephyr-sdk-0.13.2/arm-zephyr-eabi/bin/../lib/gcc/arm-zephyr-eabi/10.3.0/thumb/v7-m/nofp/crti.o
 .data          0x0000000000000000        0x0 /home/kjuszcza/zephyr-sdk-0.13.2/arm-zephyr-eabi/bin/../lib/gcc/arm-zephyr-eabi/10.3.0/thumb/v7-m/nofp/crti.o
 .bss           0x0000000000000000        0x0 /home/kjuszcza/zephyr-sdk-0.13.2/arm-zephyr-eabi/bin/../lib/gcc/arm-zephyr-eabi/10.3.0/thumb/v7-m/nofp/crti.o
 .data          0x0000000000000000        0x4 /home/kjuszcza/zephyr-sdk-0.13.2/arm-zephyr-eabi/bin/../lib/gcc/arm-zephyr-eabi/10.3.0/thumb/v7-m/nofp/crtbegin.o
 .rodata        0x0000000000000000       0x24 /home/kjuszcza/zephyr-sdk-0.13.2/arm-zephyr-eabi/bin/../lib/gcc/arm-zephyr-eabi/10.3.0/thumb/v7-m/nofp/crtbegin.o
 .text          0x0000000000000000       0x7c /home/kjuszcza/zephyr-sdk-0.13.2/arm-zephyr-eabi/bin/../lib/gcc/arm-zephyr-eabi/10.3.0/../../../../arm-zephyr-eabi/lib/thumb/v7-m/nofp/crt0.o
 .data          0x0000000000000000        0x0 /home/kjuszcza/zephyr-sdk-0.13.2/arm-zephyr-eabi/bin/../lib/gcc/arm-zephyr-eabi/10.3.0/../../../../arm-zephyr-eabi/lib/thumb/v7-m/nofp/crt0.o
 .bss           0x0000000000000000        0x0 /home/kjuszcza/zephyr-sdk-0.13.2/arm-zephyr-eabi/bin/../lib/gcc/arm-zephyr-eabi/10.3.0/../../../../arm-zephyr-eabi/lib/thumb/v7-m/nofp/crt0.o
 .ARM.extab     0x0000000000000000        0x0 /home/kjuszcza/zephyr-sdk-0.13.2/arm-zephyr-eabi/bin/../lib/gcc/arm-zephyr-eabi/10.3.0/../../../../arm-zephyr-eabi/lib/thumb/v7-m/nofp/crt0.o
 .ARM.exidx     0x0000000000000000       0x10 /home/kjuszcza/zephyr-sdk-0.13.2/arm-zephyr-eabi/bin/../lib/gcc/arm-zephyr-eabi/10.3.0/../../../../arm-zephyr-eabi/lib/thumb/v7-m/nofp/crt0.o
 .ARM.attributes
                0x0000000000000000       0x1b /home/kjuszcza/zephyr-sdk-0.13.2/arm-zephyr-eabi/bin/../lib/gcc/arm-zephyr-eabi/10.3.0/../../../../arm-zephyr-eabi/lib/thumb/v7-m/nofp/crt0.o
 .text          0x0000000000000000        0x0 CMakeFiles/main.elf.dir/home/kjuszcza/magisterka/board_config/src/board_config.c.obj
 .data          0x0000000000000000        0x0 CMakeFiles/main.elf.dir/home/kjuszcza/magisterka/board_config/src/board_config.c.obj
 .bss           0x0000000000000000        0x0 CMakeFiles/main.elf.dir/home/kjuszcza/magisterka/board_config/src/board_config.c.obj
 .text          0x0000000000000000        0x0 CMakeFiles/main.elf.dir/home/kjuszcza/magisterka/board_config/src/hal_it.c.obj
 .data          0x0000000000000000        0x0 CMakeFiles/main.elf.dir/home/kjuszcza/magisterka/board_config/src/hal_it.c.obj
 .bss           0x0000000000000000        0x0 CMakeFiles/main.elf.dir/home/kjuszcza/magisterka/board_config/src/hal_it.c.obj
 .text          0x0000000000000000        0x0 CMakeFiles/main.elf.dir/home/kjuszcza/magisterka/board_config/src/hal_msp.c.obj
 .data          0x0000000000000000        0x0 CMakeFiles/main.elf.dir/home/kjuszcza/magisterka/board_config/src/hal_msp.c.obj
 .bss           0x0000000000000000        0x0 CMakeFiles/main.elf.dir/home/kjuszcza/magisterka/board_config/src/hal_msp.c.obj
 .text.HAL_UART_MspDeInit
                0x0000000000000000       0x54 CMakeFiles/main.elf.dir/home/kjuszcza/magisterka/board_config/src/hal_msp.c.obj
 .text          0x0000000000000000        0x0 CMakeFiles/main.elf.dir/src/main.c.obj
 .data          0x0000000000000000        0x0 CMakeFiles/main.elf.dir/src/main.c.obj
 .bss           0x0000000000000000        0x0 CMakeFiles/main.elf.dir/src/main.c.obj
 .text          0x0000000000000000        0x0 CMakeFiles/main.elf.dir/src/stm32f2xx_it.c.obj
 .data          0x0000000000000000        0x0 CMakeFiles/main.elf.dir/src/stm32f2xx_it.c.obj
 .bss           0x0000000000000000        0x0 CMakeFiles/main.elf.dir/src/stm32f2xx_it.c.obj
 .text          0x0000000000000000       0x14 CMakeFiles/main.elf.dir/components/CMSIS/Device/ST/STM32F2xx/Source/Templates/gcc/startup_stm32f207xx.s.obj
 .data          0x0000000000000000        0x0 CMakeFiles/main.elf.dir/components/CMSIS/Device/ST/STM32F2xx/Source/Templates/gcc/startup_stm32f207xx.s.obj
 .bss           0x0000000000000000        0x0 CMakeFiles/main.elf.dir/components/CMSIS/Device/ST/STM32F2xx/Source/Templates/gcc/startup_stm32f207xx.s.obj
 .text          0x0000000000000000        0x0 CMakeFiles/main.elf.dir/components/CMSIS/Device/ST/STM32F2xx/Source/Templates/system_stm32f2xx.c.obj
 .data          0x0000000000000000        0x0 CMakeFiles/main.elf.dir/components/CMSIS/Device/ST/STM32F2xx/Source/Templates/system_stm32f2xx.c.obj
 .bss           0x0000000000000000        0x0 CMakeFiles/main.elf.dir/components/CMSIS/Device/ST/STM32F2xx/Source/Templates/system_stm32f2xx.c.obj
 .text.SystemCoreClockUpdate
                0x0000000000000000       0xf8 CMakeFiles/main.elf.dir/components/CMSIS/Device/ST/STM32F2xx/Source/Templates/system_stm32f2xx.c.obj
 .text          0x0000000000000000        0x0 librtos.a(port.c.obj)
 .data          0x0000000000000000        0x0 librtos.a(port.c.obj)
 .bss           0x0000000000000000        0x0 librtos.a(port.c.obj)
 .rodata.pcInterruptPriorityRegisters
                0x0000000000000000        0x4 librtos.a(port.c.obj)
 .text.vPortEndScheduler
                0x0000000000000000       0x2c librtos.a(port.c.obj)
 .text.vPortValidateInterruptPriority
                0x0000000000000000       0x78 librtos.a(port.c.obj)
 .text          0x0000000000000000        0x0 librtos.a(tasks.c.obj)
 .data          0x0000000000000000        0x0 librtos.a(tasks.c.obj)
 .bss           0x0000000000000000        0x0 librtos.a(tasks.c.obj)
 .text.vTaskDelete
                0x0000000000000000      0x128 librtos.a(tasks.c.obj)
 .text.xTaskDelayUntil
                0x0000000000000000       0xfc librtos.a(tasks.c.obj)
 .text.vTaskDelay
                0x0000000000000000       0x68 librtos.a(tasks.c.obj)
 .text.eTaskGetState
                0x0000000000000000       0xf0 librtos.a(tasks.c.obj)
 .text.uxTaskPriorityGet
                0x0000000000000000       0x34 librtos.a(tasks.c.obj)
 .text.uxTaskPriorityGetFromISR
                0x0000000000000000       0x58 librtos.a(tasks.c.obj)
 .text.vTaskPrioritySet
                0x0000000000000000      0x1a4 librtos.a(tasks.c.obj)
 .text.vTaskSuspend
                0x0000000000000000      0x13c librtos.a(tasks.c.obj)
 .text.prvTaskIsTaskSuspended
                0x0000000000000000       0x58 librtos.a(tasks.c.obj)
 .text.vTaskResume
                0x0000000000000000      0x108 librtos.a(tasks.c.obj)
 .text.xTaskResumeFromISR
                0x0000000000000000      0x13c librtos.a(tasks.c.obj)
 .text.vTaskEndScheduler
                0x0000000000000000       0x30 librtos.a(tasks.c.obj)
 .text.xTaskGetTickCountFromISR
                0x0000000000000000       0x20 librtos.a(tasks.c.obj)
 .text.uxTaskGetNumberOfTasks
                0x0000000000000000        0xc librtos.a(tasks.c.obj)
 .text.pcTaskGetName
                0x0000000000000000       0x40 librtos.a(tasks.c.obj)
 .text.uxTaskGetSystemState
                0x0000000000000000      0x118 librtos.a(tasks.c.obj)
 .text.xTaskCatchUpTicks
                0x0000000000000000       0x54 librtos.a(tasks.c.obj)
 .text.vTaskPlaceOnUnorderedEventList
                0x0000000000000000       0xac librtos.a(tasks.c.obj)
 .text.vTaskRemoveFromUnorderedEventList
                0x0000000000000000      0x178 librtos.a(tasks.c.obj)
 .text.vTaskSetTimeOutState
                0x0000000000000000       0x4c librtos.a(tasks.c.obj)
 .text.uxTaskGetTaskNumber
                0x0000000000000000       0x22 librtos.a(tasks.c.obj)
 .text.vTaskSetTaskNumber
                0x0000000000000000       0x1c librtos.a(tasks.c.obj)
 .text.vTaskGetInfo
                0x0000000000000000       0xd0 librtos.a(tasks.c.obj)
 .text.prvListTasksWithinSingleList
                0x0000000000000000       0xa6 librtos.a(tasks.c.obj)
 .text.prvTaskCheckFreeStackSpace
                0x0000000000000000       0x2e librtos.a(tasks.c.obj)
 .text.xTaskGetCurrentTaskHandle
                0x0000000000000000       0x14 librtos.a(tasks.c.obj)
 .text.xTaskPriorityInherit
                0x0000000000000000      0x13c librtos.a(tasks.c.obj)
 .text.xTaskPriorityDisinherit
                0x0000000000000000      0x144 librtos.a(tasks.c.obj)
 .text.vTaskPriorityDisinheritAfterTimeout
                0x0000000000000000      0x170 librtos.a(tasks.c.obj)
 .text.uxTaskResetEventItemValue
                0x0000000000000000       0x28 librtos.a(tasks.c.obj)
 .text.pvTaskIncrementMutexHeldCount
                0x0000000000000000       0x20 librtos.a(tasks.c.obj)
 .text.ulTaskGenericNotifyTake
                0x0000000000000000       0xcc librtos.a(tasks.c.obj)
 .text.xTaskGenericNotifyWait
                0x0000000000000000       0xfc librtos.a(tasks.c.obj)
 .text.xTaskGenericNotify
                0x0000000000000000      0x248 librtos.a(tasks.c.obj)
 .text.xTaskGenericNotifyFromISR
                0x0000000000000000      0x2bc librtos.a(tasks.c.obj)
 .text.vTaskGenericNotifyGiveFromISR
                0x0000000000000000      0x208 librtos.a(tasks.c.obj)
 .text.xTaskGenericNotifyStateClear
                0x0000000000000000       0x70 librtos.a(tasks.c.obj)
 .text.ulTaskGenericNotifyValueClear
                0x0000000000000000       0x58 librtos.a(tasks.c.obj)
 .text          0x0000000000000000        0x0 librtos.a(timers.c.obj)
 .data          0x0000000000000000        0x0 librtos.a(timers.c.obj)
 .bss           0x0000000000000000        0x0 librtos.a(timers.c.obj)
 .text.xTimerCreate
                0x0000000000000000       0x40 librtos.a(timers.c.obj)
 .text.prvInitialiseNewTimer
                0x0000000000000000       0x6e librtos.a(timers.c.obj)
 .text.xTimerGenericCommand
                0x0000000000000000       0x94 librtos.a(timers.c.obj)
 .text.xTimerGetTimerDaemonTaskHandle
                0x0000000000000000       0x30 librtos.a(timers.c.obj)
 .text.xTimerGetPeriod
                0x0000000000000000       0x2e librtos.a(timers.c.obj)
 .text.vTimerSetReloadMode
                0x0000000000000000       0x64 librtos.a(timers.c.obj)
 .text.xTimerGetReloadMode
                0x0000000000000000       0x50 librtos.a(timers.c.obj)
 .text.uxTimerGetReloadMode
                0x0000000000000000       0x16 librtos.a(timers.c.obj)
 .text.xTimerGetExpiryTime
                0x0000000000000000       0x32 librtos.a(timers.c.obj)
 .text.pcTimerGetName
                0x0000000000000000       0x2e librtos.a(timers.c.obj)
 .text.xTimerIsTimerActive
                0x0000000000000000       0x50 librtos.a(timers.c.obj)
 .text.pvTimerGetTimerID
                0x0000000000000000       0x3e librtos.a(timers.c.obj)
 .text.vTimerSetTimerID
                0x0000000000000000       0x3e librtos.a(timers.c.obj)
 .text.uxTimerGetTimerNumber
                0x0000000000000000        0xe librtos.a(timers.c.obj)
 .text.vTimerSetTimerNumber
                0x0000000000000000       0x12 librtos.a(timers.c.obj)
 .text          0x0000000000000000        0x0 librtos.a(list.c.obj)
 .data          0x0000000000000000        0x0 librtos.a(list.c.obj)
 .bss           0x0000000000000000        0x0 librtos.a(list.c.obj)
 .text.vListInsertEnd
                0x0000000000000000       0x3e librtos.a(list.c.obj)
 .text          0x0000000000000000        0x0 librtos.a(heap_4.c.obj)
 .data          0x0000000000000000        0x0 librtos.a(heap_4.c.obj)
 .bss           0x0000000000000000        0x0 librtos.a(heap_4.c.obj)
 .rodata.xHeapStructSize
                0x0000000000000000        0x4 librtos.a(heap_4.c.obj)
 .text.xPortGetFreeHeapSize
                0x0000000000000000        0xc librtos.a(heap_4.c.obj)
 .text.xPortGetMinimumEverFreeHeapSize
                0x0000000000000000        0xc librtos.a(heap_4.c.obj)
 .text.vPortInitialiseBlocks
                0x0000000000000000        0x4 librtos.a(heap_4.c.obj)
 .text.pvPortCalloc
                0x0000000000000000       0x5e librtos.a(heap_4.c.obj)
 .text.vPortGetHeapStats
                0x0000000000000000       0xb8 librtos.a(heap_4.c.obj)
 .text          0x0000000000000000        0x0 librtos.a(queue.c.obj)
 .data          0x0000000000000000        0x0 librtos.a(queue.c.obj)
 .bss           0x0000000000000000        0x0 librtos.a(queue.c.obj)
 .text.prvInitialiseMutex
                0x0000000000000000       0x32 librtos.a(queue.c.obj)
 .text.xQueueCreateMutex
                0x0000000000000000       0x32 librtos.a(queue.c.obj)
 .text.xQueueGiveMutexRecursive
                0x0000000000000000       0x64 librtos.a(queue.c.obj)
 .text.xQueueTakeMutexRecursive
                0x0000000000000000       0x68 librtos.a(queue.c.obj)
 .text.xQueueCreateCountingSemaphore
                0x0000000000000000       0x5a librtos.a(queue.c.obj)
 .text.xQueueGenericSend
                0x0000000000000000      0x1f8 librtos.a(queue.c.obj)
 .text.xQueueGenericSendFromISR
                0x0000000000000000      0x162 librtos.a(queue.c.obj)
 .text.xQueueGiveFromISR
                0x0000000000000000      0x146 librtos.a(queue.c.obj)
 .text.xQueueSemaphoreTake
                0x0000000000000000      0x210 librtos.a(queue.c.obj)
 .text.xQueuePeek
                0x0000000000000000      0x1bc librtos.a(queue.c.obj)
 .text.xQueueReceiveFromISR
                0x0000000000000000      0x12c librtos.a(queue.c.obj)
 .text.xQueuePeekFromISR
                0x0000000000000000       0xd0 librtos.a(queue.c.obj)
 .text.uxQueueMessagesWaiting
                0x0000000000000000       0x3a librtos.a(queue.c.obj)
 .text.uxQueueSpacesAvailable
                0x0000000000000000       0x44 librtos.a(queue.c.obj)
 .text.uxQueueMessagesWaitingFromISR
                0x0000000000000000       0x32 librtos.a(queue.c.obj)
 .text.vQueueDelete
                0x0000000000000000       0x3a librtos.a(queue.c.obj)
 .text.uxQueueGetQueueNumber
                0x0000000000000000        0xe librtos.a(queue.c.obj)
 .text.vQueueSetQueueNumber
                0x0000000000000000       0x12 librtos.a(queue.c.obj)
 .text.ucQueueGetQueueType
                0x0000000000000000       0x10 librtos.a(queue.c.obj)
 .text.prvGetDisinheritPriorityAfterTimeout
                0x0000000000000000       0x26 librtos.a(queue.c.obj)
 .text.prvCopyDataToQueue
                0x0000000000000000       0xd2 librtos.a(queue.c.obj)
 .text.xQueueIsQueueEmptyFromISR
                0x0000000000000000       0x3e librtos.a(queue.c.obj)
 .text.prvIsQueueFull
                0x0000000000000000       0x2e librtos.a(queue.c.obj)
 .text.xQueueIsQueueFullFromISR
                0x0000000000000000       0x42 librtos.a(queue.c.obj)
 .text.pcQueueGetName
                0x0000000000000000       0x60 librtos.a(queue.c.obj)
 .text.vQueueUnregisterQueue
                0x0000000000000000       0x68 librtos.a(queue.c.obj)
 .text          0x0000000000000000        0x0 libhal.a(stm32f2xx_hal.c.obj)
 .data          0x0000000000000000        0x0 libhal.a(stm32f2xx_hal.c.obj)
 .bss           0x0000000000000000        0x0 libhal.a(stm32f2xx_hal.c.obj)
 .text.HAL_DeInit
                0x0000000000000000       0x58 libhal.a(stm32f2xx_hal.c.obj)
 .text.HAL_MspInit
                0x0000000000000000        0x4 libhal.a(stm32f2xx_hal.c.obj)
 .text.HAL_MspDeInit
                0x0000000000000000        0x4 libhal.a(stm32f2xx_hal.c.obj)
 .text.HAL_GetTickPrio
                0x0000000000000000        0xc libhal.a(stm32f2xx_hal.c.obj)
 .text.HAL_SetTickFreq
                0x0000000000000000       0x60 libhal.a(stm32f2xx_hal.c.obj)
 .text.HAL_GetTickFreq
                0x0000000000000000        0xc libhal.a(stm32f2xx_hal.c.obj)
 .text.HAL_SuspendTick
                0x0000000000000000       0x14 libhal.a(stm32f2xx_hal.c.obj)
 .text.HAL_ResumeTick
                0x0000000000000000       0x14 libhal.a(stm32f2xx_hal.c.obj)
 .text.HAL_GetHalVersion
                0x0000000000000000        0xc libhal.a(stm32f2xx_hal.c.obj)
 .text.HAL_GetREVID
                0x0000000000000000       0x10 libhal.a(stm32f2xx_hal.c.obj)
 .text.HAL_GetDEVID
                0x0000000000000000       0x10 libhal.a(stm32f2xx_hal.c.obj)
 .text.HAL_DBGMCU_EnableDBGSleepMode
                0x0000000000000000       0x14 libhal.a(stm32f2xx_hal.c.obj)
 .text.HAL_DBGMCU_DisableDBGSleepMode
                0x0000000000000000       0x14 libhal.a(stm32f2xx_hal.c.obj)
 .text.HAL_DBGMCU_EnableDBGStopMode
                0x0000000000000000       0x14 libhal.a(stm32f2xx_hal.c.obj)
 .text.HAL_DBGMCU_DisableDBGStopMode
                0x0000000000000000       0x14 libhal.a(stm32f2xx_hal.c.obj)
 .text.HAL_DBGMCU_EnableDBGStandbyMode
                0x0000000000000000       0x14 libhal.a(stm32f2xx_hal.c.obj)
 .text.HAL_DBGMCU_DisableDBGStandbyMode
                0x0000000000000000       0x14 libhal.a(stm32f2xx_hal.c.obj)
 .text.HAL_EnableCompensationCell
                0x0000000000000000       0x30 libhal.a(stm32f2xx_hal.c.obj)
 .text.HAL_DisableCompensationCell
                0x0000000000000000       0x30 libhal.a(stm32f2xx_hal.c.obj)
 .text.HAL_GetUIDw0
                0x0000000000000000        0xc libhal.a(stm32f2xx_hal.c.obj)
 .text.HAL_GetUIDw1
                0x0000000000000000        0xc libhal.a(stm32f2xx_hal.c.obj)
 .text.HAL_GetUIDw2
                0x0000000000000000        0xc libhal.a(stm32f2xx_hal.c.obj)
 .text          0x0000000000000000        0x0 libhal.a(stm32f2xx_hal_cortex.c.obj)
 .data          0x0000000000000000        0x0 libhal.a(stm32f2xx_hal_cortex.c.obj)
 .bss           0x0000000000000000        0x0 libhal.a(stm32f2xx_hal_cortex.c.obj)
 .text.__NVIC_DisableIRQ
                0x0000000000000000       0x44 libhal.a(stm32f2xx_hal_cortex.c.obj)
 .text.__NVIC_GetPendingIRQ
                0x0000000000000000       0x3c libhal.a(stm32f2xx_hal_cortex.c.obj)
 .text.__NVIC_SetPendingIRQ
                0x0000000000000000       0x38 libhal.a(stm32f2xx_hal_cortex.c.obj)
 .text.__NVIC_ClearPendingIRQ
                0x0000000000000000       0x38 libhal.a(stm32f2xx_hal_cortex.c.obj)
 .text.__NVIC_GetActive
                0x0000000000000000       0x3c libhal.a(stm32f2xx_hal_cortex.c.obj)
 .text.__NVIC_GetPriority
                0x0000000000000000       0x48 libhal.a(stm32f2xx_hal_cortex.c.obj)
 .text.NVIC_DecodePriority
                0x0000000000000000       0x64 libhal.a(stm32f2xx_hal_cortex.c.obj)
 .text.__NVIC_SystemReset
                0x0000000000000000       0x28 libhal.a(stm32f2xx_hal_cortex.c.obj)
 .text.HAL_NVIC_DisableIRQ
                0x0000000000000000       0x1c libhal.a(stm32f2xx_hal_cortex.c.obj)
 .text.HAL_NVIC_SystemReset
                0x0000000000000000        0x6 libhal.a(stm32f2xx_hal_cortex.c.obj)
 .text.HAL_MPU_Disable
                0x0000000000000000       0x24 libhal.a(stm32f2xx_hal_cortex.c.obj)
 .text.HAL_MPU_Enable
                0x0000000000000000       0x34 libhal.a(stm32f2xx_hal_cortex.c.obj)
 .text.HAL_MPU_ConfigRegion
                0x0000000000000000       0x80 libhal.a(stm32f2xx_hal_cortex.c.obj)
 .text.HAL_NVIC_GetPriorityGrouping
                0x0000000000000000        0xc libhal.a(stm32f2xx_hal_cortex.c.obj)
 .text.HAL_NVIC_GetPriority
                0x0000000000000000       0x2c libhal.a(stm32f2xx_hal_cortex.c.obj)
 .text.HAL_NVIC_SetPendingIRQ
                0x0000000000000000       0x1c libhal.a(stm32f2xx_hal_cortex.c.obj)
 .text.HAL_NVIC_GetPendingIRQ
                0x0000000000000000       0x1e libhal.a(stm32f2xx_hal_cortex.c.obj)
 .text.HAL_NVIC_ClearPendingIRQ
                0x0000000000000000       0x1c libhal.a(stm32f2xx_hal_cortex.c.obj)
 .text.HAL_NVIC_GetActive
                0x0000000000000000       0x1e libhal.a(stm32f2xx_hal_cortex.c.obj)
 .text.HAL_SYSTICK_CLKSourceConfig
                0x0000000000000000       0x30 libhal.a(stm32f2xx_hal_cortex.c.obj)
 .text.HAL_SYSTICK_IRQHandler
                0x0000000000000000        0xa libhal.a(stm32f2xx_hal_cortex.c.obj)
 .text.HAL_SYSTICK_Callback
                0x0000000000000000        0x4 libhal.a(stm32f2xx_hal_cortex.c.obj)
 .text          0x0000000000000000        0x0 libhal.a(stm32f2xx_hal_dma.c.obj)
 .data          0x0000000000000000        0x0 libhal.a(stm32f2xx_hal_dma.c.obj)
 .bss           0x0000000000000000        0x0 libhal.a(stm32f2xx_hal_dma.c.obj)
 .text.HAL_DMA_DeInit
                0x0000000000000000       0xba libhal.a(stm32f2xx_hal_dma.c.obj)
 .text.HAL_DMA_Start
                0x0000000000000000       0x7a libhal.a(stm32f2xx_hal_dma.c.obj)
 .text.HAL_DMA_PollForTransfer
                0x0000000000000000      0x1c6 libhal.a(stm32f2xx_hal_dma.c.obj)
 .text.HAL_DMA_RegisterCallback
                0x0000000000000000       0xa8 libhal.a(stm32f2xx_hal_dma.c.obj)
 .text.HAL_DMA_UnRegisterCallback
                0x0000000000000000       0xd4 libhal.a(stm32f2xx_hal_dma.c.obj)
 .text.HAL_DMA_GetState
                0x0000000000000000       0x12 libhal.a(stm32f2xx_hal_dma.c.obj)
 .text.HAL_DMA_GetError
                0x0000000000000000        0xe libhal.a(stm32f2xx_hal_dma.c.obj)
 .text          0x0000000000000000        0x0 libhal.a(stm32f2xx_hal_gpio.c.obj)
 .data          0x0000000000000000        0x0 libhal.a(stm32f2xx_hal_gpio.c.obj)
 .bss           0x0000000000000000        0x0 libhal.a(stm32f2xx_hal_gpio.c.obj)
 .text.HAL_GPIO_DeInit
                0x0000000000000000      0x1f4 libhal.a(stm32f2xx_hal_gpio.c.obj)
 .text.HAL_GPIO_ReadPin
                0x0000000000000000       0x30 libhal.a(stm32f2xx_hal_gpio.c.obj)
 .text.HAL_GPIO_LockPin
                0x0000000000000000       0x4c libhal.a(stm32f2xx_hal_gpio.c.obj)
 .text.HAL_GPIO_EXTI_IRQHandler
                0x0000000000000000       0x38 libhal.a(stm32f2xx_hal_gpio.c.obj)
 .text.HAL_GPIO_EXTI_Callback
                0x0000000000000000        0xe libhal.a(stm32f2xx_hal_gpio.c.obj)
 .text          0x0000000000000000        0x0 libhal.a(stm32f2xx_hal_rcc.c.obj)
 .data          0x0000000000000000        0x0 libhal.a(stm32f2xx_hal_rcc.c.obj)
 .bss           0x0000000000000000        0x0 libhal.a(stm32f2xx_hal_rcc.c.obj)
 .text.HAL_RCC_DeInit
                0x0000000000000000      0x160 libhal.a(stm32f2xx_hal_rcc.c.obj)
 .text.HAL_RCC_MCOConfig
                0x0000000000000000       0xc8 libhal.a(stm32f2xx_hal_rcc.c.obj)
 .text.HAL_RCC_EnableCSS
                0x0000000000000000       0x10 libhal.a(stm32f2xx_hal_rcc.c.obj)
 .text.HAL_RCC_DisableCSS
                0x0000000000000000       0x10 libhal.a(stm32f2xx_hal_rcc.c.obj)
 .text.HAL_RCC_GetOscConfig
                0x0000000000000000      0x17c libhal.a(stm32f2xx_hal_rcc.c.obj)
 .text.HAL_RCC_GetClockConfig
                0x0000000000000000       0x58 libhal.a(stm32f2xx_hal_rcc.c.obj)
 .text.HAL_RCC_NMI_IRQHandler
                0x0000000000000000       0x24 libhal.a(stm32f2xx_hal_rcc.c.obj)
 .text.HAL_RCC_CSSCallback
                0x0000000000000000        0x4 libhal.a(stm32f2xx_hal_rcc.c.obj)
 .text          0x0000000000000000        0x0 libhal.a(stm32f2xx_hal_uart.c.obj)
 .data          0x0000000000000000        0x0 libhal.a(stm32f2xx_hal_uart.c.obj)
 .bss           0x0000000000000000        0x0 libhal.a(stm32f2xx_hal_uart.c.obj)
 .text.HAL_HalfDuplex_Init
                0x0000000000000000       0xa8 libhal.a(stm32f2xx_hal_uart.c.obj)
 .text.HAL_LIN_Init
                0x0000000000000000       0xca libhal.a(stm32f2xx_hal_uart.c.obj)
 .text.HAL_MultiProcessor_Init
                0x0000000000000000       0xe2 libhal.a(stm32f2xx_hal_uart.c.obj)
 .text.HAL_UART_DeInit
                0x0000000000000000       0x5c libhal.a(stm32f2xx_hal_uart.c.obj)
 .text.HAL_UART_MspInit
                0x0000000000000000        0xa libhal.a(stm32f2xx_hal_uart.c.obj)
 .text.HAL_UART_MspDeInit
                0x0000000000000000        0xa libhal.a(stm32f2xx_hal_uart.c.obj)
 .text.HAL_UART_Transmit
                0x0000000000000000      0x12a libhal.a(stm32f2xx_hal_uart.c.obj)
 .text.HAL_UART_Receive
                0x0000000000000000      0x14a libhal.a(stm32f2xx_hal_uart.c.obj)
 .text.HAL_UART_Transmit_IT
                0x0000000000000000       0x88 libhal.a(stm32f2xx_hal_uart.c.obj)
 .text.HAL_UART_Receive_IT
                0x0000000000000000       0x64 libhal.a(stm32f2xx_hal_uart.c.obj)
 .text.HAL_UART_Receive_DMA
                0x0000000000000000       0x64 libhal.a(stm32f2xx_hal_uart.c.obj)
 .text.HAL_UART_DMAPause
                0x0000000000000000       0xbe libhal.a(stm32f2xx_hal_uart.c.obj)
 .text.HAL_UART_DMAResume
                0x0000000000000000       0x98 libhal.a(stm32f2xx_hal_uart.c.obj)
 .text.HAL_UART_DMAStop
                0x0000000000000000       0xb4 libhal.a(stm32f2xx_hal_uart.c.obj)
 .text.HAL_UARTEx_ReceiveToIdle
                0x0000000000000000      0x1c0 libhal.a(stm32f2xx_hal_uart.c.obj)
 .text.HAL_UARTEx_ReceiveToIdle_IT
                0x0000000000000000       0xaa libhal.a(stm32f2xx_hal_uart.c.obj)
 .text.HAL_UARTEx_ReceiveToIdle_DMA
                0x0000000000000000       0xaa libhal.a(stm32f2xx_hal_uart.c.obj)
 .text.HAL_UART_Abort
                0x0000000000000000      0x120 libhal.a(stm32f2xx_hal_uart.c.obj)
 .text.HAL_UART_AbortTransmit
                0x0000000000000000       0x86 libhal.a(stm32f2xx_hal_uart.c.obj)
 .text.HAL_UART_AbortReceive
                0x0000000000000000       0xb4 libhal.a(stm32f2xx_hal_uart.c.obj)
 .text.HAL_UART_Abort_IT
                0x0000000000000000      0x164 libhal.a(stm32f2xx_hal_uart.c.obj)
 .text.HAL_UART_AbortTransmit_IT
                0x0000000000000000       0x9c libhal.a(stm32f2xx_hal_uart.c.obj)
 .text.HAL_UART_AbortReceive_IT
                0x0000000000000000       0xd0 libhal.a(stm32f2xx_hal_uart.c.obj)
 .text.HAL_UART_RxHalfCpltCallback
                0x0000000000000000        0xa libhal.a(stm32f2xx_hal_uart.c.obj)
 .text.HAL_UART_AbortCpltCallback
                0x0000000000000000        0xa libhal.a(stm32f2xx_hal_uart.c.obj)
 .text.HAL_UART_AbortTransmitCpltCallback
                0x0000000000000000        0xa libhal.a(stm32f2xx_hal_uart.c.obj)
 .text.HAL_UART_AbortReceiveCpltCallback
                0x0000000000000000        0xa libhal.a(stm32f2xx_hal_uart.c.obj)
 .text.HAL_LIN_SendBreak
                0x0000000000000000       0x4a libhal.a(stm32f2xx_hal_uart.c.obj)
 .text.HAL_MultiProcessor_EnterMuteMode
                0x0000000000000000       0x4a libhal.a(stm32f2xx_hal_uart.c.obj)
 .text.HAL_MultiProcessor_ExitMuteMode
                0x0000000000000000       0x4a libhal.a(stm32f2xx_hal_uart.c.obj)
 .text.HAL_HalfDuplex_EnableTransmitter
                0x0000000000000000       0x5e libhal.a(stm32f2xx_hal_uart.c.obj)
 .text.HAL_HalfDuplex_EnableReceiver
                0x0000000000000000       0x5e libhal.a(stm32f2xx_hal_uart.c.obj)
 .text.HAL_UART_GetState
                0x0000000000000000       0x32 libhal.a(stm32f2xx_hal_uart.c.obj)
 .text.HAL_UART_GetError
                0x0000000000000000        0xe libhal.a(stm32f2xx_hal_uart.c.obj)
 .text.UART_DMAReceiveCplt
                0x0000000000000000       0x94 libhal.a(stm32f2xx_hal_uart.c.obj)
 .text.UART_DMARxHalfCplt
                0x0000000000000000       0x34 libhal.a(stm32f2xx_hal_uart.c.obj)
 .text.UART_WaitOnFlagUntilTimeout
                0x0000000000000000       0x96 libhal.a(stm32f2xx_hal_uart.c.obj)
 .text.UART_Start_Receive_IT
                0x0000000000000000       0x70 libhal.a(stm32f2xx_hal_uart.c.obj)
 .text.UART_Start_Receive_DMA
                0x0000000000000000       0xcc libhal.a(stm32f2xx_hal_uart.c.obj)
 .text.UART_DMATxAbortCallback
                0x0000000000000000       0x5e libhal.a(stm32f2xx_hal_uart.c.obj)
 .text.UART_DMARxAbortCallback
                0x0000000000000000       0x5e libhal.a(stm32f2xx_hal_uart.c.obj)
 .text.UART_DMATxOnlyAbortCallback
                0x0000000000000000       0x28 libhal.a(stm32f2xx_hal_uart.c.obj)
 .text.UART_DMARxOnlyAbortCallback
                0x0000000000000000       0x2e libhal.a(stm32f2xx_hal_uart.c.obj)
 .data          0x0000000000000000        0x0 /home/kjuszcza/zephyr-sdk-0.13.2/arm-zephyr-eabi/bin/../lib/gcc/arm-zephyr-eabi/10.3.0/thumb/v7-m/nofp/libgcc.a(_aeabi_uldivmod.o)
 .bss           0x0000000000000000        0x0 /home/kjuszcza/zephyr-sdk-0.13.2/arm-zephyr-eabi/bin/../lib/gcc/arm-zephyr-eabi/10.3.0/thumb/v7-m/nofp/libgcc.a(_aeabi_uldivmod.o)
 .data          0x0000000000000000        0x0 /home/kjuszcza/zephyr-sdk-0.13.2/arm-zephyr-eabi/bin/../lib/gcc/arm-zephyr-eabi/10.3.0/thumb/v7-m/nofp/libgcc.a(_udivmoddi4.o)
 .bss           0x0000000000000000        0x0 /home/kjuszcza/zephyr-sdk-0.13.2/arm-zephyr-eabi/bin/../lib/gcc/arm-zephyr-eabi/10.3.0/thumb/v7-m/nofp/libgcc.a(_udivmoddi4.o)
 .ARM.extab     0x0000000000000000        0x0 /home/kjuszcza/zephyr-sdk-0.13.2/arm-zephyr-eabi/bin/../lib/gcc/arm-zephyr-eabi/10.3.0/thumb/v7-m/nofp/libgcc.a(_udivmoddi4.o)
 .data          0x0000000000000000        0x0 /home/kjuszcza/zephyr-sdk-0.13.2/arm-zephyr-eabi/bin/../lib/gcc/arm-zephyr-eabi/10.3.0/thumb/v7-m/nofp/libgcc.a(_dvmd_tls.o)
 .bss           0x0000000000000000        0x0 /home/kjuszcza/zephyr-sdk-0.13.2/arm-zephyr-eabi/bin/../lib/gcc/arm-zephyr-eabi/10.3.0/thumb/v7-m/nofp/libgcc.a(_dvmd_tls.o)
 .text          0x0000000000000000        0x0 /home/kjuszcza/zephyr-sdk-0.13.2/arm-zephyr-eabi/bin/../lib/gcc/arm-zephyr-eabi/10.3.0/../../../../arm-zephyr-eabi/lib/thumb/v7-m/nofp/libc.a(lib_a-exit.o)
 .data          0x0000000000000000        0x0 /home/kjuszcza/zephyr-sdk-0.13.2/arm-zephyr-eabi/bin/../lib/gcc/arm-zephyr-eabi/10.3.0/../../../../arm-zephyr-eabi/lib/thumb/v7-m/nofp/libc.a(lib_a-exit.o)
 .bss           0x0000000000000000        0x0 /home/kjuszcza/zephyr-sdk-0.13.2/arm-zephyr-eabi/bin/../lib/gcc/arm-zephyr-eabi/10.3.0/../../../../arm-zephyr-eabi/lib/thumb/v7-m/nofp/libc.a(lib_a-exit.o)
 .text.exit     0x0000000000000000       0x28 /home/kjuszcza/zephyr-sdk-0.13.2/arm-zephyr-eabi/bin/../lib/gcc/arm-zephyr-eabi/10.3.0/../../../../arm-zephyr-eabi/lib/thumb/v7-m/nofp/libc.a(lib_a-exit.o)
 .ARM.attributes
                0x0000000000000000       0x2d /home/kjuszcza/zephyr-sdk-0.13.2/arm-zephyr-eabi/bin/../lib/gcc/arm-zephyr-eabi/10.3.0/../../../../arm-zephyr-eabi/lib/thumb/v7-m/nofp/libc.a(lib_a-exit.o)
 .text          0x0000000000000000        0x0 /home/kjuszcza/zephyr-sdk-0.13.2/arm-zephyr-eabi/bin/../lib/gcc/arm-zephyr-eabi/10.3.0/../../../../arm-zephyr-eabi/lib/thumb/v7-m/nofp/libc.a(lib_a-impure.o)
 .data          0x0000000000000000        0x0 /home/kjuszcza/zephyr-sdk-0.13.2/arm-zephyr-eabi/bin/../lib/gcc/arm-zephyr-eabi/10.3.0/../../../../arm-zephyr-eabi/lib/thumb/v7-m/nofp/libc.a(lib_a-impure.o)
 .bss           0x0000000000000000        0x0 /home/kjuszcza/zephyr-sdk-0.13.2/arm-zephyr-eabi/bin/../lib/gcc/arm-zephyr-eabi/10.3.0/../../../../arm-zephyr-eabi/lib/thumb/v7-m/nofp/libc.a(lib_a-impure.o)
 .data._impure_ptr
                0x0000000000000000        0x4 /home/kjuszcza/zephyr-sdk-0.13.2/arm-zephyr-eabi/bin/../lib/gcc/arm-zephyr-eabi/10.3.0/../../../../arm-zephyr-eabi/lib/thumb/v7-m/nofp/libc.a(lib_a-impure.o)
 .data.impure_data
                0x0000000000000000      0x290 /home/kjuszcza/zephyr-sdk-0.13.2/arm-zephyr-eabi/bin/../lib/gcc/arm-zephyr-eabi/10.3.0/../../../../arm-zephyr-eabi/lib/thumb/v7-m/nofp/libc.a(lib_a-impure.o)
 .rodata._global_impure_ptr
                0x0000000000000000        0x4 /home/kjuszcza/zephyr-sdk-0.13.2/arm-zephyr-eabi/bin/../lib/gcc/arm-zephyr-eabi/10.3.0/../../../../arm-zephyr-eabi/lib/thumb/v7-m/nofp/libc.a(lib_a-impure.o)
 .ARM.attributes
                0x0000000000000000       0x2d /home/kjuszcza/zephyr-sdk-0.13.2/arm-zephyr-eabi/bin/../lib/gcc/arm-zephyr-eabi/10.3.0/../../../../arm-zephyr-eabi/lib/thumb/v7-m/nofp/libc.a(lib_a-impure.o)
 .text          0x0000000000000000        0x0 /home/kjuszcza/zephyr-sdk-0.13.2/arm-zephyr-eabi/bin/../lib/gcc/arm-zephyr-eabi/10.3.0/../../../../arm-zephyr-eabi/lib/thumb/v7-m/nofp/libc.a(lib_a-init.o)
 .data          0x0000000000000000        0x0 /home/kjuszcza/zephyr-sdk-0.13.2/arm-zephyr-eabi/bin/../lib/gcc/arm-zephyr-eabi/10.3.0/../../../../arm-zephyr-eabi/lib/thumb/v7-m/nofp/libc.a(lib_a-init.o)
 .bss           0x0000000000000000        0x0 /home/kjuszcza/zephyr-sdk-0.13.2/arm-zephyr-eabi/bin/../lib/gcc/arm-zephyr-eabi/10.3.0/../../../../arm-zephyr-eabi/lib/thumb/v7-m/nofp/libc.a(lib_a-init.o)
 .data          0x0000000000000000        0x0 /home/kjuszcza/zephyr-sdk-0.13.2/arm-zephyr-eabi/bin/../lib/gcc/arm-zephyr-eabi/10.3.0/../../../../arm-zephyr-eabi/lib/thumb/v7-m/nofp/libc.a(lib_a-memcpy.o)
 .bss           0x0000000000000000        0x0 /home/kjuszcza/zephyr-sdk-0.13.2/arm-zephyr-eabi/bin/../lib/gcc/arm-zephyr-eabi/10.3.0/../../../../arm-zephyr-eabi/lib/thumb/v7-m/nofp/libc.a(lib_a-memcpy.o)
 .text          0x0000000000000000        0x0 /home/kjuszcza/zephyr-sdk-0.13.2/arm-zephyr-eabi/bin/../lib/gcc/arm-zephyr-eabi/10.3.0/../../../../arm-zephyr-eabi/lib/thumb/v7-m/nofp/libc.a(lib_a-memset.o)
 .data          0x0000000000000000        0x0 /home/kjuszcza/zephyr-sdk-0.13.2/arm-zephyr-eabi/bin/../lib/gcc/arm-zephyr-eabi/10.3.0/../../../../arm-zephyr-eabi/lib/thumb/v7-m/nofp/libc.a(lib_a-memset.o)
 .bss           0x0000000000000000        0x0 /home/kjuszcza/zephyr-sdk-0.13.2/arm-zephyr-eabi/bin/../lib/gcc/arm-zephyr-eabi/10.3.0/../../../../arm-zephyr-eabi/lib/thumb/v7-m/nofp/libc.a(lib_a-memset.o)
 .text          0x0000000000000000        0x0 /home/kjuszcza/zephyr-sdk-0.13.2/arm-zephyr-eabi/bin/../lib/gcc/arm-zephyr-eabi/10.3.0/../../../../arm-zephyr-eabi/lib/thumb/v7-m/nofp/libc.a(lib_a-strlen-stub.o)
 .data          0x0000000000000000        0x0 /home/kjuszcza/zephyr-sdk-0.13.2/arm-zephyr-eabi/bin/../lib/gcc/arm-zephyr-eabi/10.3.0/../../../../arm-zephyr-eabi/lib/thumb/v7-m/nofp/libc.a(lib_a-strlen-stub.o)
 .bss           0x0000000000000000        0x0 /home/kjuszcza/zephyr-sdk-0.13.2/arm-zephyr-eabi/bin/../lib/gcc/arm-zephyr-eabi/10.3.0/../../../../arm-zephyr-eabi/lib/thumb/v7-m/nofp/libc.a(lib_a-strlen-stub.o)
 .text          0x0000000000000000        0x0 /home/kjuszcza/zephyr-sdk-0.13.2/arm-zephyr-eabi/bin/../lib/gcc/arm-zephyr-eabi/10.3.0/thumb/v7-m/nofp/crtend.o
 .data          0x0000000000000000        0x0 /home/kjuszcza/zephyr-sdk-0.13.2/arm-zephyr-eabi/bin/../lib/gcc/arm-zephyr-eabi/10.3.0/thumb/v7-m/nofp/crtend.o
 .bss           0x0000000000000000        0x0 /home/kjuszcza/zephyr-sdk-0.13.2/arm-zephyr-eabi/bin/../lib/gcc/arm-zephyr-eabi/10.3.0/thumb/v7-m/nofp/crtend.o
 .rodata        0x0000000000000000       0x24 /home/kjuszcza/zephyr-sdk-0.13.2/arm-zephyr-eabi/bin/../lib/gcc/arm-zephyr-eabi/10.3.0/thumb/v7-m/nofp/crtend.o
 .eh_frame      0x0000000000000000        0x4 /home/kjuszcza/zephyr-sdk-0.13.2/arm-zephyr-eabi/bin/../lib/gcc/arm-zephyr-eabi/10.3.0/thumb/v7-m/nofp/crtend.o
 .ARM.attributes
                0x0000000000000000       0x2d /home/kjuszcza/zephyr-sdk-0.13.2/arm-zephyr-eabi/bin/../lib/gcc/arm-zephyr-eabi/10.3.0/thumb/v7-m/nofp/crtend.o
 .text          0x0000000000000000        0x0 /home/kjuszcza/zephyr-sdk-0.13.2/arm-zephyr-eabi/bin/../lib/gcc/arm-zephyr-eabi/10.3.0/thumb/v7-m/nofp/crtn.o
 .data          0x0000000000000000        0x0 /home/kjuszcza/zephyr-sdk-0.13.2/arm-zephyr-eabi/bin/../lib/gcc/arm-zephyr-eabi/10.3.0/thumb/v7-m/nofp/crtn.o
 .bss           0x0000000000000000        0x0 /home/kjuszcza/zephyr-sdk-0.13.2/arm-zephyr-eabi/bin/../lib/gcc/arm-zephyr-eabi/10.3.0/thumb/v7-m/nofp/crtn.o

Memory Configuration

Name             Origin             Length             Attributes
FLASH            0x0000000008000000 0x0000000000100000 xr
RAM              0x0000000020000000 0x0000000000020000 xrw
*default*        0x0000000000000000 0xffffffffffffffff

Linker script and memory map

LOAD /home/kjuszcza/zephyr-sdk-0.13.2/arm-zephyr-eabi/bin/../lib/gcc/arm-zephyr-eabi/10.3.0/thumb/v7-m/nofp/crti.o
LOAD /home/kjuszcza/zephyr-sdk-0.13.2/arm-zephyr-eabi/bin/../lib/gcc/arm-zephyr-eabi/10.3.0/thumb/v7-m/nofp/crtbegin.o
LOAD /home/kjuszcza/zephyr-sdk-0.13.2/arm-zephyr-eabi/bin/../lib/gcc/arm-zephyr-eabi/10.3.0/../../../../arm-zephyr-eabi/lib/thumb/v7-m/nofp/crt0.o
LOAD CMakeFiles/main.elf.dir/home/kjuszcza/magisterka/board_config/src/board_config.c.obj
LOAD CMakeFiles/main.elf.dir/home/kjuszcza/magisterka/board_config/src/hal_it.c.obj
LOAD CMakeFiles/main.elf.dir/home/kjuszcza/magisterka/board_config/src/hal_msp.c.obj
LOAD CMakeFiles/main.elf.dir/src/main.c.obj
LOAD CMakeFiles/main.elf.dir/src/stm32f2xx_it.c.obj
LOAD CMakeFiles/main.elf.dir/components/CMSIS/Device/ST/STM32F2xx/Source/Templates/gcc/startup_stm32f207xx.s.obj
LOAD CMakeFiles/main.elf.dir/components/CMSIS/Device/ST/STM32F2xx/Source/Templates/system_stm32f2xx.c.obj
LOAD librtos.a
LOAD libhal.a
START GROUP
LOAD /home/kjuszcza/zephyr-sdk-0.13.2/arm-zephyr-eabi/bin/../lib/gcc/arm-zephyr-eabi/10.3.0/thumb/v7-m/nofp/libgcc.a
LOAD /home/kjuszcza/zephyr-sdk-0.13.2/arm-zephyr-eabi/bin/../lib/gcc/arm-zephyr-eabi/10.3.0/../../../../arm-zephyr-eabi/lib/thumb/v7-m/nofp/libc.a
END GROUP
LOAD /home/kjuszcza/zephyr-sdk-0.13.2/arm-zephyr-eabi/bin/../lib/gcc/arm-zephyr-eabi/10.3.0/thumb/v7-m/nofp/crtend.o
LOAD /home/kjuszcza/zephyr-sdk-0.13.2/arm-zephyr-eabi/bin/../lib/gcc/arm-zephyr-eabi/10.3.0/thumb/v7-m/nofp/crtn.o
                0x0000000020020000                _estack = 0x20020000
                0x00000000000004b0                _Min_Heap_Size = 0x4b0
                0x0000000000000400                _Min_Stack_Size = 0x400

.isr_vector     0x0000000008000000      0x184
                0x0000000008000000                . = ALIGN (0x4)
 *(.isr_vector)
 .isr_vector    0x0000000008000000      0x184 CMakeFiles/main.elf.dir/components/CMSIS/Device/ST/STM32F2xx/Source/Templates/gcc/startup_stm32f207xx.s.obj
                0x0000000008000000                g_pfnVectors
                0x0000000008000184                . = ALIGN (0x4)

.text           0x0000000008000190     0x4cd0
                0x0000000008000190                . = ALIGN (0x4)
 *(.text)
 .text          0x0000000008000190       0x40 /home/kjuszcza/zephyr-sdk-0.13.2/arm-zephyr-eabi/bin/../lib/gcc/arm-zephyr-eabi/10.3.0/thumb/v7-m/nofp/crtbegin.o
 .text          0x00000000080001d0       0x30 /home/kjuszcza/zephyr-sdk-0.13.2/arm-zephyr-eabi/bin/../lib/gcc/arm-zephyr-eabi/10.3.0/thumb/v7-m/nofp/libgcc.a(_aeabi_uldivmod.o)
                0x00000000080001d0                __aeabi_uldivmod
 .text          0x0000000008000200      0x2a6 /home/kjuszcza/zephyr-sdk-0.13.2/arm-zephyr-eabi/bin/../lib/gcc/arm-zephyr-eabi/10.3.0/thumb/v7-m/nofp/libgcc.a(_udivmoddi4.o)
                0x0000000008000200                __udivmoddi4
 *fill*         0x00000000080004a6        0x2 
 .text          0x00000000080004a8        0x4 /home/kjuszcza/zephyr-sdk-0.13.2/arm-zephyr-eabi/bin/../lib/gcc/arm-zephyr-eabi/10.3.0/thumb/v7-m/nofp/libgcc.a(_dvmd_tls.o)
                0x00000000080004a8                __aeabi_ldiv0
                0x00000000080004a8                __aeabi_idiv0
 .text          0x00000000080004ac       0xec /home/kjuszcza/zephyr-sdk-0.13.2/arm-zephyr-eabi/bin/../lib/gcc/arm-zephyr-eabi/10.3.0/../../../../arm-zephyr-eabi/lib/thumb/v7-m/nofp/libc.a(lib_a-memcpy.o)
                0x00000000080004ac                memcpy
 *(.text*)
 .text.board_config
                0x0000000008000598       0x1a CMakeFiles/main.elf.dir/home/kjuszcza/magisterka/board_config/src/board_config.c.obj
                0x0000000008000598                board_config
 *fill*         0x00000000080005b2        0x2 
 .text.toggle_led
                0x00000000080005b4       0x14 CMakeFiles/main.elf.dir/home/kjuszcza/magisterka/board_config/src/board_config.c.obj
                0x00000000080005b4                toggle_led
 .text.uart_transmit
                0x00000000080005c8       0x34 CMakeFiles/main.elf.dir/home/kjuszcza/magisterka/board_config/src/board_config.c.obj
                0x00000000080005c8                uart_transmit
 .text.delay    0x00000000080005fc       0x14 CMakeFiles/main.elf.dir/home/kjuszcza/magisterka/board_config/src/board_config.c.obj
                0x00000000080005fc                delay
 .text.clock_config
                0x0000000008000610       0x72 CMakeFiles/main.elf.dir/home/kjuszcza/magisterka/board_config/src/board_config.c.obj
                0x0000000008000610                clock_config
 *fill*         0x0000000008000682        0x2 
 .text.gpio_config
                0x0000000008000684       0x60 CMakeFiles/main.elf.dir/home/kjuszcza/magisterka/board_config/src/board_config.c.obj
                0x0000000008000684                gpio_config
 .text.uart_config
                0x00000000080006e4       0x48 CMakeFiles/main.elf.dir/home/kjuszcza/magisterka/board_config/src/board_config.c.obj
                0x00000000080006e4                uart_config
 .text.dma_config
                0x000000000800072c       0x4c CMakeFiles/main.elf.dir/home/kjuszcza/magisterka/board_config/src/board_config.c.obj
                0x000000000800072c                dma_config
 .text.DMA1_Stream1_IRQHandler
                0x0000000008000778       0x10 CMakeFiles/main.elf.dir/home/kjuszcza/magisterka/board_config/src/hal_it.c.obj
                0x0000000008000778                DMA1_Stream1_IRQHandler
 .text.DMA1_Stream3_IRQHandler
                0x0000000008000788       0x10 CMakeFiles/main.elf.dir/home/kjuszcza/magisterka/board_config/src/hal_it.c.obj
                0x0000000008000788                DMA1_Stream3_IRQHandler
 .text.USART3_IRQHandler
                0x0000000008000798       0x10 CMakeFiles/main.elf.dir/home/kjuszcza/magisterka/board_config/src/hal_it.c.obj
                0x0000000008000798                USART3_IRQHandler
 .text.HAL_MspInit
                0x00000000080007a8       0x44 CMakeFiles/main.elf.dir/home/kjuszcza/magisterka/board_config/src/hal_msp.c.obj
                0x00000000080007a8                HAL_MspInit
 .text.HAL_UART_MspInit
                0x00000000080007ec      0x150 CMakeFiles/main.elf.dir/home/kjuszcza/magisterka/board_config/src/hal_msp.c.obj
                0x00000000080007ec                HAL_UART_MspInit
 .text.LedBlinky_Task
                0x000000000800093c       0x24 CMakeFiles/main.elf.dir/src/main.c.obj
                0x000000000800093c                LedBlinky_Task
 .text.main     0x0000000008000960       0x2c CMakeFiles/main.elf.dir/src/main.c.obj
                0x0000000008000960                main
 .text.NMI_Handler
                0x000000000800098c        0x4 CMakeFiles/main.elf.dir/src/stm32f2xx_it.c.obj
                0x000000000800098c                NMI_Handler
 .text.HardFault_Handler
                0x0000000008000990        0x4 CMakeFiles/main.elf.dir/src/stm32f2xx_it.c.obj
                0x0000000008000990                HardFault_Handler
 .text.MemManage_Handler
                0x0000000008000994        0x4 CMakeFiles/main.elf.dir/src/stm32f2xx_it.c.obj
                0x0000000008000994                MemManage_Handler
 .text.BusFault_Handler
                0x0000000008000998        0x4 CMakeFiles/main.elf.dir/src/stm32f2xx_it.c.obj
                0x0000000008000998                BusFault_Handler
 .text.UsageFault_Handler
                0x000000000800099c        0x4 CMakeFiles/main.elf.dir/src/stm32f2xx_it.c.obj
                0x000000000800099c                UsageFault_Handler
 .text.DebugMon_Handler
                0x00000000080009a0        0x4 CMakeFiles/main.elf.dir/src/stm32f2xx_it.c.obj
                0x00000000080009a0                DebugMon_Handler
 .text.SysTick_Handler
                0x00000000080009a4        0xe CMakeFiles/main.elf.dir/src/stm32f2xx_it.c.obj
                0x00000000080009a4                SysTick_Handler
 *fill*         0x00000000080009b2        0x2 
 .text.Reset_Handler
                0x00000000080009b4       0x50 CMakeFiles/main.elf.dir/components/CMSIS/Device/ST/STM32F2xx/Source/Templates/gcc/startup_stm32f207xx.s.obj
                0x00000000080009b4                Reset_Handler
 .text.Default_Handler
                0x0000000008000a04        0x2 CMakeFiles/main.elf.dir/components/CMSIS/Device/ST/STM32F2xx/Source/Templates/gcc/startup_stm32f207xx.s.obj
                0x0000000008000a04                RTC_Alarm_IRQHandler
                0x0000000008000a04                HASH_RNG_IRQHandler
                0x0000000008000a04                EXTI2_IRQHandler
                0x0000000008000a04                TIM8_CC_IRQHandler
                0x0000000008000a04                TIM1_CC_IRQHandler
                0x0000000008000a04                DMA2_Stream5_IRQHandler
                0x0000000008000a04                DMA1_Stream5_IRQHandler
                0x0000000008000a04                PVD_IRQHandler
                0x0000000008000a04                SDIO_IRQHandler
                0x0000000008000a04                TAMP_STAMP_IRQHandler
                0x0000000008000a04                CAN2_RX1_IRQHandler
                0x0000000008000a04                EXTI3_IRQHandler
                0x0000000008000a04                TIM8_TRG_COM_TIM14_IRQHandler
                0x0000000008000a04                TIM1_UP_TIM10_IRQHandler
                0x0000000008000a04                TIM8_UP_TIM13_IRQHandler
                0x0000000008000a04                I2C3_ER_IRQHandler
                0x0000000008000a04                EXTI0_IRQHandler
                0x0000000008000a04                I2C2_EV_IRQHandler
                0x0000000008000a04                DMA1_Stream2_IRQHandler
                0x0000000008000a04                CAN1_RX0_IRQHandler
                0x0000000008000a04                OTG_HS_WKUP_IRQHandler
                0x0000000008000a04                CAN2_SCE_IRQHandler
                0x0000000008000a04                DMA2_Stream2_IRQHandler
                0x0000000008000a04                SPI1_IRQHandler
                0x0000000008000a04                TIM6_DAC_IRQHandler
                0x0000000008000a04                TIM1_BRK_TIM9_IRQHandler
                0x0000000008000a04                DCMI_IRQHandler
                0x0000000008000a04                CAN2_RX0_IRQHandler
                0x0000000008000a04                DMA2_Stream3_IRQHandler
                0x0000000008000a04                USART6_IRQHandler
                0x0000000008000a04                CAN1_RX1_IRQHandler
                0x0000000008000a04                UART5_IRQHandler
                0x0000000008000a04                DMA2_Stream0_IRQHandler
                0x0000000008000a04                TIM4_IRQHandler
                0x0000000008000a04                I2C1_EV_IRQHandler
                0x0000000008000a04                DMA1_Stream6_IRQHandler
                0x0000000008000a04                UART4_IRQHandler
                0x0000000008000a04                TIM3_IRQHandler
                0x0000000008000a04                RCC_IRQHandler
                0x0000000008000a04                TIM8_BRK_TIM12_IRQHandler
                0x0000000008000a04                Default_Handler
                0x0000000008000a04                EXTI15_10_IRQHandler
                0x0000000008000a04                ADC_IRQHandler
                0x0000000008000a04                DMA1_Stream7_IRQHandler
                0x0000000008000a04                TIM7_IRQHandler
                0x0000000008000a04                CAN2_TX_IRQHandler
                0x0000000008000a04                TIM5_IRQHandler
                0x0000000008000a04                DMA2_Stream7_IRQHandler
                0x0000000008000a04                I2C3_EV_IRQHandler
                0x0000000008000a04                EXTI9_5_IRQHandler
                0x0000000008000a04                RTC_WKUP_IRQHandler
                0x0000000008000a04                ETH_WKUP_IRQHandler
                0x0000000008000a04                SPI2_IRQHandler
                0x0000000008000a04                OTG_HS_EP1_IN_IRQHandler
                0x0000000008000a04                DMA1_Stream0_IRQHandler
                0x0000000008000a04                CAN1_TX_IRQHandler
                0x0000000008000a04                EXTI4_IRQHandler
                0x0000000008000a04                FSMC_IRQHandler
                0x0000000008000a04                ETH_IRQHandler
                0x0000000008000a04                OTG_HS_EP1_OUT_IRQHandler
                0x0000000008000a04                WWDG_IRQHandler
                0x0000000008000a04                TIM2_IRQHandler
                0x0000000008000a04                OTG_FS_WKUP_IRQHandler
                0x0000000008000a04                TIM1_TRG_COM_TIM11_IRQHandler
                0x0000000008000a04                OTG_HS_IRQHandler
                0x0000000008000a04                EXTI1_IRQHandler
                0x0000000008000a04                USART2_IRQHandler
                0x0000000008000a04                I2C2_ER_IRQHandler
                0x0000000008000a04                DMA2_Stream1_IRQHandler
                0x0000000008000a04                CAN1_SCE_IRQHandler
                0x0000000008000a04                FLASH_IRQHandler
                0x0000000008000a04                DMA2_Stream4_IRQHandler
                0x0000000008000a04                USART1_IRQHandler
                0x0000000008000a04                OTG_FS_IRQHandler
                0x0000000008000a04                SPI3_IRQHandler
                0x0000000008000a04                DMA1_Stream4_IRQHandler
                0x0000000008000a04                I2C1_ER_IRQHandler
                0x0000000008000a04                DMA2_Stream6_IRQHandler
 .text.SystemInit
                0x0000000008000a06        0x4 CMakeFiles/main.elf.dir/components/CMSIS/Device/ST/STM32F2xx/Source/Templates/system_stm32f2xx.c.obj
                0x0000000008000a06                SystemInit
 *fill*         0x0000000008000a0a        0x2 
 .text.pxPortInitialiseStack
                0x0000000008000a0c       0x50 librtos.a(port.c.obj)
                0x0000000008000a0c                pxPortInitialiseStack
 .text.prvTaskExitError
                0x0000000008000a5c       0x50 librtos.a(port.c.obj)
 *fill*         0x0000000008000aac        0x4 
 .text.SVC_Handler
                0x0000000008000ab0       0x28 librtos.a(port.c.obj)
                0x0000000008000ab0                SVC_Handler
 .text.prvPortStartFirstTask
                0x0000000008000ad8       0x24 librtos.a(port.c.obj)
 .text.xPortStartScheduler
                0x0000000008000afc       0xec librtos.a(port.c.obj)
                0x0000000008000afc                xPortStartScheduler
 .text.vPortEnterCritical
                0x0000000008000be8       0x58 librtos.a(port.c.obj)
                0x0000000008000be8                vPortEnterCritical
 .text.vPortExitCritical
                0x0000000008000c40       0x48 librtos.a(port.c.obj)
                0x0000000008000c40                vPortExitCritical
 *fill*         0x0000000008000c88        0x8 
 .text.PendSV_Handler
                0x0000000008000c90       0x48 librtos.a(port.c.obj)
                0x0000000008000c90                PendSV_Handler
 .text.xPortSysTickHandler
                0x0000000008000cd8       0x44 librtos.a(port.c.obj)
                0x0000000008000cd8                xPortSysTickHandler
 .text.vPortSetupTimerInterrupt
                0x0000000008000d1c       0x3c librtos.a(port.c.obj)
                0x0000000008000d1c                vPortSetupTimerInterrupt
 .text.xTaskCreate
                0x0000000008000d58       0x90 librtos.a(tasks.c.obj)
                0x0000000008000d58                xTaskCreate
 .text.prvInitialiseNewTask
                0x0000000008000de8      0x11a librtos.a(tasks.c.obj)
 *fill*         0x0000000008000f02        0x2 
 .text.prvAddNewTaskToReadyList
                0x0000000008000f04      0x12c librtos.a(tasks.c.obj)
 .text.vTaskStartScheduler
                0x0000000008001030       0xa0 librtos.a(tasks.c.obj)
                0x0000000008001030                vTaskStartScheduler
 .text.vTaskSuspendAll
                0x00000000080010d0       0x14 librtos.a(tasks.c.obj)
                0x00000000080010d0                vTaskSuspendAll
 .text.xTaskResumeAll
                0x00000000080010e4      0x1f4 librtos.a(tasks.c.obj)
                0x00000000080010e4                xTaskResumeAll
 .text.xTaskGetTickCount
                0x00000000080012d8       0x14 librtos.a(tasks.c.obj)
                0x00000000080012d8                xTaskGetTickCount
 .text.xTaskIncrementTick
                0x00000000080012ec      0x22c librtos.a(tasks.c.obj)
                0x00000000080012ec                xTaskIncrementTick
 .text.vTaskSwitchContext
                0x0000000008001518       0xb0 librtos.a(tasks.c.obj)
                0x0000000008001518                vTaskSwitchContext
 .text.vTaskPlaceOnEventList
                0x00000000080015c8       0x48 librtos.a(tasks.c.obj)
                0x00000000080015c8                vTaskPlaceOnEventList
 .text.vTaskPlaceOnEventListRestricted
                0x0000000008001610       0x88 librtos.a(tasks.c.obj)
                0x0000000008001610                vTaskPlaceOnEventListRestricted
 .text.xTaskRemoveFromEventList
                0x0000000008001698      0x1a4 librtos.a(tasks.c.obj)
                0x0000000008001698                xTaskRemoveFromEventList
 .text.vTaskInternalSetTimeOutState
                0x000000000800183c       0x24 librtos.a(tasks.c.obj)
                0x000000000800183c                vTaskInternalSetTimeOutState
 .text.xTaskCheckForTimeOut
                0x0000000008001860       0xc8 librtos.a(tasks.c.obj)
                0x0000000008001860                xTaskCheckForTimeOut
 .text.vTaskMissedYield
                0x0000000008001928       0x10 librtos.a(tasks.c.obj)
                0x0000000008001928                vTaskMissedYield
 .text.prvIdleTask
                0x0000000008001938       0x2c librtos.a(tasks.c.obj)
 .text.prvInitialiseTaskLists
                0x0000000008001964       0x7c librtos.a(tasks.c.obj)
 .text.prvCheckTasksWaitingTermination
                0x00000000080019e0       0x58 librtos.a(tasks.c.obj)
 .text.prvDeleteTCB
                0x0000000008001a38       0x1e librtos.a(tasks.c.obj)
 *fill*         0x0000000008001a56        0x2 
 .text.prvResetNextTaskUnblockTime
                0x0000000008001a58       0x2c librtos.a(tasks.c.obj)
 .text.xTaskGetSchedulerState
                0x0000000008001a84       0x34 librtos.a(tasks.c.obj)
                0x0000000008001a84                xTaskGetSchedulerState
 .text.prvAddCurrentTaskToDelayedList
                0x0000000008001ab8       0xfc librtos.a(tasks.c.obj)
 .text.xTimerCreateTimerTask
                0x0000000008001bb4       0x64 librtos.a(timers.c.obj)
                0x0000000008001bb4                xTimerCreateTimerTask
 .text.prvReloadTimer
                0x0000000008001c18       0x40 librtos.a(timers.c.obj)
 .text.prvProcessExpiredTimer
                0x0000000008001c58       0x5c librtos.a(timers.c.obj)
 .text.prvTimerTask
                0x0000000008001cb4       0x20 librtos.a(timers.c.obj)
 .text.prvProcessTimerOrBlockTask
                0x0000000008001cd4       0x98 librtos.a(timers.c.obj)
 .text.prvGetNextExpireTime
                0x0000000008001d6c       0x3c librtos.a(timers.c.obj)
 .text.prvSampleTimeNow
                0x0000000008001da8       0x3c librtos.a(timers.c.obj)
 .text.prvInsertTimerInActiveList
                0x0000000008001de4       0x84 librtos.a(timers.c.obj)
 .text.prvProcessReceivedCommands
                0x0000000008001e68      0x17c librtos.a(timers.c.obj)
 .text.prvSwitchTimerLists
                0x0000000008001fe4       0x48 librtos.a(timers.c.obj)
 .text.prvCheckForValidListAndQueue
                0x000000000800202c       0x6c librtos.a(timers.c.obj)
 .text.vListInitialise
                0x0000000008002098       0x36 librtos.a(list.c.obj)
                0x0000000008002098                vListInitialise
 .text.vListInitialiseItem
                0x00000000080020ce       0x10 librtos.a(list.c.obj)
                0x00000000080020ce                vListInitialiseItem
 .text.vListInsert
                0x00000000080020de       0x68 librtos.a(list.c.obj)
                0x00000000080020de                vListInsert
 .text.uxListRemove
                0x0000000008002146       0x4a librtos.a(list.c.obj)
                0x0000000008002146                uxListRemove
 .text.pvPortMalloc
                0x0000000008002190      0x170 librtos.a(heap_4.c.obj)
                0x0000000008002190                pvPortMalloc
 .text.vPortFree
                0x0000000008002300       0xb4 librtos.a(heap_4.c.obj)
                0x0000000008002300                vPortFree
 .text.prvHeapInit
                0x00000000080023b4       0xb0 librtos.a(heap_4.c.obj)
 .text.prvInsertBlockIntoFreeList
                0x0000000008002464       0xa8 librtos.a(heap_4.c.obj)
 .text.xQueueGenericReset
                0x000000000800250c      0x11c librtos.a(queue.c.obj)
                0x000000000800250c                xQueueGenericReset
 .text.xQueueGenericCreate
                0x0000000008002628       0x9e librtos.a(queue.c.obj)
                0x0000000008002628                xQueueGenericCreate
 .text.prvInitialiseNewQueue
                0x00000000080026c6       0x48 librtos.a(queue.c.obj)
 *fill*         0x000000000800270e        0x2 
 .text.xQueueReceive
                0x0000000008002710      0x1b8 librtos.a(queue.c.obj)
                0x0000000008002710                xQueueReceive
 .text.prvCopyDataFromQueue
                0x00000000080028c8       0x4a librtos.a(queue.c.obj)
 .text.prvUnlockQueue
                0x0000000008002912       0xae librtos.a(queue.c.obj)
 .text.prvIsQueueEmpty
                0x00000000080029c0       0x2a librtos.a(queue.c.obj)
 *fill*         0x00000000080029ea        0x2 
 .text.vQueueAddToRegistry
                0x00000000080029ec       0x94 librtos.a(queue.c.obj)
                0x00000000080029ec                vQueueAddToRegistry
 .text.vQueueWaitForMessageRestricted
                0x0000000008002a80       0x66 librtos.a(queue.c.obj)
                0x0000000008002a80                vQueueWaitForMessageRestricted
 *fill*         0x0000000008002ae6        0x2 
 .text.HAL_Init
                0x0000000008002ae8       0x40 libhal.a(stm32f2xx_hal.c.obj)
                0x0000000008002ae8                HAL_Init
 .text.HAL_InitTick
                0x0000000008002b28       0x60 libhal.a(stm32f2xx_hal.c.obj)
                0x0000000008002b28                HAL_InitTick
 .text.HAL_IncTick
                0x0000000008002b88       0x1c libhal.a(stm32f2xx_hal.c.obj)
                0x0000000008002b88                HAL_IncTick
 .text.HAL_GetTick
                0x0000000008002ba4        0xc libhal.a(stm32f2xx_hal.c.obj)
                0x0000000008002ba4                HAL_GetTick
 .text.HAL_Delay
                0x0000000008002bb0       0x44 libhal.a(stm32f2xx_hal.c.obj)
                0x0000000008002bb0                HAL_Delay
 .text.__NVIC_SetPriorityGrouping
                0x0000000008002bf4       0x40 libhal.a(stm32f2xx_hal_cortex.c.obj)
 .text.__NVIC_GetPriorityGrouping
                0x0000000008002c34       0x14 libhal.a(stm32f2xx_hal_cortex.c.obj)
 .text.__NVIC_EnableIRQ
                0x0000000008002c48       0x34 libhal.a(stm32f2xx_hal_cortex.c.obj)
 .text.__NVIC_SetPriority
                0x0000000008002c7c       0x50 libhal.a(stm32f2xx_hal_cortex.c.obj)
 .text.NVIC_EncodePriority
                0x0000000008002ccc       0x5c libhal.a(stm32f2xx_hal_cortex.c.obj)
 .text.SysTick_Config
                0x0000000008002d28       0x40 libhal.a(stm32f2xx_hal_cortex.c.obj)
 .text.HAL_NVIC_SetPriorityGrouping
                0x0000000008002d68       0x14 libhal.a(stm32f2xx_hal_cortex.c.obj)
                0x0000000008002d68                HAL_NVIC_SetPriorityGrouping
 .text.HAL_NVIC_SetPriority
                0x0000000008002d7c       0x38 libhal.a(stm32f2xx_hal_cortex.c.obj)
                0x0000000008002d7c                HAL_NVIC_SetPriority
 .text.HAL_NVIC_EnableIRQ
                0x0000000008002db4       0x1c libhal.a(stm32f2xx_hal_cortex.c.obj)
                0x0000000008002db4                HAL_NVIC_EnableIRQ
 .text.HAL_SYSTICK_Config
                0x0000000008002dd0       0x16 libhal.a(stm32f2xx_hal_cortex.c.obj)
                0x0000000008002dd0                HAL_SYSTICK_Config
 *fill*         0x0000000008002de6        0x2 
 .text.HAL_DMA_Init
                0x0000000008002de8      0x15c libhal.a(stm32f2xx_hal_dma.c.obj)
                0x0000000008002de8                HAL_DMA_Init
 .text.HAL_DMA_Start_IT
                0x0000000008002f44       0xb4 libhal.a(stm32f2xx_hal_dma.c.obj)
                0x0000000008002f44                HAL_DMA_Start_IT
 .text.HAL_DMA_Abort
                0x0000000008002ff8       0xde libhal.a(stm32f2xx_hal_dma.c.obj)
                0x0000000008002ff8                HAL_DMA_Abort
 .text.HAL_DMA_Abort_IT
                0x00000000080030d6       0x3a libhal.a(stm32f2xx_hal_dma.c.obj)
                0x00000000080030d6                HAL_DMA_Abort_IT
 .text.HAL_DMA_IRQHandler
                0x0000000008003110      0x310 libhal.a(stm32f2xx_hal_dma.c.obj)
                0x0000000008003110                HAL_DMA_IRQHandler
 .text.DMA_SetConfig
                0x0000000008003420       0x52 libhal.a(stm32f2xx_hal_dma.c.obj)
 *fill*         0x0000000008003472        0x2 
 .text.DMA_CalcBaseAndBitshift
                0x0000000008003474       0x60 libhal.a(stm32f2xx_hal_dma.c.obj)
 .text.DMA_CheckFifoParam
                0x00000000080034d4       0xfc libhal.a(stm32f2xx_hal_dma.c.obj)
 .text.HAL_GPIO_Init
                0x00000000080035d0      0x334 libhal.a(stm32f2xx_hal_gpio.c.obj)
                0x00000000080035d0                HAL_GPIO_Init
 .text.HAL_GPIO_WritePin
                0x0000000008003904       0x32 libhal.a(stm32f2xx_hal_gpio.c.obj)
                0x0000000008003904                HAL_GPIO_WritePin
 .text.HAL_GPIO_TogglePin
                0x0000000008003936       0x30 libhal.a(stm32f2xx_hal_gpio.c.obj)
                0x0000000008003936                HAL_GPIO_TogglePin
 *fill*         0x0000000008003966        0x2 
 .text.HAL_RCC_OscConfig
                0x0000000008003968      0x49c libhal.a(stm32f2xx_hal_rcc.c.obj)
                0x0000000008003968                HAL_RCC_OscConfig
 .text.HAL_RCC_ClockConfig
                0x0000000008003e04      0x1d4 libhal.a(stm32f2xx_hal_rcc.c.obj)
                0x0000000008003e04                HAL_RCC_ClockConfig
 .text.HAL_RCC_GetSysClockFreq
                0x0000000008003fd8      0x204 libhal.a(stm32f2xx_hal_rcc.c.obj)
                0x0000000008003fd8                HAL_RCC_GetSysClockFreq
 .text.HAL_RCC_GetHCLKFreq
                0x00000000080041dc        0xc libhal.a(stm32f2xx_hal_rcc.c.obj)
                0x00000000080041dc                HAL_RCC_GetHCLKFreq
 .text.HAL_RCC_GetPCLK1Freq
                0x00000000080041e8       0x44 libhal.a(stm32f2xx_hal_rcc.c.obj)
                0x00000000080041e8                HAL_RCC_GetPCLK1Freq
 .text.HAL_RCC_GetPCLK2Freq
                0x000000000800422c       0x44 libhal.a(stm32f2xx_hal_rcc.c.obj)
                0x000000000800422c                HAL_RCC_GetPCLK2Freq
 .text.HAL_UART_Init
                0x0000000008004270       0x98 libhal.a(stm32f2xx_hal_uart.c.obj)
                0x0000000008004270                HAL_UART_Init
 .text.HAL_UART_Transmit_DMA
                0x0000000008004308       0xe0 libhal.a(stm32f2xx_hal_uart.c.obj)
                0x0000000008004308                HAL_UART_Transmit_DMA
 .text.HAL_UART_IRQHandler
                0x00000000080043e8      0x364 libhal.a(stm32f2xx_hal_uart.c.obj)
                0x00000000080043e8                HAL_UART_IRQHandler
 .text.HAL_UART_TxCpltCallback
                0x000000000800474c        0xa libhal.a(stm32f2xx_hal_uart.c.obj)
                0x000000000800474c                HAL_UART_TxCpltCallback
 .text.HAL_UART_TxHalfCpltCallback
                0x0000000008004756        0xa libhal.a(stm32f2xx_hal_uart.c.obj)
                0x0000000008004756                HAL_UART_TxHalfCpltCallback
 .text.HAL_UART_RxCpltCallback
                0x0000000008004760        0xa libhal.a(stm32f2xx_hal_uart.c.obj)
                0x0000000008004760                HAL_UART_RxCpltCallback
 .text.HAL_UART_ErrorCallback
                0x000000000800476a        0xa libhal.a(stm32f2xx_hal_uart.c.obj)
                0x000000000800476a                HAL_UART_ErrorCallback
 .text.HAL_UARTEx_RxEventCallback
                0x0000000008004774       0x10 libhal.a(stm32f2xx_hal_uart.c.obj)
                0x0000000008004774                HAL_UARTEx_RxEventCallback
 .text.UART_DMATransmitCplt
                0x0000000008004784       0x50 libhal.a(stm32f2xx_hal_uart.c.obj)
 .text.UART_DMATxHalfCplt
                0x00000000080047d4       0x1a libhal.a(stm32f2xx_hal_uart.c.obj)
 .text.UART_DMAError
                0x00000000080047ee       0x92 libhal.a(stm32f2xx_hal_uart.c.obj)
 .text.UART_EndTxTransfer
                0x0000000008004880       0x22 libhal.a(stm32f2xx_hal_uart.c.obj)
 .text.UART_EndRxTransfer
                0x00000000080048a2       0x50 libhal.a(stm32f2xx_hal_uart.c.obj)
 .text.UART_DMAAbortOnError
                0x00000000080048f2       0x26 libhal.a(stm32f2xx_hal_uart.c.obj)
 .text.UART_Transmit_IT
                0x0000000008004918       0x96 libhal.a(stm32f2xx_hal_uart.c.obj)
 .text.UART_EndTransmit_IT
                0x00000000080049ae       0x2e libhal.a(stm32f2xx_hal_uart.c.obj)
 .text.UART_Receive_IT
                0x00000000080049dc      0x150 libhal.a(stm32f2xx_hal_uart.c.obj)
 .text.UART_SetConfig
                0x0000000008004b2c      0x1d4 libhal.a(stm32f2xx_hal_uart.c.obj)
 .text.__libc_init_array
                0x0000000008004d00       0x48 /home/kjuszcza/zephyr-sdk-0.13.2/arm-zephyr-eabi/bin/../lib/gcc/arm-zephyr-eabi/10.3.0/../../../../arm-zephyr-eabi/lib/thumb/v7-m/nofp/libc.a(lib_a-init.o)
                0x0000000008004d00                __libc_init_array
 .text.memset   0x0000000008004d48       0xa4 /home/kjuszcza/zephyr-sdk-0.13.2/arm-zephyr-eabi/bin/../lib/gcc/arm-zephyr-eabi/10.3.0/../../../../arm-zephyr-eabi/lib/thumb/v7-m/nofp/libc.a(lib_a-memset.o)
                0x0000000008004d48                memset
 .text.strlen   0x0000000008004dec       0x5c /home/kjuszcza/zephyr-sdk-0.13.2/arm-zephyr-eabi/bin/../lib/gcc/arm-zephyr-eabi/10.3.0/../../../../arm-zephyr-eabi/lib/thumb/v7-m/nofp/libc.a(lib_a-strlen-stub.o)
                0x0000000008004dec                strlen
 *(.glue_7)
 .glue_7        0x0000000008004e48        0x0 linker stubs
 *(.glue_7t)
 .glue_7t       0x0000000008004e48        0x0 linker stubs
 *(.eh_frame)
 .eh_frame      0x0000000008004e48        0x0 /home/kjuszcza/zephyr-sdk-0.13.2/arm-zephyr-eabi/bin/../lib/gcc/arm-zephyr-eabi/10.3.0/thumb/v7-m/nofp/crtbegin.o
 *(.init)
 .init          0x0000000008004e48        0x4 /home/kjuszcza/zephyr-sdk-0.13.2/arm-zephyr-eabi/bin/../lib/gcc/arm-zephyr-eabi/10.3.0/thumb/v7-m/nofp/crti.o
                0x0000000008004e48                _init
 .init          0x0000000008004e4c        0x8 /home/kjuszcza/zephyr-sdk-0.13.2/arm-zephyr-eabi/bin/../lib/gcc/arm-zephyr-eabi/10.3.0/thumb/v7-m/nofp/crtn.o
 *(.fini)
 .fini          0x0000000008004e54        0x4 /home/kjuszcza/zephyr-sdk-0.13.2/arm-zephyr-eabi/bin/../lib/gcc/arm-zephyr-eabi/10.3.0/thumb/v7-m/nofp/crti.o
                0x0000000008004e54                _fini
 .fini          0x0000000008004e58        0x8 /home/kjuszcza/zephyr-sdk-0.13.2/arm-zephyr-eabi/bin/../lib/gcc/arm-zephyr-eabi/10.3.0/thumb/v7-m/nofp/crtn.o
                0x0000000008004e60                . = ALIGN (0x4)
                0x0000000008004e60                _etext = .

.vfp11_veneer   0x0000000008004e60        0x0
 .vfp11_veneer  0x0000000008004e60        0x0 linker stubs

.v4_bx          0x0000000008004e60        0x0
 .v4_bx         0x0000000008004e60        0x0 linker stubs

.iplt           0x0000000008004e60        0x0
 .iplt          0x0000000008004e60        0x0 /home/kjuszcza/zephyr-sdk-0.13.2/arm-zephyr-eabi/bin/../lib/gcc/arm-zephyr-eabi/10.3.0/thumb/v7-m/nofp/crtbegin.o

.rodata         0x0000000008004e60       0x64
                0x0000000008004e60                . = ALIGN (0x4)
 *(.rodata)
 .rodata        0x0000000008004e60       0x2a CMakeFiles/main.elf.dir/src/main.c.obj
 *fill*         0x0000000008004e8a        0x2 
 .rodata        0x0000000008004e8c        0x5 librtos.a(tasks.c.obj)
 *fill*         0x0000000008004e91        0x3 
 .rodata        0x0000000008004e94        0xd librtos.a(timers.c.obj)
 *(.rodata*)
 *fill*         0x0000000008004ea1        0x3 
 .rodata.AHBPrescTable
                0x0000000008004ea4       0x10 CMakeFiles/main.elf.dir/components/CMSIS/Device/ST/STM32F2xx/Source/Templates/system_stm32f2xx.c.obj
                0x0000000008004ea4                AHBPrescTable
 .rodata.APBPrescTable
                0x0000000008004eb4        0x8 CMakeFiles/main.elf.dir/components/CMSIS/Device/ST/STM32F2xx/Source/Templates/system_stm32f2xx.c.obj
                0x0000000008004eb4                APBPrescTable
 .rodata.flagBitshiftOffset.0
                0x0000000008004ebc        0x8 libhal.a(stm32f2xx_hal_dma.c.obj)
                0x0000000008004ec4                . = ALIGN (0x4)

.ARM.extab
 *(.ARM.extab* .gnu.linkonce.armextab.*)

.ARM            0x0000000008004ec4        0x8
                0x0000000008004ec4                __exidx_start = .
 *(.ARM.exidx*)
 .ARM.exidx     0x0000000008004ec4        0x8 /home/kjuszcza/zephyr-sdk-0.13.2/arm-zephyr-eabi/bin/../lib/gcc/arm-zephyr-eabi/10.3.0/thumb/v7-m/nofp/libgcc.a(_udivmoddi4.o)
                0x0000000008004ecc                __exidx_end = .

.rel.dyn        0x0000000008004ecc        0x0
 .rel.iplt      0x0000000008004ecc        0x0 /home/kjuszcza/zephyr-sdk-0.13.2/arm-zephyr-eabi/bin/../lib/gcc/arm-zephyr-eabi/10.3.0/thumb/v7-m/nofp/crtbegin.o

.preinit_array  0x0000000008004ecc        0x0
                0x0000000008004ecc                PROVIDE (__preinit_array_start = .)
 *(.preinit_array*)
                0x0000000008004ecc                PROVIDE (__preinit_array_end = .)

.init_array     0x0000000008004ecc        0x4
                0x0000000008004ecc                PROVIDE (__init_array_start = .)
 *(SORT_BY_NAME(.init_array.*))
 *(.init_array*)
 .init_array    0x0000000008004ecc        0x4 /home/kjuszcza/zephyr-sdk-0.13.2/arm-zephyr-eabi/bin/../lib/gcc/arm-zephyr-eabi/10.3.0/thumb/v7-m/nofp/crtbegin.o
                0x0000000008004ed0                PROVIDE (__init_array_end = .)

.fini_array     0x0000000008004ed0        0x4
                [!provide]                        PROVIDE (__fini_array_start = .)
 *(SORT_BY_NAME(.fini_array.*))
 *(.fini_array*)
 .fini_array    0x0000000008004ed0        0x4 /home/kjuszcza/zephyr-sdk-0.13.2/arm-zephyr-eabi/bin/../lib/gcc/arm-zephyr-eabi/10.3.0/thumb/v7-m/nofp/crtbegin.o
                [!provide]                        PROVIDE (__fini_array_end = .)
                0x0000000008004ed4                _sidata = LOADADDR (.data)

.data           0x0000000020000000       0x14 load address 0x0000000008004ed4
                0x0000000020000000                . = ALIGN (0x4)
                0x0000000020000000                _sdata = .
 *(.data)
 *(.data*)
 .data.SystemCoreClock
                0x0000000020000000        0x4 CMakeFiles/main.elf.dir/components/CMSIS/Device/ST/STM32F2xx/Source/Templates/system_stm32f2xx.c.obj
                0x0000000020000000                SystemCoreClock
 .data.uxCriticalNesting
                0x0000000020000004        0x4 librtos.a(port.c.obj)
 .data.uxTopUsedPriority
                0x0000000020000008        0x4 librtos.a(tasks.c.obj)
                0x0000000020000008                uxTopUsedPriority
 .data.uwTickPrio
                0x000000002000000c        0x4 libhal.a(stm32f2xx_hal.c.obj)
                0x000000002000000c                uwTickPrio
 .data.uwTickFreq
                0x0000000020000010        0x1 libhal.a(stm32f2xx_hal.c.obj)
                0x0000000020000010                uwTickFreq
                0x0000000020000014                . = ALIGN (0x4)
 *fill*         0x0000000020000011        0x3 
                0x0000000020000014                _edata = .

.igot.plt       0x0000000020000014        0x0 load address 0x0000000008004ee8
 .igot.plt      0x0000000020000014        0x0 /home/kjuszcza/zephyr-sdk-0.13.2/arm-zephyr-eabi/bin/../lib/gcc/arm-zephyr-eabi/10.3.0/thumb/v7-m/nofp/crtbegin.o
                0x0000000020000014                . = ALIGN (0x4)

.bss            0x0000000020000014    0x12edc load address 0x0000000008004ee8
                0x0000000020000014                _sbss = .
                0x0000000020000014                __bss_start__ = _sbss
 *(.bss)
 .bss           0x0000000020000014       0x1c /home/kjuszcza/zephyr-sdk-0.13.2/arm-zephyr-eabi/bin/../lib/gcc/arm-zephyr-eabi/10.3.0/thumb/v7-m/nofp/crtbegin.o
 *(.bss*)
 .bss.huart3    0x0000000020000030       0x44 CMakeFiles/main.elf.dir/home/kjuszcza/magisterka/board_config/src/board_config.c.obj
                0x0000000020000030                huart3
 .bss.hdma_usart3_rx
                0x0000000020000074       0x60 CMakeFiles/main.elf.dir/home/kjuszcza/magisterka/board_config/src/board_config.c.obj
                0x0000000020000074                hdma_usart3_rx
 .bss.hdma_usart3_tx
                0x00000000200000d4       0x60 CMakeFiles/main.elf.dir/home/kjuszcza/magisterka/board_config/src/board_config.c.obj
                0x00000000200000d4                hdma_usart3_tx
 .bss.GPIO_InitStruct
                0x0000000020000134       0x14 CMakeFiles/main.elf.dir/home/kjuszcza/magisterka/board_config/src/board_config.c.obj
 .bss.ucMaxSysCallPriority
                0x0000000020000148        0x1 librtos.a(port.c.obj)
 *fill*         0x0000000020000149        0x3 
 .bss.ulMaxPRIGROUPValue
                0x000000002000014c        0x4 librtos.a(port.c.obj)
 .bss.pxCurrentTCB
                0x0000000020000150        0x4 librtos.a(tasks.c.obj)
                0x0000000020000150                pxCurrentTCB
 .bss.pxReadyTasksLists
                0x0000000020000154       0x64 librtos.a(tasks.c.obj)
 .bss.xDelayedTaskList1
                0x00000000200001b8       0x14 librtos.a(tasks.c.obj)
 .bss.xDelayedTaskList2
                0x00000000200001cc       0x14 librtos.a(tasks.c.obj)
 .bss.pxDelayedTaskList
                0x00000000200001e0        0x4 librtos.a(tasks.c.obj)
 .bss.pxOverflowDelayedTaskList
                0x00000000200001e4        0x4 librtos.a(tasks.c.obj)
 .bss.xPendingReadyList
                0x00000000200001e8       0x14 librtos.a(tasks.c.obj)
 .bss.xTasksWaitingTermination
                0x00000000200001fc       0x14 librtos.a(tasks.c.obj)
 .bss.uxDeletedTasksWaitingCleanUp
                0x0000000020000210        0x4 librtos.a(tasks.c.obj)
 .bss.xSuspendedTaskList
                0x0000000020000214       0x14 librtos.a(tasks.c.obj)
 .bss.uxCurrentNumberOfTasks
                0x0000000020000228        0x4 librtos.a(tasks.c.obj)
 .bss.xTickCount
                0x000000002000022c        0x4 librtos.a(tasks.c.obj)
 .bss.uxTopReadyPriority
                0x0000000020000230        0x4 librtos.a(tasks.c.obj)
 .bss.xSchedulerRunning
                0x0000000020000234        0x4 librtos.a(tasks.c.obj)
 .bss.xPendedTicks
                0x0000000020000238        0x4 librtos.a(tasks.c.obj)
 .bss.xYieldPending
                0x000000002000023c        0x4 librtos.a(tasks.c.obj)
 .bss.xNumOfOverflows
                0x0000000020000240        0x4 librtos.a(tasks.c.obj)
 .bss.uxTaskNumber
                0x0000000020000244        0x4 librtos.a(tasks.c.obj)
 .bss.xNextTaskUnblockTime
                0x0000000020000248        0x4 librtos.a(tasks.c.obj)
 .bss.xIdleTaskHandle
                0x000000002000024c        0x4 librtos.a(tasks.c.obj)
 .bss.uxSchedulerSuspended
                0x0000000020000250        0x4 librtos.a(tasks.c.obj)
 .bss.xActiveTimerList1
                0x0000000020000254       0x14 librtos.a(timers.c.obj)
 .bss.xActiveTimerList2
                0x0000000020000268       0x14 librtos.a(timers.c.obj)
 .bss.pxCurrentTimerList
                0x000000002000027c        0x4 librtos.a(timers.c.obj)
 .bss.pxOverflowTimerList
                0x0000000020000280        0x4 librtos.a(timers.c.obj)
 .bss.xTimerQueue
                0x0000000020000284        0x4 librtos.a(timers.c.obj)
 .bss.xTimerTaskHandle
                0x0000000020000288        0x4 librtos.a(timers.c.obj)
 .bss.xLastTime.0
                0x000000002000028c        0x4 librtos.a(timers.c.obj)
 .bss.ucHeap    0x0000000020000290    0x12c00 librtos.a(heap_4.c.obj)
 .bss.xStart    0x0000000020012e90        0x8 librtos.a(heap_4.c.obj)
 .bss.pxEnd     0x0000000020012e98        0x4 librtos.a(heap_4.c.obj)
 .bss.xFreeBytesRemaining
                0x0000000020012e9c        0x4 librtos.a(heap_4.c.obj)
 .bss.xMinimumEverFreeBytesRemaining
                0x0000000020012ea0        0x4 librtos.a(heap_4.c.obj)
 .bss.xNumberOfSuccessfulAllocations
                0x0000000020012ea4        0x4 librtos.a(heap_4.c.obj)
 .bss.xNumberOfSuccessfulFrees
                0x0000000020012ea8        0x4 librtos.a(heap_4.c.obj)
 .bss.xQueueRegistry
                0x0000000020012eac       0x40 librtos.a(queue.c.obj)
                0x0000000020012eac                xQueueRegistry
 .bss.uwTick    0x0000000020012eec        0x4 libhal.a(stm32f2xx_hal.c.obj)
                0x0000000020012eec                uwTick
 *(COMMON)
                0x0000000020012ef0                . = ALIGN (0x4)
                0x0000000020012ef0                _ebss = .
                0x0000000020012ef0                __bss_end__ = _ebss

._user_heap_stack
                0x0000000020012ef0      0x8b0 load address 0x0000000008004ee8
                0x0000000020012ef0                . = ALIGN (0x8)
                [!provide]                        PROVIDE (end = .)
                [!provide]                        PROVIDE (_end = .)
                0x00000000200133a0                . = (. + _Min_Heap_Size)
 *fill*         0x0000000020012ef0      0x4b0 
                0x00000000200137a0                . = (. + _Min_Stack_Size)
 *fill*         0x00000000200133a0      0x400 
                0x00000000200137a0                . = ALIGN (0x8)

/DISCARD/
 libc.a(*)
 libm.a(*)
 libgcc.a(*)

.ARM.attributes
                0x0000000000000000       0x2d
 *(.ARM.attributes)
 .ARM.attributes
                0x0000000000000000       0x1d /home/kjuszcza/zephyr-sdk-0.13.2/arm-zephyr-eabi/bin/../lib/gcc/arm-zephyr-eabi/10.3.0/thumb/v7-m/nofp/crti.o
 .ARM.attributes
                0x000000000000001d       0x2d /home/kjuszcza/zephyr-sdk-0.13.2/arm-zephyr-eabi/bin/../lib/gcc/arm-zephyr-eabi/10.3.0/thumb/v7-m/nofp/crtbegin.o
 .ARM.attributes
                0x000000000000004a       0x2d CMakeFiles/main.elf.dir/home/kjuszcza/magisterka/board_config/src/board_config.c.obj
 .ARM.attributes
                0x0000000000000077       0x2d CMakeFiles/main.elf.dir/home/kjuszcza/magisterka/board_config/src/hal_it.c.obj
 .ARM.attributes
                0x00000000000000a4       0x2d CMakeFiles/main.elf.dir/home/kjuszcza/magisterka/board_config/src/hal_msp.c.obj
 .ARM.attributes
                0x00000000000000d1       0x2d CMakeFiles/main.elf.dir/src/main.c.obj
 .ARM.attributes
                0x00000000000000fe       0x2d CMakeFiles/main.elf.dir/src/stm32f2xx_it.c.obj
 .ARM.attributes
                0x000000000000012b       0x25 CMakeFiles/main.elf.dir/components/CMSIS/Device/ST/STM32F2xx/Source/Templates/gcc/startup_stm32f207xx.s.obj
 .ARM.attributes
                0x0000000000000150       0x2d CMakeFiles/main.elf.dir/components/CMSIS/Device/ST/STM32F2xx/Source/Templates/system_stm32f2xx.c.obj
 .ARM.attributes
                0x000000000000017d       0x2d librtos.a(port.c.obj)
 .ARM.attributes
                0x00000000000001aa       0x2d librtos.a(tasks.c.obj)
 .ARM.attributes
                0x00000000000001d7       0x2d librtos.a(timers.c.obj)
 .ARM.attributes
                0x0000000000000204       0x2d librtos.a(list.c.obj)
 .ARM.attributes
                0x0000000000000231       0x2d librtos.a(heap_4.c.obj)
 .ARM.attributes
                0x000000000000025e       0x2d librtos.a(queue.c.obj)
 .ARM.attributes
                0x000000000000028b       0x2d libhal.a(stm32f2xx_hal.c.obj)
 .ARM.attributes
                0x00000000000002b8       0x2d libhal.a(stm32f2xx_hal_cortex.c.obj)
 .ARM.attributes
                0x00000000000002e5       0x2d libhal.a(stm32f2xx_hal_dma.c.obj)
 .ARM.attributes
                0x0000000000000312       0x2d libhal.a(stm32f2xx_hal_gpio.c.obj)
 .ARM.attributes
                0x000000000000033f       0x2d libhal.a(stm32f2xx_hal_rcc.c.obj)
 .ARM.attributes
                0x000000000000036c       0x2d libhal.a(stm32f2xx_hal_uart.c.obj)
 .ARM.attributes
                0x0000000000000399       0x1d /home/kjuszcza/zephyr-sdk-0.13.2/arm-zephyr-eabi/bin/../lib/gcc/arm-zephyr-eabi/10.3.0/thumb/v7-m/nofp/libgcc.a(_aeabi_uldivmod.o)
 .ARM.attributes
                0x00000000000003b6       0x2d /home/kjuszcza/zephyr-sdk-0.13.2/arm-zephyr-eabi/bin/../lib/gcc/arm-zephyr-eabi/10.3.0/thumb/v7-m/nofp/libgcc.a(_udivmoddi4.o)
 .ARM.attributes
                0x00000000000003e3       0x1d /home/kjuszcza/zephyr-sdk-0.13.2/arm-zephyr-eabi/bin/../lib/gcc/arm-zephyr-eabi/10.3.0/thumb/v7-m/nofp/libgcc.a(_dvmd_tls.o)
 .ARM.attributes
                0x0000000000000400       0x2d /home/kjuszcza/zephyr-sdk-0.13.2/arm-zephyr-eabi/bin/../lib/gcc/arm-zephyr-eabi/10.3.0/../../../../arm-zephyr-eabi/lib/thumb/v7-m/nofp/libc.a(lib_a-init.o)
 .ARM.attributes
                0x000000000000042d       0x1b /home/kjuszcza/zephyr-sdk-0.13.2/arm-zephyr-eabi/bin/../lib/gcc/arm-zephyr-eabi/10.3.0/../../../../arm-zephyr-eabi/lib/thumb/v7-m/nofp/libc.a(lib_a-memcpy.o)
 .ARM.attributes
                0x0000000000000448       0x2d /home/kjuszcza/zephyr-sdk-0.13.2/arm-zephyr-eabi/bin/../lib/gcc/arm-zephyr-eabi/10.3.0/../../../../arm-zephyr-eabi/lib/thumb/v7-m/nofp/libc.a(lib_a-memset.o)
 .ARM.attributes
                0x0000000000000475       0x2d /home/kjuszcza/zephyr-sdk-0.13.2/arm-zephyr-eabi/bin/../lib/gcc/arm-zephyr-eabi/10.3.0/../../../../arm-zephyr-eabi/lib/thumb/v7-m/nofp/libc.a(lib_a-strlen-stub.o)
 .ARM.attributes
                0x00000000000004a2       0x1d /home/kjuszcza/zephyr-sdk-0.13.2/arm-zephyr-eabi/bin/../lib/gcc/arm-zephyr-eabi/10.3.0/thumb/v7-m/nofp/crtn.o
OUTPUT(main.elf elf32-littlearm)
LOAD linker stubs
LOAD /home/kjuszcza/zephyr-sdk-0.13.2/arm-zephyr-eabi/bin/../lib/gcc/arm-zephyr-eabi/10.3.0/../../../../arm-zephyr-eabi/lib/thumb/v7-m/nofp/libc.a
LOAD /home/kjuszcza/zephyr-sdk-0.13.2/arm-zephyr-eabi/bin/../lib/gcc/arm-zephyr-eabi/10.3.0/../../../../arm-zephyr-eabi/lib/thumb/v7-m/nofp/libm.a
LOAD /home/kjuszcza/zephyr-sdk-0.13.2/arm-zephyr-eabi/bin/../lib/gcc/arm-zephyr-eabi/10.3.0/thumb/v7-m/nofp/libgcc.a

.comment        0x0000000000000000       0x2e
 .comment       0x0000000000000000       0x2e CMakeFiles/main.elf.dir/home/kjuszcza/magisterka/board_config/src/board_config.c.obj
                                         0x2f (size before relaxing)
 .comment       0x000000000000002e       0x2f CMakeFiles/main.elf.dir/home/kjuszcza/magisterka/board_config/src/hal_it.c.obj
 .comment       0x000000000000002e       0x2f CMakeFiles/main.elf.dir/home/kjuszcza/magisterka/board_config/src/hal_msp.c.obj
 .comment       0x000000000000002e       0x2f CMakeFiles/main.elf.dir/src/main.c.obj
 .comment       0x000000000000002e       0x2f CMakeFiles/main.elf.dir/src/stm32f2xx_it.c.obj
 .comment       0x000000000000002e       0x2f CMakeFiles/main.elf.dir/components/CMSIS/Device/ST/STM32F2xx/Source/Templates/system_stm32f2xx.c.obj
 .comment       0x000000000000002e       0x2f librtos.a(port.c.obj)
 .comment       0x000000000000002e       0x2f librtos.a(tasks.c.obj)
 .comment       0x000000000000002e       0x2f librtos.a(timers.c.obj)
 .comment       0x000000000000002e       0x2f librtos.a(list.c.obj)
 .comment       0x000000000000002e       0x2f librtos.a(heap_4.c.obj)
 .comment       0x000000000000002e       0x2f librtos.a(queue.c.obj)
 .comment       0x000000000000002e       0x2f libhal.a(stm32f2xx_hal.c.obj)
 .comment       0x000000000000002e       0x2f libhal.a(stm32f2xx_hal_cortex.c.obj)
 .comment       0x000000000000002e       0x2f libhal.a(stm32f2xx_hal_dma.c.obj)
 .comment       0x000000000000002e       0x2f libhal.a(stm32f2xx_hal_gpio.c.obj)
 .comment       0x000000000000002e       0x2f libhal.a(stm32f2xx_hal_rcc.c.obj)
 .comment       0x000000000000002e       0x2f libhal.a(stm32f2xx_hal_uart.c.obj)

.debug_frame    0x0000000000000000       0x64
 .debug_frame   0x0000000000000000       0x2c /home/kjuszcza/zephyr-sdk-0.13.2/arm-zephyr-eabi/bin/../lib/gcc/arm-zephyr-eabi/10.3.0/thumb/v7-m/nofp/libgcc.a(_aeabi_uldivmod.o)
 .debug_frame   0x000000000000002c       0x38 /home/kjuszcza/zephyr-sdk-0.13.2/arm-zephyr-eabi/bin/../lib/gcc/arm-zephyr-eabi/10.3.0/thumb/v7-m/nofp/libgcc.a(_udivmoddi4.o)
